#
# There is insufficient memory for the Java Runtime Environment to continue.
# Native memory allocation (malloc) failed to allocate 650416 bytes. Error detail: Chunk::new
# Possible reasons:
#   The system is out of physical RAM or swap space
#   This process is running with CompressedOops enabled, and the Java Heap may be blocking the growth of the native heap
# Possible solutions:
#   Reduce memory load on the system
#   Increase physical memory or swap space
#   Check if swap backing store is full
#   Decrease Java heap size (-Xmx/-Xms)
#   Decrease number of Java threads
#   Decrease Java thread stack sizes (-Xss)
#   Set larger code cache with -XX:ReservedCodeCacheSize=
#   JVM is running with Unscaled Compressed Oops mode in which the Java heap is
#     placed in the first 4GB address space. The Java Heap base address is the
#     maximum limit for the native heap growth. Please use -XX:HeapBaseMinAddress
#     to set the Java Heap base and to place the Java Heap above 4GB virtual address.
# This output file may be truncated or incomplete.
#
#  Out of Memory Error (arena.cpp:168), pid=34368, tid=20228
#
# JRE version: OpenJDK Runtime Environment Temurin-21.0.10+7 (21.0.10+7) (build 21.0.10+7-LTS)
# Java VM: OpenJDK 64-Bit Server VM Temurin-21.0.10+7 (21.0.10+7-LTS, mixed mode, sharing, tiered, compressed oops, compressed class ptrs, parallel gc, windows-amd64)
# No core dump will be written. Minidumps are not enabled by default on client versions of Windows
#

---------------  S U M M A R Y ------------

Command Line: --add-modules=ALL-SYSTEM --add-opens=java.base/java.util=ALL-UNNAMED --add-opens=java.base/java.lang=ALL-UNNAMED --add-opens=java.base/sun.nio.fs=ALL-UNNAMED -Declipse.application=org.eclipse.jdt.ls.core.id1 -Dosgi.bundles.defaultStartLevel=4 -Declipse.product=org.eclipse.jdt.ls.core.product -Djava.import.generatesMetadataFilesAtProjectRoot=false -DDetectVMInstallationsJob.disabled=true -Dfile.encoding=utf8 -XX:+UseParallelGC -XX:GCTimeRatio=4 -XX:AdaptiveSizePolicyWeight=90 -Dsun.zip.disableMemoryMapping=true -Xmx2G -Xms100m -Xlog:disable -javaagent:c:\Users\Lenovo\.antigravity\extensions\redhat.java-1.54.0-win32-x64\lombok\lombok-1.18.39-4050.jar -XX:+HeapDumpOnOutOfMemoryError -XX:HeapDumpPath=c:\Users\Lenovo\AppData\Roaming\Antigravity\User\workspaceStorage\9a1e82f97720862a29f2ec23e4934ce5\redhat.java -Daether.dependencyCollector.impl=bf c:\Users\Lenovo\.antigravity\extensions\redhat.java-1.54.0-win32-x64\server\plugins\org.eclipse.equinox.launcher_1.7.100.v20251111-0406.jar -configuration c:\Users\Lenovo\AppData\Roaming\Antigravity\User\globalStorage\redhat.java\1.54.0\config_win -data c:\Users\Lenovo\AppData\Roaming\Antigravity\User\workspaceStorage\9a1e82f97720862a29f2ec23e4934ce5\redhat.java\jdt_ws --pipe=\\.\pipe\lsp-2081ce000099698d48ccf7697bb425b2-sock

Host: AMD Ryzen 5 5500U with Radeon Graphics         , 12 cores, 14G,  Windows 11 , 64 bit Build 26100 (10.0.26100.8328)
Time: Thu Jun 11 13:42:44 2026 SE Asia Standard Time elapsed time: 15.872426 seconds (0d 0h 0m 15s)

---------------  T H R E A D  ---------------

Current thread (0x000001d127b1f2e0):  JavaThread "C2 CompilerThread0" daemon [_thread_in_native, id=20228, stack(0x000000bac0900000,0x000000bac0a00000) (1024K)]


Current CompileTask:
C2:15872 3796       4       org.lombokweb.asm.ClassReader::readMethod (1070 bytes)

Stack: [0x000000bac0900000,0x000000bac0a00000]
Native frames: (J=compiled Java code, j=interpreted, Vv=VM code, C=native code)
V  [jvm.dll+0x6d7a39]
V  [jvm.dll+0x8b4b26]
V  [jvm.dll+0x8b70de]
V  [jvm.dll+0x8b77c3]
V  [jvm.dll+0x284346]
V  [jvm.dll+0xc66ed]
V  [jvm.dll+0xc6c31]
V  [jvm.dll+0x2fb29e]
V  [jvm.dll+0x5fe884]
V  [jvm.dll+0x255b17]
V  [jvm.dll+0x255edd]
V  [jvm.dll+0x24e500]
V  [jvm.dll+0x24ba42]
V  [jvm.dll+0x1cb34e]
V  [jvm.dll+0x25b85d]
V  [jvm.dll+0x259dea]
V  [jvm.dll+0x3f857e]
V  [jvm.dll+0x85f59d]
V  [jvm.dll+0x6d626d]
C  [ucrtbase.dll+0x37b0]
C  [KERNEL32.DLL+0x2e957]
C  [ntdll.dll+0x427c]


---------------  P R O C E S S  ---------------

Threads class SMR info:
_java_thread_list=0x000001d18799e940, length=23, elements={
0x000001d127a6e570, 0x000001d127b17370, 0x000001d127a1d850, 0x000001d127b19ee0,
0x000001d127b1afd0, 0x000001d127b1ba30, 0x000001d127b1c490, 0x000001d127b1f2e0,
0x000001d127b2e380, 0x000001d180a131c0, 0x000001d180ac8360, 0x000001d181cc7e20,
0x000001d181e6b710, 0x000001d181b97750, 0x000001d181b9fec0, 0x000001d186611960,
0x000001d180a390e0, 0x000001d18678dd60, 0x000001d181ef3e50, 0x000001d181ef2aa0,
0x000001d181ef3130, 0x000001d1879c0de0, 0x000001d181ef5200
}

Java Threads: ( => current thread )
  0x000001d127a6e570 JavaThread "main"                              [_thread_blocked, id=31756, stack(0x000000babff00000,0x000000bac0000000) (1024K)]
  0x000001d127b17370 JavaThread "Reference Handler"          daemon [_thread_blocked, id=35556, stack(0x000000bac0300000,0x000000bac0400000) (1024K)]
  0x000001d127a1d850 JavaThread "Finalizer"                  daemon [_thread_blocked, id=46656, stack(0x000000bac0400000,0x000000bac0500000) (1024K)]
  0x000001d127b19ee0 JavaThread "Signal Dispatcher"          daemon [_thread_blocked, id=25084, stack(0x000000bac0500000,0x000000bac0600000) (1024K)]
  0x000001d127b1afd0 JavaThread "Attach Listener"            daemon [_thread_blocked, id=42728, stack(0x000000bac0600000,0x000000bac0700000) (1024K)]
  0x000001d127b1ba30 JavaThread "Service Thread"             daemon [_thread_blocked, id=33828, stack(0x000000bac0700000,0x000000bac0800000) (1024K)]
  0x000001d127b1c490 JavaThread "Monitor Deflation Thread"   daemon [_thread_blocked, id=50172, stack(0x000000bac0800000,0x000000bac0900000) (1024K)]
=>0x000001d127b1f2e0 JavaThread "C2 CompilerThread0"         daemon [_thread_in_native, id=20228, stack(0x000000bac0900000,0x000000bac0a00000) (1024K)]
  0x000001d127b2e380 JavaThread "C1 CompilerThread0"         daemon [_thread_blocked, id=34756, stack(0x000000bac0a00000,0x000000bac0b00000) (1024K)]
  0x000001d180a131c0 JavaThread "Common-Cleaner"             daemon [_thread_blocked, id=15620, stack(0x000000bac0c00000,0x000000bac0d00000) (1024K)]
  0x000001d180ac8360 JavaThread "Notification Thread"        daemon [_thread_blocked, id=38256, stack(0x000000bac0b00000,0x000000bac0c00000) (1024K)]
  0x000001d181cc7e20 JavaThread "Active Thread: Equinox Container: 805fae92-7d0c-452d-89d0-5ab7e00c20bc"        [_thread_blocked, id=28656, stack(0x000000bac0e00000,0x000000bac0f00000) (1024K)]
  0x000001d181e6b710 JavaThread "Refresh Thread: Equinox Container: 805fae92-7d0c-452d-89d0-5ab7e00c20bc" daemon [_thread_blocked, id=15328, stack(0x000000bac1500000,0x000000bac1600000) (1024K)]
  0x000001d181b97750 JavaThread "Framework Event Dispatcher: Equinox Container: 805fae92-7d0c-452d-89d0-5ab7e00c20bc" daemon [_thread_blocked, id=28432, stack(0x000000bac1600000,0x000000bac1700000) (1024K)]
  0x000001d181b9fec0 JavaThread "Start Level: Equinox Container: 805fae92-7d0c-452d-89d0-5ab7e00c20bc" daemon [_thread_in_native, id=15400, stack(0x000000bac1700000,0x000000bac1800000) (1024K)]
  0x000001d186611960 JavaThread "Bundle File Closer"         daemon [_thread_blocked, id=22296, stack(0x000000bac1b00000,0x000000bac1c00000) (1024K)]
  0x000001d180a390e0 JavaThread "SCR Component Actor"        daemon [_thread_blocked, id=21476, stack(0x000000bac1800000,0x000000bac1900000) (1024K)]
  0x000001d18678dd60 JavaThread "Worker-JM"                         [_thread_blocked, id=33664, stack(0x000000bac1c00000,0x000000bac1d00000) (1024K)]
  0x000001d181ef3e50 JavaThread "Worker-0"                          [_thread_blocked, id=40244, stack(0x000000bac1d00000,0x000000bac1e00000) (1024K)]
  0x000001d181ef2aa0 JavaThread "Worker-1: Repository registry initialization"        [_thread_blocked, id=44332, stack(0x000000bac1e00000,0x000000bac1f00000) (1024K)]
  0x000001d181ef3130 JavaThread "Worker-2: Updating Maven Dependencies"        [_thread_in_native, id=48384, stack(0x000000bac1f00000,0x000000bac2000000) (1024K)]
  0x000001d1879c0de0 JavaThread "C2 CompilerThread1"         daemon [_thread_in_native, id=31428, stack(0x000000bac2000000,0x000000bac2100000) (1024K)]
  0x000001d181ef5200 JavaThread "Worker-3"                          [_thread_blocked, id=35372, stack(0x000000bac2100000,0x000000bac2200000) (1024K)]
Total: 23

Other Threads:
  0x000001d127a04520 VMThread "VM Thread"                           [id=9796, stack(0x000000bac0200000,0x000000bac0300000) (1024K)]
  0x000001d1278fba00 WatcherThread "VM Periodic Task Thread"        [id=33340, stack(0x000000bac0100000,0x000000bac0200000) (1024K)]
  0x000001d127a8bea0 WorkerThread "GC Thread#0"                     [id=36000, stack(0x000000bac0000000,0x000000bac0100000) (1024K)]
  0x000001d181b08d10 WorkerThread "GC Thread#1"                     [id=25732, stack(0x000000bac0f00000,0x000000bac1000000) (1024K)]
  0x000001d181b09470 WorkerThread "GC Thread#2"                     [id=47616, stack(0x000000bac1000000,0x000000bac1100000) (1024K)]
  0x000001d181b07e50 WorkerThread "GC Thread#3"                     [id=17436, stack(0x000000bac1100000,0x000000bac1200000) (1024K)]
  0x000001d181b08200 WorkerThread "GC Thread#4"                     [id=39548, stack(0x000000bac1200000,0x000000bac1300000) (1024K)]
  0x000001d181b085b0 WorkerThread "GC Thread#5"                     [id=37320, stack(0x000000bac1300000,0x000000bac1400000) (1024K)]
  0x000001d181b090c0 WorkerThread "GC Thread#6"                     [id=5952, stack(0x000000bac1400000,0x000000bac1500000) (1024K)]
  0x000001d181b09820 WorkerThread "GC Thread#7"                     [id=26520, stack(0x000000bac0d00000,0x000000bac0e00000) (1024K)]
  0x000001d1864b9f80 WorkerThread "GC Thread#8"                     [id=22200, stack(0x000000bac1900000,0x000000bac1a00000) (1024K)]
  0x000001d1864b6f90 WorkerThread "GC Thread#9"                     [id=31100, stack(0x000000bac1a00000,0x000000bac1b00000) (1024K)]
Total: 12

Threads with active compile tasks:
C2 CompilerThread0  15937 3796       4       org.lombokweb.asm.ClassReader::readMethod (1070 bytes)
C2 CompilerThread1  15937 3897   !   4       org.eclipse.osgi.internal.loader.classpath.ClasspathManager::findClassImpl (328 bytes)
Total: 2

VM state: not at safepoint (normal execution)

VM Mutex/Monitor currently owned by a thread: None

Heap address: 0x0000000080000000, size: 2048 MB, Compressed Oops mode: 32-bit

CDS archive(s) mapped at: [0x000001d13f000000-0x000001d13fba0000-0x000001d13fba0000), size 12189696, SharedBaseAddress: 0x000001d13f000000, ArchiveRelocationMode: 1.
Compressed class space mapped at: 0x000001d140000000-0x000001d180000000, reserved size: 1073741824
Narrow klass base: 0x000001d13f000000, Narrow klass shift: 0, Narrow klass range: 0x100000000

GC Precious Log:
 CardTable entry size: 512
 CPUs: 12 total, 12 available
 Memory: 15178M
 Large Page Support: Disabled
 NUMA Support: Disabled
 Compressed Oops: Enabled (32-bit)
 Alignments: Space 512K, Generation 512K, Heap 2M
 Heap Min Capacity: 100M
 Heap Initial Capacity: 100M
 Heap Max Capacity: 2G
 Pre-touch: Disabled
 Parallel Workers: 10

Heap:
 PSYoungGen      total 25088K, used 5025K [0x00000000d5580000, 0x00000000d7580000, 0x0000000100000000)
  eden space 23040K, 13% used [0x00000000d5580000,0x00000000d5886930,0x00000000d6c00000)
  from space 2048K, 94% used [0x00000000d7380000,0x00000000d7561cb0,0x00000000d7580000)
  to   space 2560K, 0% used [0x00000000d7080000,0x00000000d7080000,0x00000000d7300000)
 ParOldGen       total 68608K, used 14444K [0x0000000080000000, 0x0000000084300000, 0x00000000d5580000)
  object space 68608K, 21% used [0x0000000080000000,0x0000000080e1b178,0x0000000084300000)
 Metaspace       used 26168K, committed 27072K, reserved 1114112K
  class space    used 2596K, committed 2944K, reserved 1048576K

Card table byte_map: [0x000001d127410000,0x000001d127820000] _byte_map_base: 0x000001d127010000

Marking Bits: (ParMarkBitMap*) 0x00007ffc08ef3450
 Begin Bits: [0x000001d139f20000, 0x000001d13bf20000)
 End Bits:   [0x000001d13bf20000, 0x000001d13df20000)

Polling page: 0x000001d125610000

Metaspace:

Usage:
  Non-class:     23.02 MB used.
      Class:      2.54 MB used.
       Both:     25.56 MB used.

Virtual space:
  Non-class space:       64.00 MB reserved,      23.56 MB ( 37%) committed,  1 nodes.
      Class space:        1.00 GB reserved,       2.88 MB ( <1%) committed,  1 nodes.
             Both:        1.06 GB reserved,      26.44 MB (  2%) committed. 

Chunk freelists:
   Non-Class:  8.48 MB
       Class:  13.08 MB
        Both:  21.56 MB

MaxMetaspaceSize: unlimited
CompressedClassSpaceSize: 1.00 GB
Initial GC threshold: 21.00 MB
Current GC threshold: 35.00 MB
CDS: on
 - commit_granule_bytes: 65536.
 - commit_granule_words: 8192.
 - virtual_space_node_default_size: 8388608.
 - enlarge_chunks_in_place: 1.
 - use_allocation_guard: 0.


Internal statistics:

num_allocs_failed_limit: 3.
num_arena_births: 664.
num_arena_deaths: 14.
num_vsnodes_births: 2.
num_vsnodes_deaths: 0.
num_space_committed: 423.
num_space_uncommitted: 0.
num_chunks_returned_to_freelist: 17.
num_chunks_taken_from_freelist: 1725.
num_chunk_merges: 6.
num_chunk_splits: 1111.
num_chunks_enlarged: 715.
num_inconsistent_stats: 0.

CodeHeap 'non-profiled nmethods': size=120000Kb used=1754Kb max_used=1754Kb free=118246Kb
 bounds [0x000001d132740000, 0x000001d1329b0000, 0x000001d139c70000]
CodeHeap 'profiled nmethods': size=120000Kb used=8408Kb max_used=8408Kb free=111591Kb
 bounds [0x000001d12ac70000, 0x000001d12b4b0000, 0x000001d1321a0000]
CodeHeap 'non-nmethods': size=5760Kb used=1319Kb max_used=1335Kb free=4440Kb
 bounds [0x000001d1321a0000, 0x000001d132410000, 0x000001d132740000]
CodeCache: size=245760Kb, used=11481Kb, max_used=11497Kb, free=234277Kb
 total_blobs=4529, nmethods=3924, adapters=511, full_count=0
Compilation: enabled, stopped_count=0, restarted_count=0

Compilation events (20 events):
Event: 15.779 Thread 0x000001d127b2e380 nmethod 3914 0x000001d12b49ba10 code [0x000001d12b49be20, 0x000001d12b49da40]
Event: 15.779 Thread 0x000001d127b2e380 3915       3       org.lombokweb.asm.ClassReader::readLong (29 bytes)
Event: 15.780 Thread 0x000001d127b2e380 nmethod 3915 0x000001d12b49e410 code [0x000001d12b49e5c0, 0x000001d12b49e788]
Event: 15.780 Thread 0x000001d127b2e380 3916       1       lombok.patcher.scripts.ReplaceMethodCallScript::access$0 (5 bytes)
Event: 15.780 Thread 0x000001d127b2e380 nmethod 3916 0x000001d1328f6510 code [0x000001d1328f66a0, 0x000001d1328f6750]
Event: 15.780 Thread 0x000001d127b2e380 3918       3       org.lombokweb.asm.MethodWriter::visitLocalVariable (222 bytes)
Event: 15.787 Thread 0x000001d127b2e380 nmethod 3918 0x000001d12b49e890 code [0x000001d12b49ebe0, 0x000001d12b49fc60]
Event: 15.787 Thread 0x000001d127b2e380 3919       3       java.util.regex.Matcher::checkGroup (41 bytes)
Event: 15.788 Thread 0x000001d127b2e380 nmethod 3919 0x000001d12b4a0510 code [0x000001d12b4a0740, 0x000001d12b4a0dc8]
Event: 15.788 Thread 0x000001d127b2e380 3920       3       java.util.regex.Matcher::groupCount (10 bytes)
Event: 15.789 Thread 0x000001d127b2e380 nmethod 3920 0x000001d12b4a1090 code [0x000001d12b4a1220, 0x000001d12b4a1338]
Event: 15.789 Thread 0x000001d127b2e380 3921       3       lombok.patcher.Hook::getClassSpec (8 bytes)
Event: 15.789 Thread 0x000001d127b2e380 nmethod 3921 0x000001d12b4a1410 code [0x000001d12b4a15c0, 0x000001d12b4a16f8]
Event: 15.789 Thread 0x000001d127b2e380 3922       3       lombok.patcher.scripts.ReplaceMethodCallScript$ReplaceMethodCall::visitMethodInsn (250 bytes)
Event: 15.791 Thread 0x000001d127b2e380 nmethod 3922 0x000001d12b4a1790 code [0x000001d12b4a1b40, 0x000001d12b4a30d8]
Event: 15.791 Thread 0x000001d127b2e380 3924       3       java.util.regex.Matcher::<init> (95 bytes)
Event: 15.792 Thread 0x000001d127b2e380 nmethod 3924 0x000001d12b4a3a10 code [0x000001d12b4a3be0, 0x000001d12b4a4090]
Event: 15.792 Thread 0x000001d127b2e380 3923       3       org.lombokweb.asm.MethodVisitor::visitLocalVariable (24 bytes)
Event: 15.792 Thread 0x000001d127b2e380 nmethod 3923 0x000001d12b4a4210 code [0x000001d12b4a43c0, 0x000001d12b4a45d0]
Event: 15.795 Thread 0x000001d127b2e380 3925       3       org.lombokweb.asm.MethodWriter::endCurrentBasicBlockWithNoSuccessor (98 bytes)

GC Heap History (20 events):
Event: 4.019 GC heap before
{Heap before GC invocations=2 (full 0):
 PSYoungGen      total 29696K, used 28935K [0x00000000d5580000, 0x00000000d7680000, 0x0000000100000000)
  eden space 25600K, 100% used [0x00000000d5580000,0x00000000d6e80000,0x00000000d6e80000)
  from space 4096K, 81% used [0x00000000d6e80000,0x00000000d71c1e98,0x00000000d7280000)
  to   space 4096K, 0% used [0x00000000d7280000,0x00000000d7280000,0x00000000d7680000)
 ParOldGen       total 68608K, used 16K [0x0000000080000000, 0x0000000084300000, 0x00000000d5580000)
  object space 68608K, 0% used [0x0000000080000000,0x0000000080004000,0x0000000084300000)
 Metaspace       used 8011K, committed 8256K, reserved 1114112K
  class space    used 831K, committed 960K, reserved 1048576K
}
Event: 4.033 GC heap after
{Heap after GC invocations=2 (full 0):
 PSYoungGen      total 29696K, used 4070K [0x00000000d5580000, 0x00000000d7680000, 0x0000000100000000)
  eden space 25600K, 0% used [0x00000000d5580000,0x00000000d5580000,0x00000000d6e80000)
  from space 4096K, 99% used [0x00000000d7280000,0x00000000d7679800,0x00000000d7680000)
  to   space 4096K, 0% used [0x00000000d6e80000,0x00000000d6e80000,0x00000000d7280000)
 ParOldGen       total 68608K, used 2049K [0x0000000080000000, 0x0000000084300000, 0x00000000d5580000)
  object space 68608K, 2% used [0x0000000080000000,0x0000000080200648,0x0000000084300000)
 Metaspace       used 8011K, committed 8256K, reserved 1114112K
  class space    used 831K, committed 960K, reserved 1048576K
}
Event: 5.342 GC heap before
{Heap before GC invocations=3 (full 0):
 PSYoungGen      total 29696K, used 29670K [0x00000000d5580000, 0x00000000d7680000, 0x0000000100000000)
  eden space 25600K, 100% used [0x00000000d5580000,0x00000000d6e80000,0x00000000d6e80000)
  from space 4096K, 99% used [0x00000000d7280000,0x00000000d7679800,0x00000000d7680000)
  to   space 4096K, 0% used [0x00000000d6e80000,0x00000000d6e80000,0x00000000d7280000)
 ParOldGen       total 68608K, used 2049K [0x0000000080000000, 0x0000000084300000, 0x00000000d5580000)
  object space 68608K, 2% used [0x0000000080000000,0x0000000080200648,0x0000000084300000)
 Metaspace       used 9441K, committed 9728K, reserved 1114112K
  class space    used 1005K, committed 1152K, reserved 1048576K
}
Event: 5.352 GC heap after
{Heap after GC invocations=3 (full 0):
 PSYoungGen      total 29696K, used 4074K [0x00000000d5580000, 0x00000000d7680000, 0x0000000100000000)
  eden space 25600K, 0% used [0x00000000d5580000,0x00000000d5580000,0x00000000d6e80000)
  from space 4096K, 99% used [0x00000000d6e80000,0x00000000d727a958,0x00000000d7280000)
  to   space 4096K, 0% used [0x00000000d7280000,0x00000000d7280000,0x00000000d7680000)
 ParOldGen       total 68608K, used 4977K [0x0000000080000000, 0x0000000084300000, 0x00000000d5580000)
  object space 68608K, 7% used [0x0000000080000000,0x00000000804dc720,0x0000000084300000)
 Metaspace       used 9441K, committed 9728K, reserved 1114112K
  class space    used 1005K, committed 1152K, reserved 1048576K
}
Event: 8.761 GC heap before
{Heap before GC invocations=4 (full 0):
 PSYoungGen      total 29696K, used 29674K [0x00000000d5580000, 0x00000000d7680000, 0x0000000100000000)
  eden space 25600K, 100% used [0x00000000d5580000,0x00000000d6e80000,0x00000000d6e80000)
  from space 4096K, 99% used [0x00000000d6e80000,0x00000000d727a958,0x00000000d7280000)
  to   space 4096K, 0% used [0x00000000d7280000,0x00000000d7280000,0x00000000d7680000)
 ParOldGen       total 68608K, used 4977K [0x0000000080000000, 0x0000000084300000, 0x00000000d5580000)
  object space 68608K, 7% used [0x0000000080000000,0x00000000804dc720,0x0000000084300000)
 Metaspace       used 11636K, committed 12032K, reserved 1114112K
  class space    used 1228K, committed 1408K, reserved 1048576K
}
Event: 8.769 GC heap after
{Heap after GC invocations=4 (full 0):
 PSYoungGen      total 29696K, used 4095K [0x00000000d5580000, 0x00000000d7680000, 0x0000000100000000)
  eden space 25600K, 0% used [0x00000000d5580000,0x00000000d5580000,0x00000000d6e80000)
  from space 4096K, 99% used [0x00000000d7280000,0x00000000d767ff50,0x00000000d7680000)
  to   space 4096K, 0% used [0x00000000d6e80000,0x00000000d6e80000,0x00000000d7280000)
 ParOldGen       total 68608K, used 6765K [0x0000000080000000, 0x0000000084300000, 0x00000000d5580000)
  object space 68608K, 9% used [0x0000000080000000,0x000000008069b4d0,0x0000000084300000)
 Metaspace       used 11636K, committed 12032K, reserved 1114112K
  class space    used 1228K, committed 1408K, reserved 1048576K
}
Event: 12.598 GC heap before
{Heap before GC invocations=5 (full 0):
 PSYoungGen      total 29696K, used 29695K [0x00000000d5580000, 0x00000000d7680000, 0x0000000100000000)
  eden space 25600K, 100% used [0x00000000d5580000,0x00000000d6e80000,0x00000000d6e80000)
  from space 4096K, 99% used [0x00000000d7280000,0x00000000d767ff50,0x00000000d7680000)
  to   space 4096K, 0% used [0x00000000d6e80000,0x00000000d6e80000,0x00000000d7280000)
 ParOldGen       total 68608K, used 6765K [0x0000000080000000, 0x0000000084300000, 0x00000000d5580000)
  object space 68608K, 9% used [0x0000000080000000,0x000000008069b4d0,0x0000000084300000)
 Metaspace       used 15588K, committed 16192K, reserved 1114112K
  class space    used 1621K, committed 1920K, reserved 1048576K
}
Event: 12.606 GC heap after
{Heap after GC invocations=5 (full 0):
 PSYoungGen      total 29184K, used 4069K [0x00000000d5580000, 0x00000000d7900000, 0x0000000100000000)
  eden space 25088K, 0% used [0x00000000d5580000,0x00000000d5580000,0x00000000d6e00000)
  from space 4096K, 99% used [0x00000000d6e80000,0x00000000d7279630,0x00000000d7280000)
  to   space 5632K, 0% used [0x00000000d7380000,0x00000000d7380000,0x00000000d7900000)
 ParOldGen       total 68608K, used 7837K [0x0000000080000000, 0x0000000084300000, 0x00000000d5580000)
  object space 68608K, 11% used [0x0000000080000000,0x00000000807a77c0,0x0000000084300000)
 Metaspace       used 15588K, committed 16192K, reserved 1114112K
  class space    used 1621K, committed 1920K, reserved 1048576K
}
Event: 13.876 GC heap before
{Heap before GC invocations=6 (full 0):
 PSYoungGen      total 29184K, used 29157K [0x00000000d5580000, 0x00000000d7900000, 0x0000000100000000)
  eden space 25088K, 100% used [0x00000000d5580000,0x00000000d6e00000,0x00000000d6e00000)
  from space 4096K, 99% used [0x00000000d6e80000,0x00000000d7279630,0x00000000d7280000)
  to   space 5632K, 0% used [0x00000000d7380000,0x00000000d7380000,0x00000000d7900000)
 ParOldGen       total 68608K, used 7837K [0x0000000080000000, 0x0000000084300000, 0x00000000d5580000)
  object space 68608K, 11% used [0x0000000080000000,0x00000000807a77c0,0x0000000084300000)
 Metaspace       used 17911K, committed 18624K, reserved 1114112K
  class space    used 1880K, committed 2176K, reserved 1048576K
}
Event: 13.887 GC heap after
{Heap after GC invocations=6 (full 0):
 PSYoungGen      total 29696K, used 4676K [0x00000000d5580000, 0x00000000d7880000, 0x0000000100000000)
  eden space 24576K, 0% used [0x00000000d5580000,0x00000000d5580000,0x00000000d6d80000)
  from space 5120K, 91% used [0x00000000d7380000,0x00000000d78111a0,0x00000000d7880000)
  to   space 5120K, 0% used [0x00000000d6e80000,0x00000000d6e80000,0x00000000d7380000)
 ParOldGen       total 68608K, used 7845K [0x0000000080000000, 0x0000000084300000, 0x00000000d5580000)
  object space 68608K, 11% used [0x0000000080000000,0x00000000807a97c0,0x0000000084300000)
 Metaspace       used 17911K, committed 18624K, reserved 1114112K
  class space    used 1880K, committed 2176K, reserved 1048576K
}
Event: 14.658 GC heap before
{Heap before GC invocations=7 (full 0):
 PSYoungGen      total 29696K, used 29106K [0x00000000d5580000, 0x00000000d7880000, 0x0000000100000000)
  eden space 24576K, 99% used [0x00000000d5580000,0x00000000d6d5b710,0x00000000d6d80000)
  from space 5120K, 91% used [0x00000000d7380000,0x00000000d78111a0,0x00000000d7880000)
  to   space 5120K, 0% used [0x00000000d6e80000,0x00000000d6e80000,0x00000000d7380000)
 ParOldGen       total 68608K, used 7845K [0x0000000080000000, 0x0000000084300000, 0x00000000d5580000)
  object space 68608K, 11% used [0x0000000080000000,0x00000000807a97c0,0x0000000084300000)
 Metaspace       used 20281K, committed 21056K, reserved 1114112K
  class space    used 2099K, committed 2432K, reserved 1048576K
}
Event: 14.667 GC heap after
{Heap after GC invocations=7 (full 0):
 PSYoungGen      total 29184K, used 5114K [0x00000000d5580000, 0x00000000d7d00000, 0x0000000100000000)
  eden space 24064K, 0% used [0x00000000d5580000,0x00000000d5580000,0x00000000d6d00000)
  from space 5120K, 99% used [0x00000000d6e80000,0x00000000d737ea98,0x00000000d7380000)
  to   space 8192K, 0% used [0x00000000d7500000,0x00000000d7500000,0x00000000d7d00000)
 ParOldGen       total 68608K, used 10311K [0x0000000080000000, 0x0000000084300000, 0x00000000d5580000)
  object space 68608K, 15% used [0x0000000080000000,0x0000000080a11c08,0x0000000084300000)
 Metaspace       used 20281K, committed 21056K, reserved 1114112K
  class space    used 2099K, committed 2432K, reserved 1048576K
}
Event: 14.745 GC heap before
{Heap before GC invocations=8 (full 0):
 PSYoungGen      total 29184K, used 12174K [0x00000000d5580000, 0x00000000d7d00000, 0x0000000100000000)
  eden space 24064K, 29% used [0x00000000d5580000,0x00000000d5c64df0,0x00000000d6d00000)
  from space 5120K, 99% used [0x00000000d6e80000,0x00000000d737ea98,0x00000000d7380000)
  to   space 8192K, 0% used [0x00000000d7500000,0x00000000d7500000,0x00000000d7d00000)
 ParOldGen       total 68608K, used 10311K [0x0000000080000000, 0x0000000084300000, 0x00000000d5580000)
  object space 68608K, 15% used [0x0000000080000000,0x0000000080a11c08,0x0000000084300000)
 Metaspace       used 20747K, committed 21504K, reserved 1114112K
  class space    used 2133K, committed 2496K, reserved 1048576K
}
Event: 14.749 GC heap after
{Heap after GC invocations=8 (full 0):
 PSYoungGen      total 28160K, used 4015K [0x00000000d5580000, 0x00000000d7900000, 0x0000000100000000)
  eden space 24064K, 0% used [0x00000000d5580000,0x00000000d5580000,0x00000000d6d00000)
  from space 4096K, 98% used [0x00000000d7500000,0x00000000d78ebd58,0x00000000d7900000)
  to   space 5632K, 0% used [0x00000000d6e00000,0x00000000d6e00000,0x00000000d7380000)
 ParOldGen       total 68608K, used 11259K [0x0000000080000000, 0x0000000084300000, 0x00000000d5580000)
  object space 68608K, 16% used [0x0000000080000000,0x0000000080afef20,0x0000000084300000)
 Metaspace       used 20747K, committed 21504K, reserved 1114112K
  class space    used 2133K, committed 2496K, reserved 1048576K
}
Event: 14.749 GC heap before
{Heap before GC invocations=9 (full 1):
 PSYoungGen      total 28160K, used 4015K [0x00000000d5580000, 0x00000000d7900000, 0x0000000100000000)
  eden space 24064K, 0% used [0x00000000d5580000,0x00000000d5580000,0x00000000d6d00000)
  from space 4096K, 98% used [0x00000000d7500000,0x00000000d78ebd58,0x00000000d7900000)
  to   space 5632K, 0% used [0x00000000d6e00000,0x00000000d6e00000,0x00000000d7380000)
 ParOldGen       total 68608K, used 11259K [0x0000000080000000, 0x0000000084300000, 0x00000000d5580000)
  object space 68608K, 16% used [0x0000000080000000,0x0000000080afef20,0x0000000084300000)
 Metaspace       used 20747K, committed 21504K, reserved 1114112K
  class space    used 2133K, committed 2496K, reserved 1048576K
}
Event: 14.807 GC heap after
{Heap after GC invocations=9 (full 1):
 PSYoungGen      total 28160K, used 0K [0x00000000d5580000, 0x00000000d7900000, 0x0000000100000000)
  eden space 24064K, 0% used [0x00000000d5580000,0x00000000d5580000,0x00000000d6d00000)
  from space 4096K, 0% used [0x00000000d7500000,0x00000000d7500000,0x00000000d7900000)
  to   space 5632K, 0% used [0x00000000d6e00000,0x00000000d6e00000,0x00000000d7380000)
 ParOldGen       total 68608K, used 13647K [0x0000000080000000, 0x0000000084300000, 0x00000000d5580000)
  object space 68608K, 19% used [0x0000000080000000,0x0000000080d53c68,0x0000000084300000)
 Metaspace       used 20734K, committed 21504K, reserved 1114112K
  class space    used 2130K, committed 2496K, reserved 1048576K
}
Event: 15.344 GC heap before
{Heap before GC invocations=10 (full 1):
 PSYoungGen      total 28160K, used 23892K [0x00000000d5580000, 0x00000000d7900000, 0x0000000100000000)
  eden space 24064K, 99% used [0x00000000d5580000,0x00000000d6cd50b8,0x00000000d6d00000)
  from space 4096K, 0% used [0x00000000d7500000,0x00000000d7500000,0x00000000d7900000)
  to   space 5632K, 0% used [0x00000000d6e00000,0x00000000d6e00000,0x00000000d7380000)
 ParOldGen       total 68608K, used 13647K [0x0000000080000000, 0x0000000084300000, 0x00000000d5580000)
  object space 68608K, 19% used [0x0000000080000000,0x0000000080d53c68,0x0000000084300000)
 Metaspace       used 24474K, committed 25216K, reserved 1114112K
  class space    used 2402K, committed 2752K, reserved 1048576K
}
Event: 15.346 GC heap after
{Heap after GC invocations=10 (full 1):
 PSYoungGen      total 29184K, used 462K [0x00000000d5580000, 0x00000000d7580000, 0x0000000100000000)
  eden space 23552K, 0% used [0x00000000d5580000,0x00000000d5580000,0x00000000d6c80000)
  from space 5632K, 8% used [0x00000000d6e00000,0x00000000d6e73890,0x00000000d7380000)
  to   space 2048K, 0% used [0x00000000d7380000,0x00000000d7380000,0x00000000d7580000)
 ParOldGen       total 68608K, used 13655K [0x0000000080000000, 0x0000000084300000, 0x00000000d5580000)
  object space 68608K, 19% used [0x0000000080000000,0x0000000080d55c68,0x0000000084300000)
 Metaspace       used 24474K, committed 25216K, reserved 1114112K
  class space    used 2402K, committed 2752K, reserved 1048576K
}
Event: 15.780 GC heap before
{Heap before GC invocations=11 (full 1):
 PSYoungGen      total 29184K, used 24014K [0x00000000d5580000, 0x00000000d7580000, 0x0000000100000000)
  eden space 23552K, 100% used [0x00000000d5580000,0x00000000d6c80000,0x00000000d6c80000)
  from space 5632K, 8% used [0x00000000d6e00000,0x00000000d6e73890,0x00000000d7380000)
  to   space 2048K, 0% used [0x00000000d7380000,0x00000000d7380000,0x00000000d7580000)
 ParOldGen       total 68608K, used 13655K [0x0000000080000000, 0x0000000084300000, 0x00000000d5580000)
  object space 68608K, 19% used [0x0000000080000000,0x0000000080d55c68,0x0000000084300000)
 Metaspace       used 25924K, committed 26816K, reserved 1114112K
  class space    used 2568K, committed 2944K, reserved 1048576K
}
Event: 15.784 GC heap after
{Heap after GC invocations=11 (full 1):
 PSYoungGen      total 25088K, used 1927K [0x00000000d5580000, 0x00000000d7580000, 0x0000000100000000)
  eden space 23040K, 0% used [0x00000000d5580000,0x00000000d5580000,0x00000000d6c00000)
  from space 2048K, 94% used [0x00000000d7380000,0x00000000d7561cb0,0x00000000d7580000)
  to   space 2560K, 0% used [0x00000000d7080000,0x00000000d7080000,0x00000000d7300000)
 ParOldGen       total 68608K, used 14444K [0x0000000080000000, 0x0000000084300000, 0x00000000d5580000)
  object space 68608K, 21% used [0x0000000080000000,0x0000000080e1b178,0x0000000084300000)
 Metaspace       used 25924K, committed 26816K, reserved 1114112K
  class space    used 2568K, committed 2944K, reserved 1048576K
}

Dll operation events (9 events):
Event: 0.035 Loaded shared library c:\Users\Lenovo\.antigravity\extensions\redhat.java-1.54.0-win32-x64\jre\21.0.10-win32-x86_64\bin\java.dll
Event: 0.206 Loaded shared library c:\Users\Lenovo\.antigravity\extensions\redhat.java-1.54.0-win32-x64\jre\21.0.10-win32-x86_64\bin\zip.dll
Event: 0.262 Loaded shared library C:\Users\Lenovo\.antigravity\extensions\redhat.java-1.54.0-win32-x64\jre\21.0.10-win32-x86_64\bin\instrument.dll
Event: 0.276 Loaded shared library C:\Users\Lenovo\.antigravity\extensions\redhat.java-1.54.0-win32-x64\jre\21.0.10-win32-x86_64\bin\net.dll
Event: 0.285 Loaded shared library C:\Users\Lenovo\.antigravity\extensions\redhat.java-1.54.0-win32-x64\jre\21.0.10-win32-x86_64\bin\nio.dll
Event: 0.293 Loaded shared library C:\Users\Lenovo\.antigravity\extensions\redhat.java-1.54.0-win32-x64\jre\21.0.10-win32-x86_64\bin\zip.dll
Event: 0.341 Loaded shared library C:\Users\Lenovo\.antigravity\extensions\redhat.java-1.54.0-win32-x64\jre\21.0.10-win32-x86_64\bin\jimage.dll
Event: 0.563 Loaded shared library c:\Users\Lenovo\.antigravity\extensions\redhat.java-1.54.0-win32-x64\jre\21.0.10-win32-x86_64\bin\verify.dll
Event: 4.102 Loaded shared library C:\Users\Lenovo\AppData\Roaming\Antigravity\User\globalStorage\redhat.java\1.54.0\config_win\org.eclipse.equinox.launcher\org.eclipse.equinox.launcher.win32.win32.x86_64_1.3.0.v20260203-2149\eclipse_11919.dll

Deoptimization events (20 events):
Event: 15.469 Thread 0x000001d181ef3130 Uncommon trap: trap_request=0xffffffde fr.pc=0x000001d1328e7eb8 relative=0x00000000000000f8
Event: 15.469 Thread 0x000001d181ef3130 Uncommon trap: reason=class_check action=maybe_recompile pc=0x000001d1328e7eb8 method=java.lang.Character.codePointAt(Ljava/lang/CharSequence;I)I @ 2 c2
Event: 15.469 Thread 0x000001d181ef3130 DEOPT PACKING pc=0x000001d1328e7eb8 sp=0x000000bac1ffe870
Event: 15.469 Thread 0x000001d181ef3130 DEOPT UNPACKING pc=0x000001d1321f3aa2 sp=0x000000bac1ffe7f8 mode 2
Event: 15.469 Thread 0x000001d181ef3130 Uncommon trap: trap_request=0xffffff76 fr.pc=0x000001d1328ca480 relative=0x0000000000000380
Event: 15.469 Thread 0x000001d181ef3130 Uncommon trap: reason=predicate action=maybe_recompile pc=0x000001d1328ca480 method=java.util.regex.Pattern$BmpCharPropertyGreedy.match(Ljava/util/regex/Matcher;ILjava/lang/CharSequence;)Z @ 12 c2
Event: 15.469 Thread 0x000001d181ef3130 DEOPT PACKING pc=0x000001d1328ca480 sp=0x000000bac1ffe7b0
Event: 15.469 Thread 0x000001d181ef3130 DEOPT UNPACKING pc=0x000001d1321f3aa2 sp=0x000000bac1ffe758 mode 2
Event: 15.483 Thread 0x000001d181ef3130 Uncommon trap: trap_request=0xffffffde fr.pc=0x000001d1327beab4 relative=0x00000000000005f4
Event: 15.483 Thread 0x000001d181ef3130 Uncommon trap: reason=class_check action=maybe_recompile pc=0x000001d1327beab4 method=java.io.BufferedInputStream.implRead([BII)I @ 100 c2
Event: 15.483 Thread 0x000001d181ef3130 DEOPT PACKING pc=0x000001d1327beab4 sp=0x000000bac1ffe4c0
Event: 15.483 Thread 0x000001d181ef3130 DEOPT UNPACKING pc=0x000001d1321f3aa2 sp=0x000000bac1ffe498 mode 2
Event: 15.483 Thread 0x000001d181ef3130 Uncommon trap: trap_request=0xffffff45 fr.pc=0x000001d1327c22ec relative=0x000000000000020c
Event: 15.483 Thread 0x000001d181ef3130 Uncommon trap: reason=unstable_if action=reinterpret pc=0x000001d1327c22ec method=java.io.BufferedInputStream.read1([BII)I @ 34 c2
Event: 15.483 Thread 0x000001d181ef3130 DEOPT PACKING pc=0x000001d1327c22ec sp=0x000000bac1ffe450
Event: 15.484 Thread 0x000001d181ef3130 DEOPT UNPACKING pc=0x000001d1321f3aa2 sp=0x000000bac1ffe408 mode 2
Event: 15.490 Thread 0x000001d181ef3130 Uncommon trap: trap_request=0xffffffde fr.pc=0x000001d1327beab4 relative=0x00000000000005f4
Event: 15.490 Thread 0x000001d181ef3130 Uncommon trap: reason=class_check action=maybe_recompile pc=0x000001d1327beab4 method=java.io.BufferedInputStream.implRead([BII)I @ 100 c2
Event: 15.490 Thread 0x000001d181ef3130 DEOPT PACKING pc=0x000001d1327beab4 sp=0x000000bac1ffe4f0
Event: 15.490 Thread 0x000001d181ef3130 DEOPT UNPACKING pc=0x000001d1321f3aa2 sp=0x000000bac1ffe4c8 mode 2

Classes loaded (20 events):
Event: 15.405 Loading class java/lang/invoke/MethodHandleImpl$Makers$2
Event: 15.406 Loading class java/lang/invoke/MethodHandleImpl$Makers$2 done
Event: 15.406 Loading class java/lang/invoke/MethodHandleImpl$Makers$3
Event: 15.407 Loading class java/lang/invoke/MethodHandleImpl$Makers$3 done
Event: 15.421 Loading class java/lang/runtime/ObjectMethods$1
Event: 15.421 Loading class java/lang/runtime/ObjectMethods$1 done
Event: 15.442 Loading class java/lang/invoke/MethodHandleImpl$CountingWrapper
Event: 15.442 Loading class java/lang/invoke/MethodHandleImpl$CountingWrapper done
Event: 15.468 Loading class java/io/FileReader
Event: 15.468 Loading class java/io/FileReader done
Event: 15.584 Loading class java/util/concurrent/atomic/AtomicReferenceFieldUpdater
Event: 15.585 Loading class java/util/concurrent/atomic/AtomicReferenceFieldUpdater done
Event: 15.585 Loading class java/util/concurrent/atomic/AtomicReferenceFieldUpdater$AtomicReferenceFieldUpdaterImpl
Event: 15.585 Loading class java/util/concurrent/atomic/AtomicReferenceFieldUpdater$AtomicReferenceFieldUpdaterImpl done
Event: 15.585 Loading class java/util/concurrent/atomic/AtomicReferenceFieldUpdater$AtomicReferenceFieldUpdaterImpl$1
Event: 15.586 Loading class java/util/concurrent/atomic/AtomicReferenceFieldUpdater$AtomicReferenceFieldUpdaterImpl$1 done
Event: 15.586 Loading class sun/reflect/misc/ReflectUtil
Event: 15.586 Loading class sun/reflect/misc/ReflectUtil done
Event: 15.684 Loading class java/io/FilterReader
Event: 15.684 Loading class java/io/FilterReader done

Classes unloaded (7 events):
Event: 14.756 Thread 0x000001d127a04520 Unloading class 0x000001d1401ad400 'java/lang/invoke/LambdaForm$MH+0x000001d1401ad400'
Event: 14.756 Thread 0x000001d127a04520 Unloading class 0x000001d1401ad000 'java/lang/invoke/LambdaForm$MH+0x000001d1401ad000'
Event: 14.756 Thread 0x000001d127a04520 Unloading class 0x000001d1401acc00 'java/lang/invoke/LambdaForm$MH+0x000001d1401acc00'
Event: 14.756 Thread 0x000001d127a04520 Unloading class 0x000001d1401ac800 'java/lang/invoke/LambdaForm$MH+0x000001d1401ac800'
Event: 14.756 Thread 0x000001d127a04520 Unloading class 0x000001d1401ac400 'java/lang/invoke/LambdaForm$BMH+0x000001d1401ac400'
Event: 14.756 Thread 0x000001d127a04520 Unloading class 0x000001d1401ac000 'java/lang/invoke/LambdaForm$DMH+0x000001d1401ac000'
Event: 14.756 Thread 0x000001d127a04520 Unloading class 0x000001d1401aac00 'java/lang/invoke/LambdaForm$DMH+0x000001d1401aac00'

Classes redefined (0 events):
No events

Internal exceptions (20 events):
Event: 14.717 Thread 0x000001d181b9fec0 Exception <a 'java/io/FileNotFoundException'{0x00000000d5a36a48}> (0x00000000d5a36a48) 
thrown [s\src\hotspot\share\prims\jni.cpp, line 520]
Event: 15.400 Thread 0x000001d181ef3130 Exception <a 'java/lang/NoSuchMethodError'{0x00000000d584eda0}: 'java.lang.Object java.lang.invoke.DirectMethodHandle$Holder.invokeStaticInit(java.lang.Object, java.lang.Object, java.lang.Object, java.lang.Object, java.lang.Object, java.lang.Object, java.lang.Object)'> (0x00000000d584eda0) 
thrown [s\src\hotspot\share\interpreter\linkResolver.cpp, line 773]
Event: 15.402 Thread 0x000001d181ef3130 Exception <a 'java/lang/NoSuchMethodError'{0x00000000d5853578}: 'java.lang.Object java.lang.invoke.Invokers$Holder.invoke_MT(java.lang.Object, java.lang.Object, java.lang.Object, java.lang.Object, java.lang.Object, java.lang.Object, java.lang.Object, java.lang.Object, java.lang.Object)'> (0x00000000d5853578) 
thrown [s\src\hotspot\share\interpreter\linkResolver.cpp, line 773]
Event: 15.422 Thread 0x000001d181ef2aa0 Exception <a 'java/lang/NoSuchMethodError'{0x00000000d593a908}: 'int java.lang.invoke.DirectMethodHandle$Holder.invokeVirtual(java.lang.Object, java.lang.Object, java.lang.Object)'> (0x00000000d593a908) 
thrown [s\src\hotspot\share\interpreter\linkResolver.cpp, line 773]
Event: 15.423 Thread 0x000001d181ef2aa0 Exception <a 'java/lang/NoSuchMethodError'{0x00000000d593e9c0}: 'int java.lang.invoke.DirectMethodHandle$Holder.invokeStaticInit(java.lang.Object, int, int)'> (0x00000000d593e9c0) 
thrown [s\src\hotspot\share\interpreter\linkResolver.cpp, line 773]
Event: 15.424 Thread 0x000001d181ef2aa0 Exception <a 'java/lang/NoSuchMethodError'{0x00000000d5945ce0}: 'int java.lang.invoke.DirectMethodHandle$Holder.invokeStaticInit(java.lang.Object, long, long)'> (0x00000000d5945ce0) 
thrown [s\src\hotspot\share\interpreter\linkResolver.cpp, line 773]
Event: 15.425 Thread 0x000001d181ef2aa0 Exception <a 'java/lang/NoSuchMethodError'{0x00000000d594c738}: 'int java.lang.invoke.DirectMethodHandle$Holder.invokeStaticInit(java.lang.Object, float, float)'> (0x00000000d594c738) 
thrown [s\src\hotspot\share\interpreter\linkResolver.cpp, line 773]
Event: 15.425 Thread 0x000001d181ef2aa0 Exception <a 'java/lang/NoSuchMethodError'{0x00000000d5952e18}: 'int java.lang.invoke.DirectMethodHandle$Holder.invokeStaticInit(java.lang.Object, double, double)'> (0x00000000d5952e18) 
thrown [s\src\hotspot\share\interpreter\linkResolver.cpp, line 773]
Event: 15.426 Thread 0x000001d181ef2aa0 Exception <a 'java/lang/NoSuchMethodError'{0x00000000d5957208}: 'int java.lang.invoke.DirectMethodHandle$Holder.invokeStatic(java.lang.Object, long)'> (0x00000000d5957208) 
thrown [s\src\hotspot\share\interpreter\linkResolver.cpp, line 773]
Event: 15.430 Thread 0x000001d181ef3130 Exception <a 'java/lang/NoSuchMethodError'{0x00000000d596db10}: 'int java.lang.invoke.DirectMethodHandle$Holder.invokeSpecial(java.lang.Object, java.lang.Object, int, int)'> (0x00000000d596db10) 
thrown [s\src\hotspot\share\interpreter\linkResolver.cpp, line 773]
Event: 15.430 Thread 0x000001d181ef2aa0 Exception <a 'java/lang/NoSuchMethodError'{0x00000000d5968020}: 'int java.lang.invoke.DirectMethodHandle$Holder.invokeSpecial(java.lang.Object, java.lang.Object, int, int)'> (0x00000000d5968020) 
thrown [s\src\hotspot\share\interpreter\linkResolver.cpp, line 773]
Event: 15.432 Thread 0x000001d181ef2aa0 Exception <a 'java/lang/NoSuchMethodError'{0x00000000d5988bb8}: 'int java.lang.invoke.Invokers$Holder.linkToTargetMethod(java.lang.Object, java.lang.Object)'> (0x00000000d5988bb8) 
thrown [s\src\hotspot\share\interpreter\linkResolver.cpp, line 773]
Event: 15.436 Thread 0x000001d181ef2aa0 Exception <a 'java/lang/NoSuchMethodError'{0x00000000d599dd10}: 'int java.lang.invoke.DirectMethodHandle$Holder.invokeSpecial(java.lang.Object, java.lang.Object, java.lang.Object, java.lang.Object)'> (0x00000000d599dd10) 
thrown [s\src\hotspot\share\interpreter\linkResolver.cpp, line 773]
Event: 15.439 Thread 0x000001d181ef2aa0 Exception <a 'java/lang/NoSuchMethodError'{0x00000000d59cc358}: 'java.lang.Object java.lang.invoke.DirectMethodHandle$Holder.invokeStatic(java.lang.Object, int, java.lang.Object, java.lang.Object)'> (0x00000000d59cc358) 
thrown [s\src\hotspot\share\interpreter\linkResolver.cpp, line 773]
Event: 15.441 Thread 0x000001d181ef2aa0 Exception <a 'java/lang/NoSuchMethodError'{0x00000000d59cfb58}: 'java.lang.Object java.lang.invoke.DelegatingMethodHandle$Holder.delegate(java.lang.Object, int, java.lang.Object, java.lang.Object)'> (0x00000000d59cfb58) 
thrown [s\src\hotspot\share\interpreter\linkResolver.cpp, line 773]
Event: 15.446 Thread 0x000001d181ef2aa0 Exception <a 'java/lang/NoSuchMethodError'{0x00000000d59ed4f0}: 'int java.lang.invoke.Invokers$Holder.linkToTargetMethod(java.lang.Object, java.lang.Object, java.lang.Object)'> (0x00000000d59ed4f0) 
thrown [s\src\hotspot\share\interpreter\linkResolver.cpp, line 773]
Event: 15.507 Thread 0x000001d181ef3130 Exception <a 'java/lang/NoSuchMethodError'{0x00000000d64d60c8}: 'java.lang.Object java.lang.invoke.DirectMethodHandle$Holder.invokeSpecialIFC(java.lang.Object, java.lang.Object, java.lang.Object, java.lang.Object)'> (0x00000000d64d60c8) 
thrown [s\src\hotspot\share\interpreter\linkResolver.cpp, line 773]
Event: 15.533 Thread 0x000001d181b9fec0 Exception <a 'java/io/FileNotFoundException'{0x00000000d63b5ee0}> (0x00000000d63b5ee0) 
thrown [s\src\hotspot\share\prims\jni.cpp, line 520]
Event: 15.535 Thread 0x000001d181b9fec0 Exception <a 'java/io/FileNotFoundException'{0x00000000d63b6f08}> (0x00000000d63b6f08) 
thrown [s\src\hotspot\share\prims\jni.cpp, line 520]
Event: 15.539 Thread 0x000001d181b9fec0 Exception <a 'java/io/FileNotFoundException'{0x00000000d63c5c88}> (0x00000000d63c5c88) 
thrown [s\src\hotspot\share\prims\jni.cpp, line 520]

ZGC Phase Switch (0 events):
No events

VM Operations (20 events):
Event: 12.996 Executing non-safepoint VM operation: HandshakeAllThreads (Deoptimize)
Event: 12.997 Executing non-safepoint VM operation: HandshakeAllThreads (Deoptimize) done
Event: 13.179 Executing non-safepoint VM operation: HandshakeAllThreads (Deoptimize)
Event: 13.180 Executing non-safepoint VM operation: HandshakeAllThreads (Deoptimize) done
Event: 13.210 Executing non-safepoint VM operation: HandshakeAllThreads (Deoptimize)
Event: 13.210 Executing non-safepoint VM operation: HandshakeAllThreads (Deoptimize) done
Event: 13.718 Executing safepoint VM operation: ICBufferFull
Event: 13.718 Executing safepoint VM operation: ICBufferFull done
Event: 13.875 Executing safepoint VM operation: ParallelGCFailedAllocation (Allocation Failure)
Event: 13.887 Executing safepoint VM operation: ParallelGCFailedAllocation (Allocation Failure) done
Event: 14.658 Executing safepoint VM operation: ParallelGCFailedAllocation (Allocation Failure)
Event: 14.667 Executing safepoint VM operation: ParallelGCFailedAllocation (Allocation Failure) done
Event: 14.745 Executing safepoint VM operation: CollectForMetadataAllocation (Metadata GC Threshold)
Event: 14.807 Executing safepoint VM operation: CollectForMetadataAllocation (Metadata GC Threshold) done
Event: 15.344 Executing safepoint VM operation: ParallelGCFailedAllocation (Allocation Failure)
Event: 15.346 Executing safepoint VM operation: ParallelGCFailedAllocation (Allocation Failure) done
Event: 15.441 Executing non-safepoint VM operation: HandshakeAllThreads (Deoptimize)
Event: 15.446 Executing non-safepoint VM operation: HandshakeAllThreads (Deoptimize) done
Event: 15.780 Executing safepoint VM operation: ParallelGCFailedAllocation (Allocation Failure)
Event: 15.784 Executing safepoint VM operation: ParallelGCFailedAllocation (Allocation Failure) done

Memory protections (0 events):
No events

Nmethod flushes (0 events):
No events

Events (20 events):
Event: 4.966 Thread 0x000001d181eb93d0 Thread exited: 0x000001d181eb93d0
Event: 5.511 Thread 0x000001d181b9fec0 Thread added: 0x000001d186611960
Event: 5.601 Thread 0x000001d181eb8d20 Thread exited: 0x000001d181eb8d20
Event: 8.593 Thread 0x000001d181b9fec0 Thread added: 0x000001d180a390e0
Event: 8.998 Thread 0x000001d127b2e380 Thread added: 0x000001d186755500
Event: 8.999 Thread 0x000001d127b2e380 Thread added: 0x000001d186860b80
Event: 9.191 Thread 0x000001d186860b80 Thread exited: 0x000001d186860b80
Event: 9.307 Thread 0x000001d186755500 Thread exited: 0x000001d186755500
Event: 9.481 Thread 0x000001d127b2e380 Thread added: 0x000001d186791170
Event: 9.873 Thread 0x000001d186791170 Thread exited: 0x000001d186791170
Event: 10.956 Thread 0x000001d181b9fec0 Thread added: 0x000001d18678dd60
Event: 12.597 Thread 0x000001d181b9fec0 Thread added: 0x000001d181ef3e50
Event: 12.678 Thread 0x000001d181b9fec0 Thread added: 0x000001d181ef2aa0
Event: 13.194 Thread 0x000001d127b2e380 Thread added: 0x000001d186b06610
Event: 14.033 Thread 0x000001d186b06610 Thread exited: 0x000001d186b06610
Event: 14.525 Thread 0x000001d181ef2aa0 Thread added: 0x000001d181ef3130
Event: 14.640 Thread 0x000001d127b2e380 Thread added: 0x000001d18180a3d0
Event: 14.922 Thread 0x000001d18180a3d0 Thread exited: 0x000001d18180a3d0
Event: 15.470 Thread 0x000001d127b2e380 Thread added: 0x000001d1879c0de0
Event: 15.542 Thread 0x000001d181ef3e50 Thread added: 0x000001d181ef5200


Dynamic libraries:
0x00007ff694840000 - 0x00007ff69484e000 	c:\Users\Lenovo\.antigravity\extensions\redhat.java-1.54.0-win32-x64\jre\21.0.10-win32-x86_64\bin\java.exe
0x00007ffcf45a0000 - 0x00007ffcf4807000 	C:\WINDOWS\SYSTEM32\ntdll.dll
0x00007ffcf2d50000 - 0x00007ffcf2e19000 	C:\WINDOWS\System32\KERNEL32.DLL
0x00007ffcf1da0000 - 0x00007ffcf2197000 	C:\WINDOWS\System32\KERNELBASE.dll
0x00007ffcf1ae0000 - 0x00007ffcf1c2b000 	C:\WINDOWS\System32\ucrtbase.dll
0x00007ffcaace0000 - 0x00007ffcaacf8000 	c:\Users\Lenovo\.antigravity\extensions\redhat.java-1.54.0-win32-x64\jre\21.0.10-win32-x86_64\bin\jli.dll
0x00007ffcf3b50000 - 0x00007ffcf3d16000 	C:\WINDOWS\System32\USER32.dll
0x00007ffcf1060000 - 0x00007ffcf1087000 	C:\WINDOWS\System32\win32u.dll
0x00007ffcf3140000 - 0x00007ffcf316b000 	C:\WINDOWS\System32\GDI32.dll
0x00007ffcf1090000 - 0x00007ffcf11bc000 	C:\WINDOWS\System32\gdi32full.dll
0x00007ffcf1a30000 - 0x00007ffcf1ad3000 	C:\WINDOWS\System32\msvcp_win.dll
0x00007ffcacbe0000 - 0x00007ffcacbfe000 	c:\Users\Lenovo\.antigravity\extensions\redhat.java-1.54.0-win32-x64\jre\21.0.10-win32-x86_64\bin\VCRUNTIME140.dll
0x00007ffcdc930000 - 0x00007ffcdcbc2000 	C:\WINDOWS\WinSxS\amd64_microsoft.windows.common-controls_6595b64144ccf1df_6.0.26100.8457_none_3e0b2faee331e92d\COMCTL32.dll
0x00007ffcf2e20000 - 0x00007ffcf2ec9000 	C:\WINDOWS\System32\msvcrt.dll
0x00007ffcf3170000 - 0x00007ffcf31a2000 	C:\WINDOWS\System32\IMM32.DLL
0x00007ffce7f70000 - 0x00007ffce7f7c000 	c:\Users\Lenovo\.antigravity\extensions\redhat.java-1.54.0-win32-x64\jre\21.0.10-win32-x86_64\bin\vcruntime140_1.dll
0x00007ffc4a220000 - 0x00007ffc4a2ad000 	c:\Users\Lenovo\.antigravity\extensions\redhat.java-1.54.0-win32-x64\jre\21.0.10-win32-x86_64\bin\msvcp140.dll
0x00007ffc08230000 - 0x00007ffc08fd1000 	c:\Users\Lenovo\.antigravity\extensions\redhat.java-1.54.0-win32-x64\jre\21.0.10-win32-x86_64\bin\server\jvm.dll
0x00007ffcf2a30000 - 0x00007ffcf2ae6000 	C:\WINDOWS\System32\ADVAPI32.dll
0x00007ffcf3d30000 - 0x00007ffcf3dd7000 	C:\WINDOWS\System32\sechost.dll
0x00007ffcf3a30000 - 0x00007ffcf3b48000 	C:\WINDOWS\System32\RPCRT4.dll
0x00007ffcf2ed0000 - 0x00007ffcf2f50000 	C:\WINDOWS\System32\WS2_32.dll
0x00007ffce9280000 - 0x00007ffce92b6000 	C:\WINDOWS\SYSTEM32\WINMM.dll
0x00007ffcf0e30000 - 0x00007ffcf0e8e000 	C:\WINDOWS\SYSTEM32\POWRPROF.dll
0x00007ffce98d0000 - 0x00007ffce98db000 	C:\WINDOWS\SYSTEM32\VERSION.dll
0x00007ffcf0e10000 - 0x00007ffcf0e24000 	C:\WINDOWS\SYSTEM32\UMPDC.dll
0x00007ffcefd20000 - 0x00007ffcefd3b000 	C:\WINDOWS\SYSTEM32\kernel.appcore.dll
0x00007ffcddfe0000 - 0x00007ffcddfea000 	c:\Users\Lenovo\.antigravity\extensions\redhat.java-1.54.0-win32-x64\jre\21.0.10-win32-x86_64\bin\jimage.dll
0x00007ffcef000000 - 0x00007ffcef242000 	C:\WINDOWS\SYSTEM32\DBGHELP.DLL
0x00007ffcf23f0000 - 0x00007ffcf2773000 	C:\WINDOWS\System32\combase.dll
0x00007ffcf2810000 - 0x00007ffcf28e9000 	C:\WINDOWS\System32\OLEAUT32.dll
0x00007ffce1350000 - 0x00007ffce138b000 	C:\WINDOWS\SYSTEM32\dbgcore.DLL
0x00007ffcf1cf0000 - 0x00007ffcf1d98000 	C:\WINDOWS\System32\bcryptPrimitives.dll
0x00007ffcdd550000 - 0x00007ffcdd55f000 	c:\Users\Lenovo\.antigravity\extensions\redhat.java-1.54.0-win32-x64\jre\21.0.10-win32-x86_64\bin\instrument.dll
0x00007ffc8c240000 - 0x00007ffc8c260000 	c:\Users\Lenovo\.antigravity\extensions\redhat.java-1.54.0-win32-x64\jre\21.0.10-win32-x86_64\bin\java.dll
0x00007ffcf32b0000 - 0x00007ffcf3a1e000 	C:\WINDOWS\System32\SHELL32.dll
0x00007ffcf11c0000 - 0x00007ffcf1a2c000 	C:\WINDOWS\System32\windows.storage.dll
0x00007ffcf31b0000 - 0x00007ffcf32a6000 	C:\WINDOWS\System32\SHCORE.dll
0x00007ffcf2c90000 - 0x00007ffcf2cf6000 	C:\WINDOWS\System32\shlwapi.dll
0x00007ffcf0ef0000 - 0x00007ffcf0f19000 	C:\WINDOWS\SYSTEM32\profapi.dll
0x00007ffc7d1b0000 - 0x00007ffc7d1c8000 	c:\Users\Lenovo\.antigravity\extensions\redhat.java-1.54.0-win32-x64\jre\21.0.10-win32-x86_64\bin\zip.dll
0x00007ffcdb9e0000 - 0x00007ffcdb9f0000 	C:\Users\Lenovo\.antigravity\extensions\redhat.java-1.54.0-win32-x64\jre\21.0.10-win32-x86_64\bin\net.dll
0x00007ffce8990000 - 0x00007ffce8ab9000 	C:\WINDOWS\SYSTEM32\WINHTTP.dll
0x00007ffcf0270000 - 0x00007ffcf02dc000 	C:\WINDOWS\system32\mswsock.dll
0x00007ffc6f900000 - 0x00007ffc6f916000 	C:\Users\Lenovo\.antigravity\extensions\redhat.java-1.54.0-win32-x64\jre\21.0.10-win32-x86_64\bin\nio.dll
0x00007ffcdb570000 - 0x00007ffcdb580000 	c:\Users\Lenovo\.antigravity\extensions\redhat.java-1.54.0-win32-x64\jre\21.0.10-win32-x86_64\bin\verify.dll
0x00007ffc4a2f0000 - 0x00007ffc4a335000 	C:\Users\Lenovo\AppData\Roaming\Antigravity\User\globalStorage\redhat.java\1.54.0\config_win\org.eclipse.equinox.launcher\org.eclipse.equinox.launcher.win32.win32.x86_64_1.3.0.v20260203-2149\eclipse_11919.dll
0x00007ffcf2af0000 - 0x00007ffcf2c87000 	C:\WINDOWS\System32\ole32.dll

JVMTI agents:
c:\Users\Lenovo\.antigravity\extensions\redhat.java-1.54.0-win32-x64\lombok\lombok-1.18.39-4050.jar path:c:\Users\Lenovo\.antigravity\extensions\redhat.java-1.54.0-win32-x64\jre\21.0.10-win32-x86_64\bin\instrument.dll, loaded, initialized, instrumentlib options:none

dbghelp: loaded successfully - version: 4.0.5 - missing functions: none
symbol engine: initialized successfully - sym options: 0x614 - pdb path: .;c:\Users\Lenovo\.antigravity\extensions\redhat.java-1.54.0-win32-x64\jre\21.0.10-win32-x86_64\bin;C:\WINDOWS\SYSTEM32;C:\WINDOWS\WinSxS\amd64_microsoft.windows.common-controls_6595b64144ccf1df_6.0.26100.8457_none_3e0b2faee331e92d;c:\Users\Lenovo\.antigravity\extensions\redhat.java-1.54.0-win32-x64\jre\21.0.10-win32-x86_64\bin\server;C:\Users\Lenovo\AppData\Roaming\Antigravity\User\globalStorage\redhat.java\1.54.0\config_win\org.eclipse.equinox.launcher\org.eclipse.equinox.launcher.win32.win32.x86_64_1.3.0.v20260203-2149

VM Arguments:
jvm_args: --add-modules=ALL-SYSTEM --add-opens=java.base/java.util=ALL-UNNAMED --add-opens=java.base/java.lang=ALL-UNNAMED --add-opens=java.base/sun.nio.fs=ALL-UNNAMED -Declipse.application=org.eclipse.jdt.ls.core.id1 -Dosgi.bundles.defaultStartLevel=4 -Declipse.product=org.eclipse.jdt.ls.core.product -Djava.import.generatesMetadataFilesAtProjectRoot=false -DDetectVMInstallationsJob.disabled=true -Dfile.encoding=utf8 -XX:+UseParallelGC -XX:GCTimeRatio=4 -XX:AdaptiveSizePolicyWeight=90 -Dsun.zip.disableMemoryMapping=true -Xmx2G -Xms100m -Xlog:disable -javaagent:c:\Users\Lenovo\.antigravity\extensions\redhat.java-1.54.0-win32-x64\lombok\lombok-1.18.39-4050.jar -XX:+HeapDumpOnOutOfMemoryError -XX:HeapDumpPath=c:\Users\Lenovo\AppData\Roaming\Antigravity\User\workspaceStorage\9a1e82f97720862a29f2ec23e4934ce5\redhat.java -Daether.dependencyCollector.impl=bf 
java_command: c:\Users\Lenovo\.antigravity\extensions\redhat.java-1.54.0-win32-x64\server\plugins\org.eclipse.equinox.launcher_1.7.100.v20251111-0406.jar -configuration c:\Users\Lenovo\AppData\Roaming\Antigravity\User\globalStorage\redhat.java\1.54.0\config_win -data c:\Users\Lenovo\AppData\Roaming\Antigravity\User\workspaceStorage\9a1e82f97720862a29f2ec23e4934ce5\redhat.java\jdt_ws --pipe=\\.\pipe\lsp-2081ce000099698d48ccf7697bb425b2-sock
java_class_path (initial): c:\Users\Lenovo\.antigravity\extensions\redhat.java-1.54.0-win32-x64\server\plugins\org.eclipse.equinox.launcher_1.7.100.v20251111-0406.jar
Launcher Type: SUN_STANDARD

[Global flags]
    uintx AdaptiveSizePolicyWeight                 = 90                                        {product} {command line}
     intx CICompilerCount                          = 4                                         {product} {ergonomic}
    uintx GCTimeRatio                              = 4                                         {product} {command line}
     bool HeapDumpOnOutOfMemoryError               = true                                   {manageable} {command line}
    ccstr HeapDumpPath                             = c:\Users\Lenovo\AppData\Roaming\Antigravity\User\workspaceStorage\9a1e82f97720862a29f2ec23e4934ce5\redhat.java         {manageable} {command line}
   size_t InitialHeapSize                          = 104857600                                 {product} {command line}
   size_t MaxHeapSize                              = 2147483648                                {product} {command line}
   size_t MaxNewSize                               = 715653120                                 {product} {ergonomic}
   size_t MinHeapDeltaBytes                        = 524288                                    {product} {ergonomic}
   size_t MinHeapSize                              = 104857600                                 {product} {command line}
   size_t NewSize                                  = 34603008                                  {product} {ergonomic}
    uintx NonNMethodCodeHeapSize                   = 5839372                                {pd product} {ergonomic}
    uintx NonProfiledCodeHeapSize                  = 122909434                              {pd product} {ergonomic}
   size_t OldSize                                  = 70254592                                  {product} {ergonomic}
    uintx ProfiledCodeHeapSize                     = 122909434                              {pd product} {ergonomic}
    uintx ReservedCodeCacheSize                    = 251658240                              {pd product} {ergonomic}
     bool SegmentedCodeCache                       = true                                      {product} {ergonomic}
   size_t SoftMaxHeapSize                          = 2147483648                             {manageable} {ergonomic}
     bool UseCompressedOops                        = true                           {product lp64_product} {ergonomic}
     bool UseLargePagesIndividualAllocation        = false                                  {pd product} {ergonomic}
     bool UseParallelGC                            = true                                      {product} {command line}

Logging:
Log output configuration:
 #0: stdout all=off uptime,level,tags foldmultilines=false
 #1: stderr all=off uptime,level,tags foldmultilines=false

Release file:
JAVA_VERSION="21.0.10" 
MODULES="java.base java.compiler java.datatransfer java.xml java.prefs java.desktop java.instrument java.logging java.management java.security.sasl java.naming java.rmi java.management.rmi java.net.http java.scripting java.security.jgss java.transaction.xa java.sql java.sql.rowset java.xml.crypto java.se java.smartcardio jdk.accessibility jdk.internal.jvmstat jdk.attach jdk.charsets jdk.internal.opt jdk.zipfs jdk.compiler jdk.crypto.ec jdk.crypto.cryptoki jdk.crypto.mscapi jdk.dynalink jdk.internal.ed jdk.editpad jdk.hotspot.agent jdk.httpserver jdk.internal.le jdk.internal.vm.ci jdk.internal.vm.compiler jdk.internal.vm.compiler.management jdk.jartool jdk.javadoc jdk.jcmd jdk.management jdk.management.agent jdk.jconsole jdk.jdeps jdk.jdwp.agent jdk.jdi jdk.jfr jdk.jshell jdk.jsobject jdk.jstatd jdk.localedata jdk.management.jfr jdk.naming.dns jdk.naming.rmi jdk.net jdk.nio.mapmode jdk.random jdk.sctp jdk.security.auth jdk.security.jgss jdk.unsupported jdk.unsupported.desktop jdk.xml.dom" 

Environment Variables:
JAVA_HOME=C:\Program Files\Java\jdk-16.0.2\bin
PATH=C:\Program Files\Common Files\Oracle\Java\javapath;D:\Oracle\DevSuiteHome_1\jdk\jre\bin\classic;D:\Oracle\DevSuiteHome_1\jdk\jre\bin;D:\Oracle\DevSuiteHome_1\jdk\jre\bin\client;D:\Oracle\DevSuiteHome_1\jlib;D:\Oracle\DevSuiteHome_1\bin;D:\Oracle\DevSuiteHome_1\jre\1.4.2\bin\client;D:\Oracle\DevSuiteHome_1\jre\1.4.2\bin;C:\app\client\Lenovo\product\12.1.0\client_1;C:\app\client\Lenovo\product\12.1.0\client_1\bin;C:\WINDOWS\system32;C:\WINDOWS;C:\WINDOWS\System32\Wbem;C:\WINDOWS\System32\WindowsPowerShell\v1.0\;C:\WINDOWS\System32\OpenSSH\;C:\Program Files (x86)\Microsoft SQL Server\130\DTS\Binn\;C:\Program Files\Microsoft SQL Server\130\DTS\Binn\;C:\Program Files (x86)\Microsoft SQL Server\130\Tools\Binn\;C:\Program Files\Microsoft SQL Server\130\Tools\Binn\;C:\Program Files (x86)\Microsoft SQL Server\160\DTS\Binn\;C:\Program Files\dotnet\;C:\Program Files\Microsoft SQL Server\150\Tools\Binn\;C:\Program Files\Microsoft SQL Server\Client SDK\ODBC\170\Tools\Binn\;C:\Program Files\Microsoft SQL Server\Client SDK\ODBC\130\Tools\Binn\;C:\Program Files\Java\jdk-16.0.2\bin;C:\Program Files (x86)\Windows Kits\10\Windows Performance Toolkit\;C:\Program Files\Docker\Docker\resources\bin;C:\Program Files\Git\cmd;D:\Program Files\cursor\resources\app\bin;C:\Program Files\Microsoft SQL Server\170\Tools\Binn\;C:\Program Files\Pandoc\;D:\Program Files\nodejs\;C:\php;C:\ProgramData\ComposerSetup\bin;C:\Users\Lenovo\AppData\Local\Microsoft\WindowsApps;C:\Program Files\Azure Data Studio\bin;C:\Users\Lenovo\.dotnet\tools;C:\Users\Lenovo\go\bin;D:\Programs\Microsoft VS Code\bin;C:\Users\Lenovo\AppData\Local\Programs\Antigravity\bin;C:\Users\Lenovo\AppData\Local\Python\bin;D:\Users\Lenovo\AppData\Local\Programs\Windsurf\bin;D:\Users\Lenovo\AppData\Local\Programs\Kiro\bin;C:\Users\Lenovo\AppData\Roaming\npm;C:\Users\Lenovo\AppData\Local\GitHubDesktop\bin;C:\Users\Lenovo\AppData\Roaming\Composer\vendor\bin;D:\Users\Lenovo\AppData\Local\Programs\cursor\resources\app\bin
USERNAME=Lenovo
OS=Windows_NT
PROCESSOR_IDENTIFIER=AMD64 Family 23 Model 104 Stepping 1, AuthenticAMD
TMP=C:\Users\Lenovo\AppData\Local\Temp
TEMP=C:\Users\Lenovo\AppData\Local\Temp




Periodic native trim disabled

---------------  S Y S T E M  ---------------

OS:
 Windows 11 , 64 bit Build 26100 (10.0.26100.8328)
OS uptime: 8 days 21:50 hours
Hyper-V role detected

CPU: total 12 (initial active 12) (12 cores per cpu, 2 threads per core) family 23 model 104 stepping 1 microcode 0x8608103, cx8, cmov, fxsr, ht, mmx, 3dnowpref, sse, sse2, sse3, ssse3, sse4a, sse4.1, sse4.2, popcnt, lzcnt, tsc, tscinvbit, avx, avx2, aes, clmul, bmi1, bmi2, adx, sha, fma, vzeroupper, clflush, clflushopt, hv, rdtscp, rdpid, f16c
Processor Information for processor 0
  Max Mhz: 2100, Current Mhz: 1893, Mhz Limit: 2100
Processor Information for processor 1
  Max Mhz: 2100, Current Mhz: 1893, Mhz Limit: 2100
Processor Information for processor 2
  Max Mhz: 2100, Current Mhz: 1893, Mhz Limit: 2100
Processor Information for processor 3
  Max Mhz: 2100, Current Mhz: 1893, Mhz Limit: 2100
Processor Information for processor 4
  Max Mhz: 2100, Current Mhz: 1893, Mhz Limit: 2100
Processor Information for processor 5
  Max Mhz: 2100, Current Mhz: 1893, Mhz Limit: 2100
Processor Information for processor 6
  Max Mhz: 2100, Current Mhz: 1893, Mhz Limit: 2100
Processor Information for processor 7
  Max Mhz: 2100, Current Mhz: 1813, Mhz Limit: 2100
Processor Information for processor 8
  Max Mhz: 2100, Current Mhz: 1893, Mhz Limit: 2100
Processor Information for processor 9
  Max Mhz: 2100, Current Mhz: 1893, Mhz Limit: 2100
Processor Information for processor 10
  Max Mhz: 2100, Current Mhz: 1893, Mhz Limit: 2100
Processor Information for processor 11
  Max Mhz: 2100, Current Mhz: 1893, Mhz Limit: 2100

Memory: 4k page, system-wide physical 15178M (1137M free)
TotalPageFile size 32321M (AvailPageFile size 3M)
current process WorkingSet (physical memory assigned to process): 163M, peak: 163M
current process commit charge ("private bytes"): 297M, peak: 297M

vm_info: OpenJDK 64-Bit Server VM (21.0.10+7-LTS) for windows-amd64 JRE (21.0.10+7-LTS), built on 2026-01-20T00:00:00Z by "admin" with MS VC++ 17.12 (VS2022)

END.
