#
# There is insufficient memory for the Java Runtime Environment to continue.
# Native memory allocation (malloc) failed to allocate 150320 bytes for Chunk::new
# Possible reasons:
#   The system is out of physical RAM or swap space
#   The process is running with CompressedOops enabled, and the Java Heap may be blocking the growth of the native heap
# Possible solutions:
#   Reduce memory load on the system
#   Increase physical memory or swap space
#   Check if swap backing store is full
#   Decrease Java heap size (-Xmx/-Xms)
#   Decrease number of Java threads
#   Decrease Java thread stack sizes (-Xss)
#   Set larger code cache with -XX:ReservedCodeCacheSize=
#   JVM is running with Unscaled Compressed Oops mode in which the Java heap is
#     placed in the first 4GB address space. The Java Heap base address is the
#     maximum limit for the native heap growth. Please use -XX:HeapBaseMinAddress
#     to set the Java Heap base and to place the Java Heap above 4GB virtual address.
# This output file may be truncated or incomplete.
#
#  Out of Memory Error (arena.cpp:195), pid=26448, tid=28544
#
# JRE version: Java(TM) SE Runtime Environment (16.0.2+7) (build 16.0.2+7-67)
# Java VM: Java HotSpot(TM) 64-Bit Server VM (16.0.2+7-67, mixed mode, sharing, tiered, compressed oops, compressed class ptrs, g1 gc, windows-amd64)
# No core dump will be written. Minidumps are not enabled by default on client versions of Windows
#

---------------  S U M M A R Y ------------

Command Line: --add-opens=java.base/java.lang=ALL-UNNAMED --add-opens=java.base/java.lang.invoke=ALL-UNNAMED --add-opens=java.base/java.util=ALL-UNNAMED --add-opens=java.prefs/java.util.prefs=ALL-UNNAMED --add-exports=jdk.compiler/com.sun.tools.javac.api=ALL-UNNAMED --add-exports=jdk.compiler/com.sun.tools.javac.util=ALL-UNNAMED --add-opens=java.base/java.util=ALL-UNNAMED --add-opens=java.prefs/java.util.prefs=ALL-UNNAMED --add-opens=java.base/java.nio.charset=ALL-UNNAMED --add-opens=java.base/java.net=ALL-UNNAMED --add-opens=java.base/java.util.concurrent.atomic=ALL-UNNAMED --add-opens=java.xml/javax.xml.namespace=ALL-UNNAMED -Xmx1536m -Dfile.encoding=UTF-8 -Duser.country=US -Duser.language=en -Duser.variant -javaagent:C:\Users\Lenovo\.gradle\wrapper\dists\gradle-8.14.3-all\10utluxaxniiv4wxiphsi49nj\gradle-8.14.3\lib\agents\gradle-instrumentation-agent-8.14.3.jar org.gradle.launcher.daemon.bootstrap.GradleDaemon 8.14.3

Host: AMD Ryzen 5 5500U with Radeon Graphics         , 12 cores, 14G,  Windows 10 , 64 bit Build 26100 (10.0.26100.8328)
Time: Thu Jun 11 13:42:44 2026 SE Asia Standard Time elapsed time: 50.187632 seconds (0d 0h 0m 50s)

---------------  T H R E A D  ---------------

Current thread (0x000001c643087cc0):  JavaThread "C2 CompilerThread1" daemon [_thread_in_native, id=28544, stack(0x0000005c1d400000,0x0000005c1d500000)]


Current CompileTask:
C2:  50187 10464 %     4       java.io.ObjectOutputStream$BlockDataOutputStream::writeBytes @ 95 (144 bytes)

Stack: [0x0000005c1d400000,0x0000005c1d500000]
Native frames: (J=compiled Java code, j=interpreted, Vv=VM code, C=native code)
V  [jvm.dll+0x6681ca]
V  [jvm.dll+0x7c9e69]
V  [jvm.dll+0x7cb61e]
V  [jvm.dll+0x7cbc73]
V  [jvm.dll+0x242c55]
V  [jvm.dll+0xadeba]
V  [jvm.dll+0xae45c]
V  [jvm.dll+0x35a8d7]
V  [jvm.dll+0x324de1]
V  [jvm.dll+0x32428a]
V  [jvm.dll+0x215cec]
V  [jvm.dll+0x215100]
V  [jvm.dll+0x1a1beb]
V  [jvm.dll+0x225158]
V  [jvm.dll+0x22319c]
V  [jvm.dll+0x77fa62]
V  [jvm.dll+0x7795aa]
V  [jvm.dll+0x667066]
C  [ucrtbase.dll+0x37b0]
C  [KERNEL32.DLL+0x2e957]
C  [ntdll.dll+0x427c]


---------------  P R O C E S S  ---------------

Threads class SMR info:
_java_thread_list=0x000001c644d99ff0, length=80, elements={
0x000001c6228a3af0, 0x000001c63faa8310, 0x000001c63faab7a0, 0x000001c63faba1c0,
0x000001c63fabcae0, 0x000001c63fabd3f0, 0x000001c63fabfd10, 0x000001c63fac2960,
0x000001c63fac3e20, 0x000001c6405507a0, 0x000001c6405dbfd0, 0x000001c640651790,
0x000001c641c78900, 0x000001c642199bf0, 0x000001c64219a110, 0x000001c64253b030,
0x000001c641668540, 0x000001c6417ae5f0, 0x000001c641b4e8f0, 0x000001c641b4ce60,
0x000001c641b4b3d0, 0x000001c641b4b920, 0x000001c641b4be70, 0x000001c641b4c3c0,
0x000001c641b4d3b0, 0x000001c641b4e3a0, 0x000001c641b4c910, 0x000001c641b4d900,
0x000001c641b28e10, 0x000001c641b278d0, 0x000001c641b258f0, 0x000001c641b26e30,
0x000001c641b27e20, 0x000001c641b288c0, 0x000001c641b29e00, 0x000001c641b2a350,
0x000001c641b268e0, 0x000001c641b2adf0, 0x000001c641b27380, 0x000001c641b2c330,
0x000001c641b2c880, 0x000001c641b2b890, 0x000001c641b2bde0, 0x000001c64286d590,
0x000001c64286c5a0, 0x000001c64286e580, 0x000001c64286ead0, 0x000001c64286caf0,
0x000001c64286b060, 0x000001c64286d040, 0x000001c64286dae0, 0x000001c64286f020,
0x000001c64286b5b0, 0x000001c64286f570, 0x000001c64286bb00, 0x000001c64286e030,
0x000001c64286fac0, 0x000001c64286c050, 0x000001c642871ff0, 0x000001c642871550,
0x000001c642871000, 0x000001c642870560, 0x000001c642870010, 0x000001c642870ab0,
0x000001c642872a90, 0x000001c642871aa0, 0x000001c642872540, 0x000001c644254cc0,
0x000001c644251cf0, 0x000001c644252ce0, 0x000001c644252240, 0x000001c644253230,
0x000001c644253780, 0x000001c644253cd0, 0x000001c644254770, 0x000001c644254220,
0x000001c644251250, 0x000001c644255210, 0x000001c6442517a0, 0x000001c643087cc0
}

Java Threads: ( => current thread )
  0x000001c6228a3af0 JavaThread "main" [_thread_blocked, id=33824, stack(0x0000005c18500000,0x0000005c18600000)]
  0x000001c63faa8310 JavaThread "Reference Handler" daemon [_thread_blocked, id=26576, stack(0x0000005c18c00000,0x0000005c18d00000)]
  0x000001c63faab7a0 JavaThread "Finalizer" daemon [_thread_blocked, id=29452, stack(0x0000005c18d00000,0x0000005c18e00000)]
  0x000001c63faba1c0 JavaThread "Signal Dispatcher" daemon [_thread_blocked, id=12032, stack(0x0000005c18e00000,0x0000005c18f00000)]
  0x000001c63fabcae0 JavaThread "Attach Listener" daemon [_thread_blocked, id=24984, stack(0x0000005c18f00000,0x0000005c19000000)]
  0x000001c63fabd3f0 JavaThread "Service Thread" daemon [_thread_blocked, id=27312, stack(0x0000005c19000000,0x0000005c19100000)]
  0x000001c63fabfd10 JavaThread "Monitor Deflation Thread" daemon [_thread_blocked, id=31192, stack(0x0000005c19100000,0x0000005c19200000)]
  0x000001c63fac2960 JavaThread "C2 CompilerThread0" daemon [_thread_in_native, id=47112, stack(0x0000005c19200000,0x0000005c19300000)]
  0x000001c63fac3e20 JavaThread "C1 CompilerThread0" daemon [_thread_blocked, id=14424, stack(0x0000005c19300000,0x0000005c19400000)]
  0x000001c6405507a0 JavaThread "Sweeper thread" daemon [_thread_blocked, id=24484, stack(0x0000005c19400000,0x0000005c19500000)]
  0x000001c6405dbfd0 JavaThread "Common-Cleaner" daemon [_thread_blocked, id=27744, stack(0x0000005c19500000,0x0000005c19600000)]
  0x000001c640651790 JavaThread "Notification Thread" daemon [_thread_blocked, id=13884, stack(0x0000005c19600000,0x0000005c19700000)]
  0x000001c641c78900 JavaThread "Daemon health stats" [_thread_blocked, id=23612, stack(0x0000005c19800000,0x0000005c19900000)]
  0x000001c642199bf0 JavaThread "Incoming local TCP Connector on port 51882" [_thread_in_native, id=25124, stack(0x0000005c19d00000,0x0000005c19e00000)]
  0x000001c64219a110 JavaThread "Daemon periodic checks" [_thread_blocked, id=27992, stack(0x0000005c19e00000,0x0000005c19f00000)]
  0x000001c64253b030 JavaThread "Daemon" [_thread_blocked, id=40192, stack(0x0000005c19f00000,0x0000005c1a000000)]
  0x000001c641668540 JavaThread "Handler for socket connection from /127.0.0.1:51882 to /127.0.0.1:51883" [_thread_in_native, id=19484, stack(0x0000005c1a000000,0x0000005c1a100000)]
  0x000001c6417ae5f0 JavaThread "Cancel handler" [_thread_blocked, id=12544, stack(0x0000005c1a100000,0x0000005c1a200000)]
  0x000001c641b4e8f0 JavaThread "Daemon worker" [_thread_in_vm, id=17684, stack(0x0000005c1a200000,0x0000005c1a300000)]
  0x000001c641b4ce60 JavaThread "Asynchronous log dispatcher for DefaultDaemonConnection: socket connection from /127.0.0.1:51882 to /127.0.0.1:51883" [_thread_blocked, id=45708, stack(0x0000005c1a300000,0x0000005c1a400000)]
  0x000001c641b4b3d0 JavaThread "Stdin handler" [_thread_blocked, id=12728, stack(0x0000005c1a400000,0x0000005c1a500000)]
  0x000001c641b4b920 JavaThread "Daemon client event forwarder" [_thread_blocked, id=33788, stack(0x0000005c1a500000,0x0000005c1a600000)]
  0x000001c641b4be70 JavaThread "Cache worker for journal cache (C:\Users\Lenovo\.gradle\caches\journal-1)" [_thread_blocked, id=41392, stack(0x0000005c1a600000,0x0000005c1a700000)]
  0x000001c641b4c3c0 JavaThread "File lock request listener" [_thread_in_native, id=3160, stack(0x0000005c1a700000,0x0000005c1a800000)]
  0x000001c641b4d3b0 JavaThread "Cache worker for file hash cache (C:\Users\Lenovo\.gradle\caches\8.14.3\fileHashes)" [_thread_blocked, id=10536, stack(0x0000005c1a800000,0x0000005c1a900000)]
  0x000001c641b4e3a0 JavaThread "Problems report writer" [_thread_blocked, id=4112, stack(0x0000005c1b000000,0x0000005c1b100000)]
  0x000001c641b4c910 JavaThread "Cache worker for file hash cache (D:\Work\Source\Comsup\falcon\Prototype\MobileApp\android\.gradle\8.14.3\fileHashes)" [_thread_blocked, id=24812, stack(0x0000005c1b300000,0x0000005c1b400000)]
  0x000001c641b4d900 JavaThread "Cache worker for Build Output Cleanup Cache (D:\Work\Source\Comsup\falcon\Prototype\MobileApp\android\.gradle\buildOutputCleanup)" [_thread_blocked, id=38412, stack(0x0000005c1b400000,0x0000005c1b500000)]
  0x000001c641b28e10 JavaThread "File watcher server" daemon [_thread_in_native, id=20556, stack(0x0000005c1b500000,0x0000005c1b600000)]
  0x000001c641b278d0 JavaThread "File watcher consumer" daemon [_thread_blocked, id=40648, stack(0x0000005c1b600000,0x0000005c1b700000)]
  0x000001c641b258f0 JavaThread "jar transforms" [_thread_blocked, id=39512, stack(0x0000005c1b700000,0x0000005c1b800000)]
  0x000001c641b26e30 JavaThread "jar transforms Thread 2" [_thread_blocked, id=12300, stack(0x0000005c1b800000,0x0000005c1b900000)]
  0x000001c641b27e20 JavaThread "jar transforms Thread 3" [_thread_blocked, id=42964, stack(0x0000005c1b900000,0x0000005c1ba00000)]
  0x000001c641b288c0 JavaThread "jar transforms Thread 4" [_thread_blocked, id=46188, stack(0x0000005c1ba00000,0x0000005c1bb00000)]
  0x000001c641b29e00 JavaThread "jar transforms Thread 5" [_thread_blocked, id=47192, stack(0x0000005c1af00000,0x0000005c1b000000)]
  0x000001c641b2a350 JavaThread "Cache worker for checksums cache (D:\Work\Source\Comsup\falcon\Prototype\MobileApp\android\.gradle\8.14.3\checksums)" [_thread_blocked, id=19708, stack(0x0000005c1bc00000,0x0000005c1bd00000)]
  0x000001c641b268e0 JavaThread "Cache worker for file content cache (C:\Users\Lenovo\.gradle\caches\8.14.3\fileContent)" [_thread_blocked, id=43880, stack(0x0000005c1bb00000,0x0000005c1bc00000)]
  0x000001c641b2adf0 JavaThread "jar transforms Thread 6" [_thread_blocked, id=47640, stack(0x0000005c1be00000,0x0000005c1bf00000)]
  0x000001c641b27380 JavaThread "jar transforms Thread 7" [_thread_blocked, id=40128, stack(0x0000005c1ae00000,0x0000005c1af00000)]
  0x000001c641b2c330 JavaThread "jar transforms Thread 8" [_thread_blocked, id=44216, stack(0x0000005c1c000000,0x0000005c1c100000)]
  0x000001c641b2c880 JavaThread "jar transforms Thread 9" [_thread_blocked, id=48232, stack(0x0000005c1c300000,0x0000005c1c400000)]
  0x000001c641b2b890 JavaThread "jar transforms Thread 10" [_thread_blocked, id=48168, stack(0x0000005c1c400000,0x0000005c1c500000)]
  0x000001c641b2bde0 JavaThread "jar transforms Thread 11" [_thread_blocked, id=31000, stack(0x0000005c1c500000,0x0000005c1c600000)]
  0x000001c64286d590 JavaThread "jar transforms Thread 12" [_thread_blocked, id=29768, stack(0x0000005c1c600000,0x0000005c1c700000)]
  0x000001c64286c5a0 JavaThread "Cache worker for cache directory md-supplier (C:\Users\Lenovo\.gradle\caches\8.14.3\md-supplier)" [_thread_blocked, id=37856, stack(0x0000005c1bd00000,0x0000005c1be00000)]
  0x000001c64286e580 JavaThread "Cache worker for cache directory md-rule (C:\Users\Lenovo\.gradle\caches\8.14.3\md-rule)" [_thread_blocked, id=32424, stack(0x0000005c1bf00000,0x0000005c1c000000)]
  0x000001c64286ead0 JavaThread "Unconstrained build operations" [_thread_blocked, id=39672, stack(0x0000005c1c900000,0x0000005c1ca00000)]
  0x000001c64286caf0 JavaThread "Unconstrained build operations Thread 2" [_thread_blocked, id=31800, stack(0x0000005c1ca00000,0x0000005c1cb00000)]
  0x000001c64286b060 JavaThread "Unconstrained build operations Thread 3" [_thread_blocked, id=1848, stack(0x0000005c1cb00000,0x0000005c1cc00000)]
  0x000001c64286d040 JavaThread "Unconstrained build operations Thread 4" [_thread_blocked, id=10748, stack(0x0000005c1cc00000,0x0000005c1cd00000)]
  0x000001c64286dae0 JavaThread "Unconstrained build operations Thread 5" [_thread_blocked, id=47924, stack(0x0000005c1cd00000,0x0000005c1ce00000)]
  0x000001c64286f020 JavaThread "Unconstrained build operations Thread 6" [_thread_blocked, id=40916, stack(0x0000005c1ce00000,0x0000005c1cf00000)]
  0x000001c64286b5b0 JavaThread "Unconstrained build operations Thread 7" [_thread_blocked, id=12744, stack(0x0000005c1cf00000,0x0000005c1d000000)]
  0x000001c64286f570 JavaThread "Unconstrained build operations Thread 8" [_thread_blocked, id=11648, stack(0x0000005c1d000000,0x0000005c1d100000)]
  0x000001c64286bb00 JavaThread "Unconstrained build operations Thread 9" [_thread_blocked, id=3224, stack(0x0000005c1d100000,0x0000005c1d200000)]
  0x000001c64286e030 JavaThread "Unconstrained build operations Thread 10" [_thread_blocked, id=40716, stack(0x0000005c1d200000,0x0000005c1d300000)]
  0x000001c64286fac0 JavaThread "Unconstrained build operations Thread 11" [_thread_blocked, id=20076, stack(0x0000005c1d300000,0x0000005c1d400000)]
  0x000001c64286c050 JavaThread "Unconstrained build operations Thread 12" [_thread_blocked, id=45900, stack(0x0000005c1d500000,0x0000005c1d600000)]
  0x000001c642871ff0 JavaThread "Unconstrained build operations Thread 13" [_thread_blocked, id=37900, stack(0x0000005c1d600000,0x0000005c1d700000)]
  0x000001c642871550 JavaThread "Unconstrained build operations Thread 14" [_thread_blocked, id=29352, stack(0x0000005c1d700000,0x0000005c1d800000)]
  0x000001c642871000 JavaThread "Unconstrained build operations Thread 15" [_thread_blocked, id=37544, stack(0x0000005c1d800000,0x0000005c1d900000)]
  0x000001c642870560 JavaThread "Unconstrained build operations Thread 16" [_thread_blocked, id=39664, stack(0x0000005c1d900000,0x0000005c1da00000)]
  0x000001c642870010 JavaThread "Unconstrained build operations Thread 17" [_thread_blocked, id=34072, stack(0x0000005c1da00000,0x0000005c1db00000)]
  0x000001c642870ab0 JavaThread "Unconstrained build operations Thread 18" [_thread_blocked, id=38364, stack(0x0000005c1db00000,0x0000005c1dc00000)]
  0x000001c642872a90 JavaThread "Unconstrained build operations Thread 19" [_thread_blocked, id=32128, stack(0x0000005c1dc00000,0x0000005c1dd00000)]
  0x000001c642871aa0 JavaThread "Unconstrained build operations Thread 20" [_thread_blocked, id=41168, stack(0x0000005c1dd00000,0x0000005c1de00000)]
  0x000001c642872540 JavaThread "Unconstrained build operations Thread 21" [_thread_blocked, id=46088, stack(0x0000005c1de00000,0x0000005c1df00000)]
  0x000001c644254cc0 JavaThread "Unconstrained build operations Thread 22" [_thread_blocked, id=43952, stack(0x0000005c1df00000,0x0000005c1e000000)]
  0x000001c644251cf0 JavaThread "Unconstrained build operations Thread 23" [_thread_blocked, id=3704, stack(0x0000005c1e100000,0x0000005c1e200000)]
  0x000001c644252ce0 JavaThread "Unconstrained build operations Thread 24" [_thread_blocked, id=50060, stack(0x0000005c1e200000,0x0000005c1e300000)]
  0x000001c644252240 JavaThread "Unconstrained build operations Thread 25" [_thread_blocked, id=33320, stack(0x0000005c1e300000,0x0000005c1e400000)]
  0x000001c644253230 JavaThread "Unconstrained build operations Thread 26" [_thread_blocked, id=39676, stack(0x0000005c1e400000,0x0000005c1e500000)]
  0x000001c644253780 JavaThread "Unconstrained build operations Thread 27" [_thread_blocked, id=32320, stack(0x0000005c1e500000,0x0000005c1e600000)]
  0x000001c644253cd0 JavaThread "Unconstrained build operations Thread 28" [_thread_blocked, id=13816, stack(0x0000005c1e600000,0x0000005c1e700000)]
  0x000001c644254770 JavaThread "Unconstrained build operations Thread 29" [_thread_blocked, id=27936, stack(0x0000005c1e700000,0x0000005c1e800000)]
  0x000001c644254220 JavaThread "Unconstrained build operations Thread 30" [_thread_blocked, id=18068, stack(0x0000005c1e800000,0x0000005c1e900000)]
  0x000001c644251250 JavaThread "Unconstrained build operations Thread 31" [_thread_blocked, id=48760, stack(0x0000005c1e900000,0x0000005c1ea00000)]
  0x000001c644255210 JavaThread "Unconstrained build operations Thread 32" [_thread_blocked, id=17096, stack(0x0000005c1ea00000,0x0000005c1eb00000)]
  0x000001c6442517a0 JavaThread "Unconstrained build operations Thread 33" [_thread_blocked, id=33864, stack(0x0000005c1eb00000,0x0000005c1ec00000)]
=>0x000001c643087cc0 JavaThread "C2 CompilerThread1" daemon [_thread_in_native, id=28544, stack(0x0000005c1d400000,0x0000005c1d500000)]

Other Threads:
  0x000001c63faa15f0 VMThread "VM Thread" [stack: 0x0000005c18b00000,0x0000005c18c00000] [id=46984]
  0x000001c6406739d0 WatcherThread [stack: 0x0000005c19700000,0x0000005c19800000] [id=39508]
  0x000001c6228db8d0 GCTaskThread "GC Thread#0" [stack: 0x0000005c18600000,0x0000005c18700000] [id=7960]
  0x000001c640bee740 GCTaskThread "GC Thread#1" [stack: 0x0000005c19900000,0x0000005c19a00000] [id=26360]
  0x000001c640beea50 GCTaskThread "GC Thread#2" [stack: 0x0000005c19a00000,0x0000005c19b00000] [id=43344]
  0x000001c640ae8610 GCTaskThread "GC Thread#3" [stack: 0x0000005c19b00000,0x0000005c19c00000] [id=5592]
  0x000001c640ae8920 GCTaskThread "GC Thread#4" [stack: 0x0000005c19c00000,0x0000005c19d00000] [id=30580]
  0x000001c64428d2e0 GCTaskThread "GC Thread#5" [stack: 0x0000005c1a900000,0x0000005c1aa00000] [id=32200]
  0x000001c64428dc10 GCTaskThread "GC Thread#6" [stack: 0x0000005c1aa00000,0x0000005c1ab00000] [id=32236]
  0x000001c64428d5f0 GCTaskThread "GC Thread#7" [stack: 0x0000005c1ab00000,0x0000005c1ac00000] [id=17992]
  0x000001c64428cfd0 GCTaskThread "GC Thread#8" [stack: 0x0000005c1ac00000,0x0000005c1ad00000] [id=7560]
  0x000001c64428d900 GCTaskThread "GC Thread#9" [stack: 0x0000005c1ad00000,0x0000005c1ae00000] [id=39092]
  0x000001c6228e8820 ConcurrentGCThread "G1 Main Marker" [stack: 0x0000005c18700000,0x0000005c18800000] [id=28828]
  0x000001c6228ec2f0 ConcurrentGCThread "G1 Conc#0" [stack: 0x0000005c18800000,0x0000005c18900000] [id=22100]
  0x000001c64428e230 ConcurrentGCThread "G1 Conc#1" [stack: 0x0000005c1b100000,0x0000005c1b200000] [id=49260]
  0x000001c64428e540 ConcurrentGCThread "G1 Conc#2" [stack: 0x0000005c1b200000,0x0000005c1b300000] [id=25456]
  0x000001c62296d7c0 ConcurrentGCThread "G1 Refine#0" [stack: 0x0000005c18900000,0x0000005c18a00000] [id=12964]
  0x000001c64741dcd0 ConcurrentGCThread "G1 Refine#1" [stack: 0x0000005c1c100000,0x0000005c1c200000] [id=14240]
  0x000001c64741c610 ConcurrentGCThread "G1 Refine#2" [stack: 0x0000005c1c200000,0x0000005c1c300000] [id=20584]
  0x000001c62296e150 ConcurrentGCThread "G1 Service" [stack: 0x0000005c18a00000,0x0000005c18b00000] [id=15064]

Threads with active compile tasks:
C2 CompilerThread0    50271 10428       4       java.lang.reflect.Executable::getAnnotation (23 bytes)
C2 CompilerThread1    50271 10464 %     4       java.io.ObjectOutputStream$BlockDataOutputStream::writeBytes @ 95 (144 bytes)

VM state: not at safepoint (normal execution)

VM Mutex/Monitor currently owned by a thread: None

Heap address: 0x00000000a0000000, size: 1536 MB, Compressed Oops mode: 32-bit

CDS archive(s) mapped at: [0x0000000800000000-0x0000000800bb0000-0x0000000800bb0000), size 12255232, SharedBaseAddress: 0x0000000800000000, ArchiveRelocationMode: 0.
Compressed class space mapped at: 0x0000000800c00000-0x0000000840c00000, reserved size: 1073741824
Narrow klass base: 0x0000000800000000, Narrow klass shift: 3, Narrow klass range: 0x100000000

GC Precious Log:
 CPUs: 12 total, 12 available
 Memory: 15178M
 Large Page Support: Disabled
 NUMA Support: Disabled
 Compressed Oops: Enabled (32-bit)
 Heap Region Size: 1M
 Heap Min Capacity: 8M
 Heap Initial Capacity: 238M
 Heap Max Capacity: 1536M
 Pre-touch: Disabled
 Parallel Workers: 10
 Concurrent Workers: 3
 Concurrent Refinement Workers: 10
 Periodic GC: Disabled

Heap:
 garbage-first heap   total 142336K, used 82875K [0x00000000a0000000, 0x0000000100000000)
  region size 1024K, 5 young (5120K), 3 survivors (3072K)
 Metaspace       used 62492K, committed 63104K, reserved 1105920K
  class space    used 8354K, committed 8640K, reserved 1048576K

Heap Regions: E=young(eden), S=young(survivor), O=old, HS=humongous(starts), HC=humongous(continues), CS=collection set, F=free, OA=open archive, CA=closed archive, TAMS=top-at-mark-start (previous, next)
|   0|0x00000000a0000000, 0x00000000a0100000, 0x00000000a0100000|100%|HS|  |TAMS 0x00000000a0100000, 0x00000000a0000000| Complete 
|   1|0x00000000a0100000, 0x00000000a0200000, 0x00000000a0200000|100%|HC|  |TAMS 0x00000000a0200000, 0x00000000a0100000| Complete 
|   2|0x00000000a0200000, 0x00000000a0300000, 0x00000000a0300000|100%|HC|  |TAMS 0x00000000a0300000, 0x00000000a0200000| Complete 
|   3|0x00000000a0300000, 0x00000000a0400000, 0x00000000a0400000|100%| O|  |TAMS 0x00000000a0400000, 0x00000000a0300000| Untracked 
|   4|0x00000000a0400000, 0x00000000a0500000, 0x00000000a0500000|100%| O|  |TAMS 0x00000000a0500000, 0x00000000a0400000| Untracked 
|   5|0x00000000a0500000, 0x00000000a0600000, 0x00000000a0600000|100%| O|  |TAMS 0x00000000a0600000, 0x00000000a0500000| Untracked 
|   6|0x00000000a0600000, 0x00000000a0700000, 0x00000000a0700000|100%|HS|  |TAMS 0x00000000a0700000, 0x00000000a0600000| Complete 
|   7|0x00000000a0700000, 0x00000000a0800000, 0x00000000a0800000|100%| O|  |TAMS 0x00000000a0800000, 0x00000000a0700000| Untracked 
|   8|0x00000000a0800000, 0x00000000a0900000, 0x00000000a0900000|100%| O|  |TAMS 0x00000000a0900000, 0x00000000a0800000| Untracked 
|   9|0x00000000a0900000, 0x00000000a0a00000, 0x00000000a0a00000|100%| O|  |TAMS 0x00000000a0a00000, 0x00000000a0900000| Untracked 
|  10|0x00000000a0a00000, 0x00000000a0b00000, 0x00000000a0b00000|100%| O|  |TAMS 0x00000000a0b00000, 0x00000000a0a00000| Untracked 
|  11|0x00000000a0b00000, 0x00000000a0c00000, 0x00000000a0c00000|100%| O|  |TAMS 0x00000000a0c00000, 0x00000000a0b00000| Untracked 
|  12|0x00000000a0c00000, 0x00000000a0d00000, 0x00000000a0d00000|100%| O|  |TAMS 0x00000000a0d00000, 0x00000000a0c00000| Untracked 
|  13|0x00000000a0d00000, 0x00000000a0e00000, 0x00000000a0e00000|100%| O|  |TAMS 0x00000000a0e00000, 0x00000000a0d00000| Untracked 
|  14|0x00000000a0e00000, 0x00000000a0f00000, 0x00000000a0f00000|100%| O|  |TAMS 0x00000000a0f00000, 0x00000000a0e00000| Untracked 
|  15|0x00000000a0f00000, 0x00000000a1000000, 0x00000000a1000000|100%| O|  |TAMS 0x00000000a1000000, 0x00000000a0f00000| Untracked 
|  16|0x00000000a1000000, 0x00000000a1100000, 0x00000000a1100000|100%| O|  |TAMS 0x00000000a1100000, 0x00000000a1000000| Untracked 
|  17|0x00000000a1100000, 0x00000000a1200000, 0x00000000a1200000|100%| O|  |TAMS 0x00000000a1200000, 0x00000000a1100000| Untracked 
|  18|0x00000000a1200000, 0x00000000a1300000, 0x00000000a1300000|100%| O|  |TAMS 0x00000000a1300000, 0x00000000a1200000| Untracked 
|  19|0x00000000a1300000, 0x00000000a1400000, 0x00000000a1400000|100%| O|  |TAMS 0x00000000a1400000, 0x00000000a1300000| Untracked 
|  20|0x00000000a1400000, 0x00000000a14d5400, 0x00000000a1500000| 83%| O|  |TAMS 0x00000000a14d5400, 0x00000000a1400000| Untracked 
|  21|0x00000000a1500000, 0x00000000a1600000, 0x00000000a1600000|100%| O|  |TAMS 0x00000000a1600000, 0x00000000a1500000| Untracked 
|  22|0x00000000a1600000, 0x00000000a1700000, 0x00000000a1700000|100%| O|  |TAMS 0x00000000a1700000, 0x00000000a1600000| Untracked 
|  23|0x00000000a1700000, 0x00000000a1800000, 0x00000000a1800000|100%| O|  |TAMS 0x00000000a1800000, 0x00000000a1700000| Untracked 
|  24|0x00000000a1800000, 0x00000000a1900000, 0x00000000a1900000|100%| O|  |TAMS 0x00000000a1900000, 0x00000000a1800000| Untracked 
|  25|0x00000000a1900000, 0x00000000a1a00000, 0x00000000a1a00000|100%| O|  |TAMS 0x00000000a1a00000, 0x00000000a1900000| Untracked 
|  26|0x00000000a1a00000, 0x00000000a1b00000, 0x00000000a1b00000|100%| O|  |TAMS 0x00000000a1b00000, 0x00000000a1a00000| Untracked 
|  27|0x00000000a1b00000, 0x00000000a1c00000, 0x00000000a1c00000|100%| O|  |TAMS 0x00000000a1c00000, 0x00000000a1b00000| Untracked 
|  28|0x00000000a1c00000, 0x00000000a1d00000, 0x00000000a1d00000|100%| O|  |TAMS 0x00000000a1d00000, 0x00000000a1c00000| Untracked 
|  29|0x00000000a1d00000, 0x00000000a1e00000, 0x00000000a1e00000|100%| O|  |TAMS 0x00000000a1e00000, 0x00000000a1d00000| Untracked 
|  30|0x00000000a1e00000, 0x00000000a1f00000, 0x00000000a1f00000|100%| O|  |TAMS 0x00000000a1f00000, 0x00000000a1e00000| Untracked 
|  31|0x00000000a1f00000, 0x00000000a2000000, 0x00000000a2000000|100%| O|  |TAMS 0x00000000a2000000, 0x00000000a1f00000| Untracked 
|  32|0x00000000a2000000, 0x00000000a2100000, 0x00000000a2100000|100%| O|  |TAMS 0x00000000a2100000, 0x00000000a2000000| Untracked 
|  33|0x00000000a2100000, 0x00000000a2200000, 0x00000000a2200000|100%| O|  |TAMS 0x00000000a2200000, 0x00000000a2100000| Untracked 
|  34|0x00000000a2200000, 0x00000000a2300000, 0x00000000a2300000|100%| O|  |TAMS 0x00000000a2300000, 0x00000000a2200000| Untracked 
|  35|0x00000000a2300000, 0x00000000a2400000, 0x00000000a2400000|100%| O|  |TAMS 0x00000000a2400000, 0x00000000a2300000| Untracked 
|  36|0x00000000a2400000, 0x00000000a2500000, 0x00000000a2500000|100%| O|  |TAMS 0x00000000a2500000, 0x00000000a2400000| Untracked 
|  37|0x00000000a2500000, 0x00000000a2600000, 0x00000000a2600000|100%| O|  |TAMS 0x00000000a2600000, 0x00000000a2500000| Untracked 
|  38|0x00000000a2600000, 0x00000000a2700000, 0x00000000a2700000|100%| O|  |TAMS 0x00000000a2700000, 0x00000000a2600000| Untracked 
|  39|0x00000000a2700000, 0x00000000a2800000, 0x00000000a2800000|100%| O|  |TAMS 0x00000000a2800000, 0x00000000a2700000| Untracked 
|  40|0x00000000a2800000, 0x00000000a2900000, 0x00000000a2900000|100%| O|  |TAMS 0x00000000a2900000, 0x00000000a2800000| Untracked 
|  41|0x00000000a2900000, 0x00000000a2a00000, 0x00000000a2a00000|100%| O|  |TAMS 0x00000000a2a00000, 0x00000000a2900000| Untracked 
|  42|0x00000000a2a00000, 0x00000000a2b00000, 0x00000000a2b00000|100%| O|  |TAMS 0x00000000a2b00000, 0x00000000a2a00000| Untracked 
|  43|0x00000000a2b00000, 0x00000000a2c00000, 0x00000000a2c00000|100%| O|  |TAMS 0x00000000a2c00000, 0x00000000a2b00000| Untracked 
|  44|0x00000000a2c00000, 0x00000000a2d00000, 0x00000000a2d00000|100%| O|  |TAMS 0x00000000a2d00000, 0x00000000a2c00000| Untracked 
|  45|0x00000000a2d00000, 0x00000000a2e00000, 0x00000000a2e00000|100%| O|  |TAMS 0x00000000a2e00000, 0x00000000a2d00000| Untracked 
|  46|0x00000000a2e00000, 0x00000000a2f00000, 0x00000000a2f00000|100%| O|  |TAMS 0x00000000a2f00000, 0x00000000a2e00000| Untracked 
|  47|0x00000000a2f00000, 0x00000000a3000000, 0x00000000a3000000|100%| O|  |TAMS 0x00000000a3000000, 0x00000000a2f00000| Untracked 
|  48|0x00000000a3000000, 0x00000000a3100000, 0x00000000a3100000|100%| O|  |TAMS 0x00000000a3100000, 0x00000000a3000000| Untracked 
|  49|0x00000000a3100000, 0x00000000a3200000, 0x00000000a3200000|100%|HS|  |TAMS 0x00000000a3200000, 0x00000000a3100000| Complete 
|  50|0x00000000a3200000, 0x00000000a3300000, 0x00000000a3300000|100%| O|  |TAMS 0x00000000a3300000, 0x00000000a3200000| Untracked 
|  51|0x00000000a3300000, 0x00000000a3400000, 0x00000000a3400000|100%| O|  |TAMS 0x00000000a3400000, 0x00000000a3300000| Untracked 
|  52|0x00000000a3400000, 0x00000000a3500000, 0x00000000a3500000|100%| O|  |TAMS 0x00000000a3500000, 0x00000000a3400000| Untracked 
|  53|0x00000000a3500000, 0x00000000a3600000, 0x00000000a3600000|100%| O|  |TAMS 0x00000000a3600000, 0x00000000a3500000| Untracked 
|  54|0x00000000a3600000, 0x00000000a3700000, 0x00000000a3700000|100%| O|  |TAMS 0x00000000a3700000, 0x00000000a3600000| Untracked 
|  55|0x00000000a3700000, 0x00000000a3800000, 0x00000000a3800000|100%| O|  |TAMS 0x00000000a3800000, 0x00000000a3700000| Untracked 
|  56|0x00000000a3800000, 0x00000000a3900000, 0x00000000a3900000|100%| O|  |TAMS 0x00000000a3900000, 0x00000000a3800000| Untracked 
|  57|0x00000000a3900000, 0x00000000a3a00000, 0x00000000a3a00000|100%| O|  |TAMS 0x00000000a3a00000, 0x00000000a3900000| Untracked 
|  58|0x00000000a3a00000, 0x00000000a3b00000, 0x00000000a3b00000|100%| O|  |TAMS 0x00000000a3b00000, 0x00000000a3a00000| Untracked 
|  59|0x00000000a3b00000, 0x00000000a3c00000, 0x00000000a3c00000|100%| O|  |TAMS 0x00000000a3c00000, 0x00000000a3b00000| Untracked 
|  60|0x00000000a3c00000, 0x00000000a3d00000, 0x00000000a3d00000|100%| O|  |TAMS 0x00000000a3d00000, 0x00000000a3c00000| Untracked 
|  61|0x00000000a3d00000, 0x00000000a3e00000, 0x00000000a3e00000|100%| O|  |TAMS 0x00000000a3e00000, 0x00000000a3d00000| Untracked 
|  62|0x00000000a3e00000, 0x00000000a3f00000, 0x00000000a3f00000|100%| O|  |TAMS 0x00000000a3f00000, 0x00000000a3e00000| Untracked 
|  63|0x00000000a3f00000, 0x00000000a4000000, 0x00000000a4000000|100%| O|  |TAMS 0x00000000a4000000, 0x00000000a3f00000| Untracked 
|  64|0x00000000a4000000, 0x00000000a4100000, 0x00000000a4100000|100%|HS|  |TAMS 0x00000000a4100000, 0x00000000a4000000| Complete 
|  65|0x00000000a4100000, 0x00000000a4200000, 0x00000000a4200000|100%|HS|  |TAMS 0x00000000a4200000, 0x00000000a4100000| Complete 
|  66|0x00000000a4200000, 0x00000000a4300000, 0x00000000a4300000|100%|HS|  |TAMS 0x00000000a4300000, 0x00000000a4200000| Complete 
|  67|0x00000000a4300000, 0x00000000a4400000, 0x00000000a4400000|100%| O|  |TAMS 0x00000000a4400000, 0x00000000a4300000| Untracked 
|  68|0x00000000a4400000, 0x00000000a4500000, 0x00000000a4500000|100%|HS|  |TAMS 0x00000000a4500000, 0x00000000a4400000| Complete 
|  69|0x00000000a4500000, 0x00000000a4600000, 0x00000000a4600000|100%| O|  |TAMS 0x00000000a4600000, 0x00000000a4500000| Untracked 
|  70|0x00000000a4600000, 0x00000000a4700000, 0x00000000a4700000|100%| O|  |TAMS 0x00000000a4700000, 0x00000000a4600000| Untracked 
|  71|0x00000000a4700000, 0x00000000a4800000, 0x00000000a4800000|100%| O|  |TAMS 0x00000000a4800000, 0x00000000a4700000| Untracked 
|  72|0x00000000a4800000, 0x00000000a4900000, 0x00000000a4900000|100%| O|  |TAMS 0x00000000a4900000, 0x00000000a4800000| Untracked 
|  73|0x00000000a4900000, 0x00000000a4a00000, 0x00000000a4a00000|100%| O|  |TAMS 0x00000000a4a00000, 0x00000000a4900000| Untracked 
|  74|0x00000000a4a00000, 0x00000000a4b00000, 0x00000000a4b00000|100%| O|  |TAMS 0x00000000a4b00000, 0x00000000a4a00000| Untracked 
|  75|0x00000000a4b00000, 0x00000000a4b92800, 0x00000000a4c00000| 57%| O|  |TAMS 0x00000000a4b92800, 0x00000000a4b00000| Untracked 
|  76|0x00000000a4c00000, 0x00000000a4d00000, 0x00000000a4d00000|100%|HS|  |TAMS 0x00000000a4d00000, 0x00000000a4c00000| Complete 
|  77|0x00000000a4d00000, 0x00000000a4e00000, 0x00000000a4e00000|100%|HS|  |TAMS 0x00000000a4d00000, 0x00000000a4d00000| Complete 
|  78|0x00000000a4e00000, 0x00000000a4e00000, 0x00000000a4f00000|  0%| F|  |TAMS 0x00000000a4e00000, 0x00000000a4e00000| Untracked 
|  79|0x00000000a4f00000, 0x00000000a4f00000, 0x00000000a5000000|  0%| F|  |TAMS 0x00000000a4f00000, 0x00000000a4f00000| Untracked 
|  80|0x00000000a5000000, 0x00000000a5000000, 0x00000000a5100000|  0%| F|  |TAMS 0x00000000a5000000, 0x00000000a5000000| Untracked 
|  81|0x00000000a5100000, 0x00000000a5100000, 0x00000000a5200000|  0%| F|  |TAMS 0x00000000a5100000, 0x00000000a5100000| Untracked 
|  82|0x00000000a5200000, 0x00000000a5200000, 0x00000000a5300000|  0%| F|  |TAMS 0x00000000a5200000, 0x00000000a5200000| Untracked 
|  83|0x00000000a5300000, 0x00000000a5300000, 0x00000000a5400000|  0%| F|  |TAMS 0x00000000a5300000, 0x00000000a5300000| Untracked 
|  84|0x00000000a5400000, 0x00000000a5400000, 0x00000000a5500000|  0%| F|  |TAMS 0x00000000a5400000, 0x00000000a5400000| Untracked 
|  85|0x00000000a5500000, 0x00000000a5500000, 0x00000000a5600000|  0%| F|  |TAMS 0x00000000a5500000, 0x00000000a5500000| Untracked 
|  86|0x00000000a5600000, 0x00000000a5600000, 0x00000000a5700000|  0%| F|  |TAMS 0x00000000a5600000, 0x00000000a5600000| Untracked 
|  87|0x00000000a5700000, 0x00000000a5700000, 0x00000000a5800000|  0%| F|  |TAMS 0x00000000a5700000, 0x00000000a5700000| Untracked 
|  88|0x00000000a5800000, 0x00000000a5800000, 0x00000000a5900000|  0%| F|  |TAMS 0x00000000a5800000, 0x00000000a5800000| Untracked 
|  89|0x00000000a5900000, 0x00000000a5900000, 0x00000000a5a00000|  0%| F|  |TAMS 0x00000000a5900000, 0x00000000a5900000| Untracked 
|  90|0x00000000a5a00000, 0x00000000a5a00000, 0x00000000a5b00000|  0%| F|  |TAMS 0x00000000a5a00000, 0x00000000a5a00000| Untracked 
|  91|0x00000000a5b00000, 0x00000000a5b00000, 0x00000000a5c00000|  0%| F|  |TAMS 0x00000000a5b00000, 0x00000000a5b00000| Untracked 
|  92|0x00000000a5c00000, 0x00000000a5c00000, 0x00000000a5d00000|  0%| F|  |TAMS 0x00000000a5c00000, 0x00000000a5c00000| Untracked 
|  93|0x00000000a5d00000, 0x00000000a5d00000, 0x00000000a5e00000|  0%| F|  |TAMS 0x00000000a5d00000, 0x00000000a5d00000| Untracked 
|  94|0x00000000a5e00000, 0x00000000a5e00000, 0x00000000a5f00000|  0%| F|  |TAMS 0x00000000a5e00000, 0x00000000a5e00000| Untracked 
|  95|0x00000000a5f00000, 0x00000000a5f00000, 0x00000000a6000000|  0%| F|  |TAMS 0x00000000a5f00000, 0x00000000a5f00000| Untracked 
|  96|0x00000000a6000000, 0x00000000a6000000, 0x00000000a6100000|  0%| F|  |TAMS 0x00000000a6000000, 0x00000000a6000000| Untracked 
|  97|0x00000000a6100000, 0x00000000a6100000, 0x00000000a6200000|  0%| F|  |TAMS 0x00000000a6100000, 0x00000000a6100000| Untracked 
|  98|0x00000000a6200000, 0x00000000a6200000, 0x00000000a6300000|  0%| F|  |TAMS 0x00000000a6200000, 0x00000000a6200000| Untracked 
|  99|0x00000000a6300000, 0x00000000a6300000, 0x00000000a6400000|  0%| F|  |TAMS 0x00000000a6300000, 0x00000000a6300000| Untracked 
| 100|0x00000000a6400000, 0x00000000a6400000, 0x00000000a6500000|  0%| F|  |TAMS 0x00000000a6400000, 0x00000000a6400000| Untracked 
| 101|0x00000000a6500000, 0x00000000a6500000, 0x00000000a6600000|  0%| F|  |TAMS 0x00000000a6500000, 0x00000000a6500000| Untracked 
| 102|0x00000000a6600000, 0x00000000a6600000, 0x00000000a6700000|  0%| F|  |TAMS 0x00000000a6600000, 0x00000000a6600000| Untracked 
| 103|0x00000000a6700000, 0x00000000a6700000, 0x00000000a6800000|  0%| F|  |TAMS 0x00000000a6700000, 0x00000000a6700000| Untracked 
| 104|0x00000000a6800000, 0x00000000a6800000, 0x00000000a6900000|  0%| F|  |TAMS 0x00000000a6800000, 0x00000000a6800000| Untracked 
| 105|0x00000000a6900000, 0x00000000a69872b0, 0x00000000a6a00000| 52%| S|CS|TAMS 0x00000000a6900000, 0x00000000a6900000| Complete 
| 106|0x00000000a6a00000, 0x00000000a6b00000, 0x00000000a6b00000|100%| S|CS|TAMS 0x00000000a6a00000, 0x00000000a6a00000| Complete 
| 107|0x00000000a6b00000, 0x00000000a6c00000, 0x00000000a6c00000|100%| S|CS|TAMS 0x00000000a6b00000, 0x00000000a6b00000| Complete 
| 108|0x00000000a6c00000, 0x00000000a6c00000, 0x00000000a6d00000|  0%| F|  |TAMS 0x00000000a6c00000, 0x00000000a6c00000| Untracked 
| 109|0x00000000a6d00000, 0x00000000a6d00000, 0x00000000a6e00000|  0%| F|  |TAMS 0x00000000a6d00000, 0x00000000a6d00000| Untracked 
| 110|0x00000000a6e00000, 0x00000000a6e00000, 0x00000000a6f00000|  0%| F|  |TAMS 0x00000000a6e00000, 0x00000000a6e00000| Untracked 
| 111|0x00000000a6f00000, 0x00000000a6f00000, 0x00000000a7000000|  0%| F|  |TAMS 0x00000000a6f00000, 0x00000000a6f00000| Untracked 
| 112|0x00000000a7000000, 0x00000000a7000000, 0x00000000a7100000|  0%| F|  |TAMS 0x00000000a7000000, 0x00000000a7000000| Untracked 
| 113|0x00000000a7100000, 0x00000000a7100000, 0x00000000a7200000|  0%| F|  |TAMS 0x00000000a7100000, 0x00000000a7100000| Untracked 
| 114|0x00000000a7200000, 0x00000000a7200000, 0x00000000a7300000|  0%| F|  |TAMS 0x00000000a7200000, 0x00000000a7200000| Untracked 
| 115|0x00000000a7300000, 0x00000000a7300000, 0x00000000a7400000|  0%| F|  |TAMS 0x00000000a7300000, 0x00000000a7300000| Untracked 
| 116|0x00000000a7400000, 0x00000000a7400000, 0x00000000a7500000|  0%| F|  |TAMS 0x00000000a7400000, 0x00000000a7400000| Untracked 
| 117|0x00000000a7500000, 0x00000000a7500000, 0x00000000a7600000|  0%| F|  |TAMS 0x00000000a7500000, 0x00000000a7500000| Untracked 
| 118|0x00000000a7600000, 0x00000000a7600000, 0x00000000a7700000|  0%| F|  |TAMS 0x00000000a7600000, 0x00000000a7600000| Untracked 
| 119|0x00000000a7700000, 0x00000000a7700000, 0x00000000a7800000|  0%| F|  |TAMS 0x00000000a7700000, 0x00000000a7700000| Untracked 
| 120|0x00000000a7800000, 0x00000000a7800000, 0x00000000a7900000|  0%| F|  |TAMS 0x00000000a7800000, 0x00000000a7800000| Untracked 
| 121|0x00000000a7900000, 0x00000000a7900000, 0x00000000a7a00000|  0%| F|  |TAMS 0x00000000a7900000, 0x00000000a7900000| Untracked 
| 122|0x00000000a7a00000, 0x00000000a7a00000, 0x00000000a7b00000|  0%| F|  |TAMS 0x00000000a7a00000, 0x00000000a7a00000| Untracked 
| 123|0x00000000a7b00000, 0x00000000a7b00000, 0x00000000a7c00000|  0%| F|  |TAMS 0x00000000a7b00000, 0x00000000a7b00000| Untracked 
| 124|0x00000000a7c00000, 0x00000000a7c00000, 0x00000000a7d00000|  0%| F|  |TAMS 0x00000000a7c00000, 0x00000000a7c00000| Untracked 
| 125|0x00000000a7d00000, 0x00000000a7d00000, 0x00000000a7e00000|  0%| F|  |TAMS 0x00000000a7d00000, 0x00000000a7d00000| Untracked 
| 126|0x00000000a7e00000, 0x00000000a7e00000, 0x00000000a7f00000|  0%| F|  |TAMS 0x00000000a7e00000, 0x00000000a7e00000| Untracked 
| 127|0x00000000a7f00000, 0x00000000a7f00000, 0x00000000a8000000|  0%| F|  |TAMS 0x00000000a7f00000, 0x00000000a7f00000| Untracked 
| 128|0x00000000a8000000, 0x00000000a8000000, 0x00000000a8100000|  0%| F|  |TAMS 0x00000000a8000000, 0x00000000a8000000| Untracked 
| 129|0x00000000a8100000, 0x00000000a8100000, 0x00000000a8200000|  0%| F|  |TAMS 0x00000000a8100000, 0x00000000a8100000| Untracked 
| 130|0x00000000a8200000, 0x00000000a8200000, 0x00000000a8300000|  0%| F|  |TAMS 0x00000000a8200000, 0x00000000a8200000| Untracked 
| 131|0x00000000a8300000, 0x00000000a8300000, 0x00000000a8400000|  0%| F|  |TAMS 0x00000000a8300000, 0x00000000a8300000| Untracked 
| 132|0x00000000a8400000, 0x00000000a8400000, 0x00000000a8500000|  0%| F|  |TAMS 0x00000000a8400000, 0x00000000a8400000| Untracked 
| 133|0x00000000a8500000, 0x00000000a8500000, 0x00000000a8600000|  0%| F|  |TAMS 0x00000000a8500000, 0x00000000a8500000| Untracked 
| 134|0x00000000a8600000, 0x00000000a8600000, 0x00000000a8700000|  0%| F|  |TAMS 0x00000000a8600000, 0x00000000a8600000| Untracked 
| 210|0x00000000ad200000, 0x00000000ad200000, 0x00000000ad300000|  0%| F|  |TAMS 0x00000000ad200000, 0x00000000ad200000| Untracked 
| 211|0x00000000ad300000, 0x00000000ad300000, 0x00000000ad400000|  0%| F|  |TAMS 0x00000000ad300000, 0x00000000ad300000| Untracked 
| 212|0x00000000ad400000, 0x00000000ad4c9508, 0x00000000ad500000| 78%| E|  |TAMS 0x00000000ad400000, 0x00000000ad400000| Complete 
| 237|0x00000000aed00000, 0x00000000aee00000, 0x00000000aee00000|100%| E|CS|TAMS 0x00000000aed00000, 0x00000000aed00000| Complete 

Card table byte_map: [0x000001c639860000,0x000001c639b60000] _byte_map_base: 0x000001c639360000

Marking Bits (Prev, Next): (CMBitMap*) 0x000001c6228dbe90, (CMBitMap*) 0x000001c6228dbe50
 Prev Bits: [0x000001c63b660000, 0x000001c63ce60000)
 Next Bits: [0x000001c639e60000, 0x000001c63b660000)

Polling page: 0x000001c620780000

Metaspace:

Usage:
  Non-class:     52.88 MB used.
      Class:      8.16 MB used.
       Both:     61.04 MB used.

Virtual space:
  Non-class space:       56.00 MB reserved,      53.25 MB ( 95%) committed,  7 nodes.
      Class space:        1.00 GB reserved,       8.44 MB ( <1%) committed,  1 nodes.
              Both:        1.05 GB reserved,      61.69 MB (  6%) committed. 

Chunk freelists:
   Non-Class:  2.61 MB
       Class:  3.50 MB
        Both:  6.11 MB

MaxMetaspaceSize: 17179869184.00 GB
CompressedClassSpaceSize: 1.00 GB
 - commit_granule_bytes: 65536.
 - commit_granule_words: 8192.
 - virtual_space_node_default_size: 1048576.
 - enlarge_chunks_in_place: 1.
 - new_chunks_are_fully_committed: 0.
 - uncommit_free_chunks: 1.
 - use_allocation_guard: 0.
 - handle_deallocations: 1.


Internal statistics:

num_allocs_failed_limit: 6.
num_arena_births: 846.
num_arena_deaths: 14.
num_vsnodes_births: 8.
num_vsnodes_deaths: 0.
num_space_committed: 987.
num_space_uncommitted: 0.
num_chunks_returned_to_freelist: 40.
num_chunks_taken_from_freelist: 3487.
num_chunk_merges: 8.
num_chunk_splits: 2243.
num_chunks_enlarged: 1476.
num_purges: 8.

CodeHeap 'non-profiled nmethods': size=120000Kb used=6370Kb max_used=6370Kb free=113629Kb
 bounds [0x000001c631ae0000, 0x000001c632120000, 0x000001c639010000]
CodeHeap 'profiled nmethods': size=120000Kb used=17283Kb max_used=17283Kb free=102716Kb
 bounds [0x000001c62a5b0000, 0x000001c62b6a0000, 0x000001c631ae0000]
CodeHeap 'non-nmethods': size=5760Kb used=2370Kb max_used=2434Kb free=3389Kb
 bounds [0x000001c62a010000, 0x000001c62a280000, 0x000001c62a5b0000]
 total_blobs=9792 nmethods=8904 adapters=799
 compilation: enabled
              stopped_count=0, restarted_count=0
 full_count=0

Compilation events (20 events):
Event: 50.116 Thread 0x000001c63fac3e20 nmethod 10456 0x000001c62b3d9190 code [0x000001c62b3d9320, 0x000001c62b3d9498]
Event: 50.124 Thread 0x000001c63fac3e20 10460       3       org.gradle.internal.serialize.kryo.KryoBackedEncoder::writeBytes (11 bytes)
Event: 50.125 Thread 0x000001c63fac3e20 nmethod 10460 0x000001c62b68c490 code [0x000001c62b68c640, 0x000001c62b68c788]
Event: 50.125 Thread 0x000001c63fac3e20 10462       3       com.esotericsoftware.kryo.io.Output::writeBytes (90 bytes)
Event: 50.126 Thread 0x000001c63fac3e20 nmethod 10462 0x000001c62b68c890 code [0x000001c62b68ca80, 0x000001c62b68d028]
Event: 50.126 Thread 0x000001c63fac3e20 10461       3       java.io.ObjectOutputStream$BlockDataOutputStream::drain (45 bytes)
Event: 50.127 Thread 0x000001c63fac3e20 nmethod 10461 0x000001c62b68d210 code [0x000001c62b68d3e0, 0x000001c62b68d6b8]
Event: 50.127 Thread 0x000001c643087cc0 10464 %     4       java.io.ObjectOutputStream$BlockDataOutputStream::writeBytes @ 95 (144 bytes)
Event: 50.127 Thread 0x000001c63fac3e20 10463       3       org.gradle.internal.serialize.AbstractEncoder$EncoderStream::write (11 bytes)
Event: 50.127 Thread 0x000001c63fac3e20 nmethod 10463 0x000001c62b68d790 code [0x000001c62b68d940, 0x000001c62b68db28]
Event: 50.140 Thread 0x000001c63fac3e20 10465       3       java.io.ObjectOutputStream$BlockDataOutputStream::writeUTF (46 bytes)
Event: 50.141 Thread 0x000001c63fac3e20 nmethod 10465 0x000001c62b68dc10 code [0x000001c62b68de00, 0x000001c62b68e1f8]
Event: 50.141 Thread 0x000001c63fac3e20 10466       1       org.gradle.internal.code.DefaultUserCodeApplicationContext::access$000 (5 bytes)
Event: 50.141 Thread 0x000001c63fac3e20 nmethod 10466 0x000001c632117990 code [0x000001c632117b20, 0x000001c632117bd8]
Event: 50.141 Thread 0x000001c63fac3e20 10467       1       org.gradle.api.internal.collections.DefaultCollectionEventRegister::getDecorator (5 bytes)
Event: 50.141 Thread 0x000001c63fac3e20 nmethod 10467 0x000001c632117c90 code [0x000001c632117e20, 0x000001c632117ef8]
Event: 50.142 Thread 0x000001c63fac3e20 10468       3       com.google.common.cache.LocalCache$LocalLoadingCache::get (9 bytes)
Event: 50.143 Thread 0x000001c63fac3e20 nmethod 10468 0x000001c62b68e410 code [0x000001c62b68e5c0, 0x000001c62b68e788]
Event: 50.143 Thread 0x000001c63fac3e20 10469       3       com.google.common.cache.LocalCache::getOrLoad (10 bytes)
Event: 50.143 Thread 0x000001c63fac3e20 nmethod 10469 0x000001c62b3dad90 code [0x000001c62b3daf40, 0x000001c62b3db088]

GC Heap History (20 events):
Event: 41.207 GC heap before
{Heap before GC invocations=32 (full 0):
 garbage-first heap   total 107520K, used 89678K [0x00000000a0000000, 0x0000000100000000)
  region size 1024K, 32 young (32768K), 3 survivors (3072K)
 Metaspace       used 57372K, committed 57984K, reserved 1105920K
  class space    used 7725K, committed 8000K, reserved 1048576K
}
Event: 41.213 GC heap after
{Heap after GC invocations=33 (full 0):
 garbage-first heap   total 107520K, used 61880K [0x00000000a0000000, 0x0000000100000000)
  region size 1024K, 4 young (4096K), 4 survivors (4096K)
 Metaspace       used 57372K, committed 57984K, reserved 1105920K
  class space    used 7725K, committed 8000K, reserved 1048576K
}
Event: 43.373 GC heap before
{Heap before GC invocations=34 (full 0):
 garbage-first heap   total 107520K, used 88504K [0x00000000a0000000, 0x0000000100000000)
  region size 1024K, 31 young (31744K), 4 survivors (4096K)
 Metaspace       used 58531K, committed 59072K, reserved 1105920K
  class space    used 7881K, committed 8128K, reserved 1048576K
}
Event: 43.383 GC heap after
{Heap after GC invocations=35 (full 0):
 garbage-first heap   total 107520K, used 64308K [0x00000000a0000000, 0x0000000100000000)
  region size 1024K, 3 young (3072K), 3 survivors (3072K)
 Metaspace       used 58531K, committed 59072K, reserved 1105920K
  class space    used 7881K, committed 8128K, reserved 1048576K
}
Event: 44.531 GC heap before
{Heap before GC invocations=35 (full 0):
 garbage-first heap   total 107520K, used 87860K [0x00000000a0000000, 0x0000000100000000)
  region size 1024K, 27 young (27648K), 3 survivors (3072K)
 Metaspace       used 58938K, committed 59520K, reserved 1105920K
  class space    used 7905K, committed 8192K, reserved 1048576K
}
Event: 44.537 GC heap after
{Heap after GC invocations=36 (full 0):
 garbage-first heap   total 107520K, used 65000K [0x00000000a0000000, 0x0000000100000000)
  region size 1024K, 2 young (2048K), 2 survivors (2048K)
 Metaspace       used 58938K, committed 59520K, reserved 1105920K
  class space    used 7905K, committed 8192K, reserved 1048576K
}
Event: 45.534 GC heap before
{Heap before GC invocations=37 (full 0):
 garbage-first heap   total 114688K, used 88552K [0x00000000a0000000, 0x0000000100000000)
  region size 1024K, 26 young (26624K), 2 survivors (2048K)
 Metaspace       used 59077K, committed 59712K, reserved 1105920K
  class space    used 7905K, committed 8192K, reserved 1048576K
}
Event: 45.538 GC heap after
{Heap after GC invocations=38 (full 0):
 garbage-first heap   total 114688K, used 65585K [0x00000000a0000000, 0x0000000100000000)
  region size 1024K, 2 young (2048K), 2 survivors (2048K)
 Metaspace       used 59077K, committed 59712K, reserved 1105920K
  class space    used 7905K, committed 8192K, reserved 1048576K
}
Event: 46.397 GC heap before
{Heap before GC invocations=38 (full 0):
 garbage-first heap   total 114688K, used 94257K [0x00000000a0000000, 0x0000000100000000)
  region size 1024K, 31 young (31744K), 2 survivors (2048K)
 Metaspace       used 59103K, committed 59712K, reserved 1105920K
  class space    used 7905K, committed 8192K, reserved 1048576K
}
Event: 46.401 GC heap after
{Heap after GC invocations=39 (full 0):
 garbage-first heap   total 114688K, used 66381K [0x00000000a0000000, 0x0000000100000000)
  region size 1024K, 3 young (3072K), 3 survivors (3072K)
 Metaspace       used 59103K, committed 59712K, reserved 1105920K
  class space    used 7905K, committed 8192K, reserved 1048576K
}
Event: 47.407 GC heap before
{Heap before GC invocations=40 (full 0):
 garbage-first heap   total 116736K, used 93005K [0x00000000a0000000, 0x0000000100000000)
  region size 1024K, 30 young (30720K), 3 survivors (3072K)
 Metaspace       used 59220K, committed 59840K, reserved 1105920K
  class space    used 7923K, committed 8192K, reserved 1048576K
}
Event: 47.412 GC heap after
{Heap after GC invocations=41 (full 0):
 garbage-first heap   total 116736K, used 67487K [0x00000000a0000000, 0x0000000100000000)
  region size 1024K, 3 young (3072K), 3 survivors (3072K)
 Metaspace       used 59220K, committed 59840K, reserved 1105920K
  class space    used 7923K, committed 8192K, reserved 1048576K
}
Event: 47.726 GC heap before
{Heap before GC invocations=42 (full 0):
 garbage-first heap   total 122880K, used 74655K [0x00000000a0000000, 0x0000000100000000)
  region size 1024K, 9 young (9216K), 3 survivors (3072K)
 Metaspace       used 59229K, committed 59840K, reserved 1105920K
  class space    used 7923K, committed 8192K, reserved 1048576K
}
Event: 47.732 GC heap after
{Heap after GC invocations=43 (full 0):
 garbage-first heap   total 122880K, used 73833K [0x00000000a0000000, 0x0000000100000000)
  region size 1024K, 5 young (5120K), 5 survivors (5120K)
 Metaspace       used 59229K, committed 59840K, reserved 1105920K
  class space    used 7923K, committed 8192K, reserved 1048576K
}
Event: 48.361 GC heap before
{Heap before GC invocations=44 (full 0):
 garbage-first heap   total 142336K, used 92265K [0x00000000a0000000, 0x0000000100000000)
  region size 1024K, 22 young (22528K), 5 survivors (5120K)
 Metaspace       used 59755K, committed 60352K, reserved 1105920K
  class space    used 8007K, committed 8256K, reserved 1048576K
}
Event: 48.366 GC heap after
{Heap after GC invocations=45 (full 0):
 garbage-first heap   total 142336K, used 77377K [0x00000000a0000000, 0x0000000100000000)
  region size 1024K, 3 young (3072K), 3 survivors (3072K)
 Metaspace       used 59755K, committed 60352K, reserved 1105920K
  class space    used 8007K, committed 8256K, reserved 1048576K
}
Event: 48.668 GC heap before
{Heap before GC invocations=45 (full 0):
 garbage-first heap   total 142336K, used 79425K [0x00000000a0000000, 0x0000000100000000)
  region size 1024K, 6 young (6144K), 3 survivors (3072K)
 Metaspace       used 59939K, committed 60544K, reserved 1105920K
  class space    used 8032K, committed 8320K, reserved 1048576K
}
Event: 48.672 GC heap after
{Heap after GC invocations=46 (full 0):
 garbage-first heap   total 142336K, used 77690K [0x00000000a0000000, 0x0000000100000000)
  region size 1024K, 1 young (1024K), 1 survivors (1024K)
 Metaspace       used 59939K, committed 60544K, reserved 1105920K
  class space    used 8032K, committed 8320K, reserved 1048576K
}
Event: 48.999 GC heap before
{Heap before GC invocations=47 (full 0):
 garbage-first heap   total 142336K, used 87930K [0x00000000a0000000, 0x0000000100000000)
  region size 1024K, 12 young (12288K), 1 survivors (1024K)
 Metaspace       used 60634K, committed 61248K, reserved 1105920K
  class space    used 8097K, committed 8384K, reserved 1048576K
}
Event: 49.003 GC heap after
{Heap after GC invocations=48 (full 0):
 garbage-first heap   total 142336K, used 79493K [0x00000000a0000000, 0x0000000100000000)
  region size 1024K, 2 young (2048K), 2 survivors (2048K)
 Metaspace       used 60634K, committed 61248K, reserved 1105920K
  class space    used 8097K, committed 8384K, reserved 1048576K
}

Deoptimization events (20 events):
Event: 50.106 Thread 0x000001c641b4b920 Uncommon trap: trap_request=0xffffff45 fr.pc=0x000001c6320681a8 relative=0x0000000000000108
Event: 50.106 Thread 0x000001c641b4b920 Uncommon trap: reason=unstable_if action=reinterpret pc=0x000001c6320681a8 method=com.esotericsoftware.kryo.io.Output.writeBytes([BII)V @ 61 c2
Event: 50.106 Thread 0x000001c641b4b920 DEOPT PACKING pc=0x000001c6320681a8 sp=0x0000005c1a5fde00
Event: 50.106 Thread 0x000001c641b4b920 DEOPT UNPACKING pc=0x000001c62a05d72e sp=0x0000005c1a5fddd8 mode 2
Event: 50.107 Thread 0x000001c641b4b920 Uncommon trap: trap_request=0xffffff45 fr.pc=0x000001c632059c84 relative=0x00000000000005c4
Event: 50.107 Thread 0x000001c641b4b920 Uncommon trap: reason=unstable_if action=reinterpret pc=0x000001c632059c84 method=java.io.ObjectOutputStream$BlockDataOutputStream.writeBytes(Ljava/lang/String;)V @ 22 c2
Event: 50.107 Thread 0x000001c641b4b920 DEOPT PACKING pc=0x000001c632059c84 sp=0x0000005c1a5fda90
Event: 50.107 Thread 0x000001c641b4b920 DEOPT UNPACKING pc=0x000001c62a05d72e sp=0x0000005c1a5fd9c0 mode 2
Event: 50.110 Thread 0x000001c641b4b920 Uncommon trap: trap_request=0xffffff45 fr.pc=0x000001c631cf6848 relative=0x0000000000000488
Event: 50.110 Thread 0x000001c641b4b920 Uncommon trap: reason=unstable_if action=reinterpret pc=0x000001c631cf6848 method=java.io.ObjectOutputStream$BlockDataOutputStream.writeBytes(Ljava/lang/String;)V @ 22 c2
Event: 50.110 Thread 0x000001c641b4b920 DEOPT PACKING pc=0x000001c631cf6848 sp=0x0000005c1a5fe010
Event: 50.110 Thread 0x000001c641b4b920 DEOPT UNPACKING pc=0x000001c62a05d72e sp=0x0000005c1a5fdfa8 mode 2
Event: 50.133 Thread 0x000001c641b4e8f0 Uncommon trap: trap_request=0xffffffc6 fr.pc=0x000001c631c1f038 relative=0x00000000000003d8
Event: 50.133 Thread 0x000001c641b4e8f0 Uncommon trap: reason=bimorphic_or_optimized_type_check action=maybe_recompile pc=0x000001c631c1f038 method=com.google.common.cache.LocalCache$Segment.getEntry(Ljava/lang/Object;I)Lcom/google/common/cache/ReferenceEntry; @ 24 c2
Event: 50.133 Thread 0x000001c641b4e8f0 DEOPT PACKING pc=0x000001c631c1f038 sp=0x0000005c1a2f6560
Event: 50.133 Thread 0x000001c641b4e8f0 DEOPT UNPACKING pc=0x000001c62a05d72e sp=0x0000005c1a2f64f8 mode 2
Event: 50.140 Thread 0x000001c641b4e8f0 Uncommon trap: trap_request=0xffffffc6 fr.pc=0x000001c631c1f038 relative=0x00000000000003d8
Event: 50.140 Thread 0x000001c641b4e8f0 Uncommon trap: reason=bimorphic_or_optimized_type_check action=maybe_recompile pc=0x000001c631c1f038 method=com.google.common.cache.LocalCache$Segment.getEntry(Ljava/lang/Object;I)Lcom/google/common/cache/ReferenceEntry; @ 24 c2
Event: 50.140 Thread 0x000001c641b4e8f0 DEOPT PACKING pc=0x000001c631c1f038 sp=0x0000005c1a2f5c00
Event: 50.140 Thread 0x000001c641b4e8f0 DEOPT UNPACKING pc=0x000001c62a05d72e sp=0x0000005c1a2f5b98 mode 2

Classes unloaded (20 events):
Event: 36.967 Thread 0x000001c63faa15f0 Unloading class 0x00000008012147d0 '_BuildScript_$_run_closure1$_closure2$_closure3$_closure4'
Event: 36.967 Thread 0x000001c63faa15f0 Unloading class 0x00000008012143e8 '_BuildScript_$_run_closure1$_closure2$_closure3'
Event: 36.967 Thread 0x000001c63faa15f0 Unloading class 0x0000000801214000 '_BuildScript_$_run_closure1$_closure2'
Event: 36.967 Thread 0x000001c63faa15f0 Unloading class 0x0000000801216400 '_BuildScript_$_run_closure1'
Event: 36.967 Thread 0x000001c63faa15f0 Unloading class 0x0000000801216800 '_BuildScript_'
Event: 37.457 Thread 0x000001c63faa15f0 Unloading class 0x0000000801229000 '_BuildScript_'
Event: 37.457 Thread 0x000001c63faa15f0 Unloading class 0x00000008012233e8 '_BuildScript_$_run_closure1$_closure2'
Event: 37.457 Thread 0x000001c63faa15f0 Unloading class 0x0000000801223000 '_BuildScript_$_run_closure1'
Event: 37.457 Thread 0x000001c63faa15f0 Unloading class 0x0000000801222800 '_BuildScript_'
Event: 37.457 Thread 0x000001c63faa15f0 Unloading class 0x00000008012213e8 '_BuildScript_$_run_closure1$_closure2$_closure3$_closure4'
Event: 37.457 Thread 0x000001c63faa15f0 Unloading class 0x0000000801221000 '_BuildScript_$_run_closure1$_closure2$_closure3'
Event: 37.457 Thread 0x000001c63faa15f0 Unloading class 0x0000000801220918 '_BuildScript_$_run_closure1$_closure2'
Event: 37.457 Thread 0x000001c63faa15f0 Unloading class 0x0000000801220530 '_BuildScript_$_run_closure1'
Event: 37.457 Thread 0x000001c63faa15f0 Unloading class 0x0000000801220000 '_BuildScript_'
Event: 37.457 Thread 0x000001c63faa15f0 Unloading class 0x000000080121abb8 '_BuildScript_$_run_closure1$_closure2$_closure4$_closure5'
Event: 37.457 Thread 0x000001c63faa15f0 Unloading class 0x000000080121a7d0 '_BuildScript_$_run_closure1$_closure2$_closure4'
Event: 37.457 Thread 0x000001c63faa15f0 Unloading class 0x000000080121a3e8 '_BuildScript_$_run_closure1$_closure2$_closure3'
Event: 37.457 Thread 0x000001c63faa15f0 Unloading class 0x000000080121a000 '_BuildScript_$_run_closure1$_closure2'
Event: 37.457 Thread 0x000001c63faa15f0 Unloading class 0x0000000801218c00 '_BuildScript_$_run_closure1'
Event: 37.457 Thread 0x000001c63faa15f0 Unloading class 0x0000000801219800 '_BuildScript_'

Classes redefined (0 events):
No events

Internal exceptions (20 events):
Event: 48.239 Thread 0x000001c641b4e8f0 Exception <a 'java/lang/ClassNotFoundException'{0x00000000a8058de0}: org/gradle/api/tasks/DeleteCustomizer> (0x00000000a8058de0) 
thrown [t:\workspace\open\src\hotspot\share\classfile\systemDictionary.cpp, line 256]
Event: 48.243 Thread 0x000001c641b4e8f0 Exception <a 'java/lang/ClassNotFoundException'{0x00000000a8082f58}: org/gradle/api/tasks/Delete_DecoratedCustomizer> (0x00000000a8082f58) 
thrown [t:\workspace\open\src\hotspot\share\classfile\systemDictionary.cpp, line 256]
Event: 48.302 Thread 0x000001c641b4e8f0 Exception <a 'java/lang/ClassNotFoundException'{0x00000000a7f7eed8}: java/util/ArraysBeanInfo> (0x00000000a7f7eed8) 
thrown [t:\workspace\open\src\hotspot\share\classfile\systemDictionary.cpp, line 256]
Event: 48.304 Thread 0x000001c641b4e8f0 Exception <a 'java/lang/ClassNotFoundException'{0x00000000a7f8b280}: java/util/ArraysCustomizer> (0x00000000a7f8b280) 
thrown [t:\workspace\open\src\hotspot\share\classfile\systemDictionary.cpp, line 256]
Event: 48.321 Thread 0x000001c641b4e8f0 Exception <a 'java/lang/ClassNotFoundException'{0x00000000a7e41240}: ProtobufPatchPluginBeanInfo> (0x00000000a7e41240) 
thrown [t:\workspace\open\src\hotspot\share\classfile\systemDictionary.cpp, line 256]
Event: 48.323 Thread 0x000001c641b4e8f0 Exception <a 'java/lang/ClassNotFoundException'{0x00000000a7e4cb18}: ProtobufPatchPluginCustomizer> (0x00000000a7e4cb18) 
thrown [t:\workspace\open\src\hotspot\share\classfile\systemDictionary.cpp, line 256]
Event: 48.345 Thread 0x000001c641b4e8f0 Exception <a 'java/lang/ClassNotFoundException'{0x00000000a7eb0ea0}: groovy/lang/ReferenceBeanInfo> (0x00000000a7eb0ea0) 
thrown [t:\workspace\open\src\hotspot\share\classfile\systemDictionary.cpp, line 256]
Event: 48.349 Thread 0x000001c641b4e8f0 Exception <a 'java/lang/ClassNotFoundException'{0x00000000a7ed4bb8}: groovy/lang/ReferenceCustomizer> (0x00000000a7ed4bb8) 
thrown [t:\workspace\open\src\hotspot\share\classfile\systemDictionary.cpp, line 256]
Event: 48.394 Thread 0x000001c641b4e8f0 Exception <a 'java/lang/NoSuchMethodError'{0x00000000aed4df80}: 'long java.lang.invoke.DirectMethodHandle$Holder.invokeVirtual(java.lang.Object, java.lang.Object)'> (0x00000000aed4df80) 
thrown [t:\workspace\open\src\hotspot\share\interpreter\linkResolver.cpp, line 790]
Event: 48.405 Thread 0x000001c641b4b920 Exception <a 'java/lang/NoSuchMethodError'{0x00000000aeda17f8}: static Lorg/gradle/internal/build/event/types/DefaultProjectConfigurationSuccessResult;.<clinit>()V> (0x00000000aeda17f8) 
thrown [t:\workspace\open\src\hotspot\share\prims\jni.cpp, line 1210]
Event: 48.405 Thread 0x000001c641b4b920 Exception <a 'java/lang/NoSuchMethodError'{0x00000000aeda2980}: static Lorg/gradle/internal/build/event/types/AbstractProjectConfigurationResult;.<clinit>()V> (0x00000000aeda2980) 
thrown [t:\workspace\open\src\hotspot\share\prims\jni.cpp, line 1210]
Event: 48.407 Thread 0x000001c641b4b920 Exception <a 'java/lang/NoSuchMethodError'{0x00000000aedac950}: static Lorg/gradle/internal/build/event/types/DefaultPluginApplicationResult;.<clinit>()V> (0x00000000aedac950) 
thrown [t:\workspace\open\src\hotspot\share\prims\jni.cpp, line 1210]
Event: 48.409 Thread 0x000001c641b4b920 Exception <a 'java/lang/NoSuchMethodError'{0x00000000aedb6f78}: static Lorg/gradle/internal/build/event/types/DefaultBinaryPluginIdentifier;.<clinit>()V> (0x00000000aedb6f78) 
thrown [t:\workspace\open\src\hotspot\share\prims\jni.cpp, line 1210]
Event: 48.415 Thread 0x000001c641b4b920 Exception <a 'java/lang/NoSuchMethodError'{0x00000000ad402050}: static Lorg/gradle/internal/build/event/types/DefaultScriptPluginIdentifier;.<clinit>()V> (0x00000000ad402050) 
thrown [t:\workspace\open\src\hotspot\share\prims\jni.cpp, line 1210]
Event: 48.617 Thread 0x000001c641b4e8f0 Exception <a 'java/lang/ClassNotFoundException'{0x00000000ad4db970}: build_8gpfev4zitwg8dyo7wyp33alyBeanInfo> (0x00000000ad4db970) 
thrown [t:\workspace\open\src\hotspot\share\classfile\systemDictionary.cpp, line 256]
Event: 48.618 Thread 0x000001c641b4e8f0 Exception <a 'java/lang/ClassNotFoundException'{0x00000000ad4e3ba0}: build_8gpfev4zitwg8dyo7wyp33alyCustomizer> (0x00000000ad4e3ba0) 
thrown [t:\workspace\open\src\hotspot\share\classfile\systemDictionary.cpp, line 256]
Event: 49.611 Thread 0x000001c641b4e8f0 Exception <a 'java/lang/NoSuchMethodError'{0x00000000a7929858}: 'java.lang.Object java.lang.invoke.DirectMethodHandle$Holder.invokeSpecial(java.lang.Object, java.lang.Object, long, java.lang.Object, java.lang.Object, java.lang.Object, java.lang.Object, java.lang.Object, java.lang.Object, java.lang.Object, java.lang.Object, java.lang.Object)'> (0x00000000a7929858) 
thrown [t:\workspace\open\src\hotspot\share\interpreter\linkResolver.cpp, line 790]
Event: 49.612 Thread 0x000001c641b4e8f0 Exception <a 'java/lang/NoSuchMethodError'{0x00000000a792f4c8}: 'java.lang.Object java.lang.invoke.DelegatingMethodHandle$Holder.reinvoke_L(java.lang.Object, long, java.lang.Object, java.lang.Object, java.lang.Object, java.lang.Object, java.lang.Object, java.lang.Object, java.lang.Object, java.lang.Object, java.lang.Object)'> (0x00000000a792f4c8) 
thrown [t:\workspace\open\src\hotspot\share\interpreter\linkResolver.cpp, line 790]
Event: 50.100 Thread 0x000001c641b4b920 Exception <a 'java/lang/NoSuchMethodError'{0x00000000a74ec578}: static Lorg/gradle/internal/build/event/types/DefaultFailureResult;.<clinit>()V> (0x00000000a74ec578) 
thrown [t:\workspace\open\src\hotspot\share\prims\jni.cpp, line 1210]
Event: 50.103 Thread 0x000001c641b4b920 Exception <a 'java/lang/NoSuchMethodError'{0x00000000a734b3c0}: static Lorg/gradle/internal/build/event/types/DefaultFailure;.<clinit>()V> (0x00000000a734b3c0) 
thrown [t:\workspace\open\src\hotspot\share\prims\jni.cpp, line 1210]

Events (20 events):
Event: 48.759 Executing  VM operation: G1Concurrent
Event: 48.767 Executing  VM operation: G1Concurrent done
Event: 48.788 Thread 0x000001c64308a3b0 Thread exited: 0x000001c64308a3b0
Event: 48.815 Executing  VM operation: G1Concurrent
Event: 48.815 Executing  VM operation: G1Concurrent done
Event: 48.999 Executing  VM operation: G1TryInitiateConcMark
Event: 49.003 Executing  VM operation: G1TryInitiateConcMark done
Event: 49.107 Executing  VM operation: G1Concurrent
Event: 49.115 Executing  VM operation: G1Concurrent done
Event: 49.163 Executing  VM operation: G1Concurrent
Event: 49.164 Executing  VM operation: G1Concurrent done
Event: 49.334 loading class java/util/ArrayList$SubList$1
Event: 49.335 loading class java/util/ArrayList$SubList$1 done
Event: 50.087 loading class java/lang/Throwable$WrappedPrintWriter
Event: 50.087 loading class java/lang/Throwable$PrintStreamOrWriter
Event: 50.087 loading class java/lang/Throwable$PrintStreamOrWriter done
Event: 50.087 loading class java/lang/Throwable$WrappedPrintWriter done
Event: 50.113 Executing  VM operation: ICBufferFull
Event: 50.113 Executing  VM operation: ICBufferFull done
Event: 50.126 Thread 0x000001c643087cc0 Thread added: 0x000001c643087cc0


Dynamic libraries:
0x00007ff7c9b10000 - 0x00007ff7c9b20000 	C:\Program Files\Java\jdk-16.0.2\bin\java.exe
0x00007ffcf45a0000 - 0x00007ffcf4807000 	C:\WINDOWS\SYSTEM32\ntdll.dll
0x00007ffcf2d50000 - 0x00007ffcf2e19000 	C:\WINDOWS\System32\KERNEL32.DLL
0x00007ffcf1da0000 - 0x00007ffcf2197000 	C:\WINDOWS\System32\KERNELBASE.dll
0x00007ffcf1ae0000 - 0x00007ffcf1c2b000 	C:\WINDOWS\System32\ucrtbase.dll
0x00007ffc6ab60000 - 0x00007ffc6ab78000 	C:\Program Files\Java\jdk-16.0.2\bin\jli.dll
0x00007ffcf2a30000 - 0x00007ffcf2ae6000 	C:\WINDOWS\System32\ADVAPI32.dll
0x00007ffcf2e20000 - 0x00007ffcf2ec9000 	C:\WINDOWS\System32\msvcrt.dll
0x00007ffcf3d30000 - 0x00007ffcf3dd7000 	C:\WINDOWS\System32\sechost.dll
0x00007ffcf3a30000 - 0x00007ffcf3b48000 	C:\WINDOWS\System32\RPCRT4.dll
0x00007ffc6b6a0000 - 0x00007ffc6b6b9000 	C:\Program Files\Java\jdk-16.0.2\bin\VCRUNTIME140.dll
0x00007ffcf3b50000 - 0x00007ffcf3d16000 	C:\WINDOWS\System32\USER32.dll
0x00007ffcf1060000 - 0x00007ffcf1087000 	C:\WINDOWS\System32\win32u.dll
0x00007ffcf3140000 - 0x00007ffcf316b000 	C:\WINDOWS\System32\GDI32.dll
0x00007ffcdc930000 - 0x00007ffcdcbc2000 	C:\WINDOWS\WinSxS\amd64_microsoft.windows.common-controls_6595b64144ccf1df_6.0.26100.8457_none_3e0b2faee331e92d\COMCTL32.dll
0x00007ffcf1090000 - 0x00007ffcf11bc000 	C:\WINDOWS\System32\gdi32full.dll
0x00007ffcf1a30000 - 0x00007ffcf1ad3000 	C:\WINDOWS\System32\msvcp_win.dll
0x00007ffce98d0000 - 0x00007ffce98db000 	C:\WINDOWS\SYSTEM32\VERSION.dll
0x00007ffcf3170000 - 0x00007ffcf31a2000 	C:\WINDOWS\System32\IMM32.DLL
0x00007ffcbdff0000 - 0x00007ffcbdffc000 	C:\Program Files\Java\jdk-16.0.2\bin\vcruntime140_1.dll
0x00007ffc24ca0000 - 0x00007ffc24d31000 	C:\Program Files\Java\jdk-16.0.2\bin\msvcp140.dll
0x00007ffc02600000 - 0x00007ffc031ab000 	C:\Program Files\Java\jdk-16.0.2\bin\server\jvm.dll
0x00007ffcf2a20000 - 0x00007ffcf2a28000 	C:\WINDOWS\System32\PSAPI.DLL
0x00007ffce1510000 - 0x00007ffce151a000 	C:\WINDOWS\SYSTEM32\WSOCK32.dll
0x00007ffcf2ed0000 - 0x00007ffcf2f50000 	C:\WINDOWS\System32\WS2_32.dll
0x00007ffce9280000 - 0x00007ffce92b6000 	C:\WINDOWS\SYSTEM32\WINMM.dll
0x00007ffcefd20000 - 0x00007ffcefd3b000 	C:\WINDOWS\SYSTEM32\kernel.appcore.dll
0x00007ffcb7b70000 - 0x00007ffcb7b7a000 	C:\Program Files\Java\jdk-16.0.2\bin\jimage.dll
0x00007ffcef000000 - 0x00007ffcef242000 	C:\WINDOWS\SYSTEM32\DBGHELP.DLL
0x00007ffcf23f0000 - 0x00007ffcf2773000 	C:\WINDOWS\System32\combase.dll
0x00007ffcf2810000 - 0x00007ffcf28e9000 	C:\WINDOWS\System32\OLEAUT32.dll
0x00007ffce1350000 - 0x00007ffce138b000 	C:\WINDOWS\SYSTEM32\dbgcore.DLL
0x00007ffcf1cf0000 - 0x00007ffcf1d98000 	C:\WINDOWS\System32\bcryptPrimitives.dll
0x00007ffcaa9e0000 - 0x00007ffcaa9ee000 	C:\Program Files\Java\jdk-16.0.2\bin\instrument.dll
0x00007ffc4ee80000 - 0x00007ffc4eea5000 	C:\Program Files\Java\jdk-16.0.2\bin\java.dll
0x00007ffcf32b0000 - 0x00007ffcf3a1e000 	C:\WINDOWS\System32\SHELL32.dll
0x00007ffcf11c0000 - 0x00007ffcf1a2c000 	C:\WINDOWS\System32\windows.storage.dll
0x00007ffcf31b0000 - 0x00007ffcf32a6000 	C:\WINDOWS\System32\SHCORE.dll
0x00007ffcf2c90000 - 0x00007ffcf2cf6000 	C:\WINDOWS\System32\shlwapi.dll
0x00007ffcf0ef0000 - 0x00007ffcf0f19000 	C:\WINDOWS\SYSTEM32\profapi.dll
0x00007ffc4ec30000 - 0x00007ffc4ec48000 	C:\Program Files\Java\jdk-16.0.2\bin\zip.dll
0x00007ffc66b70000 - 0x00007ffc66b89000 	C:\Program Files\Java\jdk-16.0.2\bin\net.dll
0x00007ffce8990000 - 0x00007ffce8ab9000 	C:\WINDOWS\SYSTEM32\WINHTTP.dll
0x00007ffcf0270000 - 0x00007ffcf02dc000 	C:\WINDOWS\system32\mswsock.dll
0x00007ffc4eca0000 - 0x00007ffc4ecb3000 	C:\Program Files\Java\jdk-16.0.2\bin\nio.dll
0x00007ffcb5e60000 - 0x00007ffcb5e70000 	C:\Program Files\Java\jdk-16.0.2\bin\verify.dll
0x00007ffc64890000 - 0x00007ffc648b7000 	C:\Users\Lenovo\.gradle\native\1def1411415f61bf3af743bc5b6707747c0891f09f0c88961ee8f79bc544acac\windows-amd64\native-platform.dll
0x00007ffc24500000 - 0x00007ffc24578000 	C:\Users\Lenovo\.gradle\native\0.2.7\x86_64-windows-gnu\gradle-fileevents.dll
0x00007ffcb27e0000 - 0x00007ffcb27e9000 	C:\Program Files\Java\jdk-16.0.2\bin\management.dll
0x00007ffcb0bc0000 - 0x00007ffcb0bcb000 	C:\Program Files\Java\jdk-16.0.2\bin\management_ext.dll
0x00007ffcef710000 - 0x00007ffcef742000 	C:\WINDOWS\SYSTEM32\IPHLPAPI.DLL
0x00007ffcf3d20000 - 0x00007ffcf3d2a000 	C:\WINDOWS\System32\NSI.dll
0x00007ffce8f70000 - 0x00007ffce8f8d000 	C:\WINDOWS\SYSTEM32\dhcpcsvc6.DLL
0x00007ffce87a0000 - 0x00007ffce87c5000 	C:\WINDOWS\SYSTEM32\dhcpcsvc.DLL
0x00007ffcef7a0000 - 0x00007ffcef8d2000 	C:\WINDOWS\SYSTEM32\DNSAPI.dll
0x00007ffcf0670000 - 0x00007ffcf068b000 	C:\WINDOWS\SYSTEM32\CRYPTSP.dll
0x00007ffcefc80000 - 0x00007ffcefcb9000 	C:\WINDOWS\system32\rsaenh.dll
0x00007ffcf0320000 - 0x00007ffcf0353000 	C:\WINDOWS\SYSTEM32\USERENV.dll
0x00007ffcf0ec0000 - 0x00007ffcf0eea000 	C:\WINDOWS\SYSTEM32\bcrypt.dll
0x00007ffcf04d0000 - 0x00007ffcf04dc000 	C:\WINDOWS\SYSTEM32\CRYPTBASE.dll
0x00007ffcb4e00000 - 0x00007ffcb4e0e000 	C:\Program Files\Java\jdk-16.0.2\bin\sunmscapi.dll
0x00007ffcf21a0000 - 0x00007ffcf2318000 	C:\WINDOWS\System32\CRYPT32.dll
0x00007ffcf07d0000 - 0x00007ffcf0800000 	C:\WINDOWS\SYSTEM32\ncrypt.dll
0x00007ffcf0780000 - 0x00007ffcf07bf000 	C:\WINDOWS\SYSTEM32\NTASN1.dll
0x00007ffce2100000 - 0x00007ffce2108000 	C:\WINDOWS\system32\wshunix.dll
0x00007ffcefe40000 - 0x00007ffcefe76000 	C:\WINDOWS\SYSTEM32\ntmarta.dll

dbghelp: loaded successfully - version: 4.0.5 - missing functions: none
symbol engine: initialized successfully - sym options: 0x614 - pdb path: .;C:\Program Files\Java\jdk-16.0.2\bin;C:\WINDOWS\SYSTEM32;C:\WINDOWS\WinSxS\amd64_microsoft.windows.common-controls_6595b64144ccf1df_6.0.26100.8457_none_3e0b2faee331e92d;C:\Program Files\Java\jdk-16.0.2\bin\server;C:\Users\Lenovo\.gradle\native\1def1411415f61bf3af743bc5b6707747c0891f09f0c88961ee8f79bc544acac\windows-amd64;C:\Users\Lenovo\.gradle\native\0.2.7\x86_64-windows-gnu

VM Arguments:
jvm_args: --add-opens=java.base/java.lang=ALL-UNNAMED --add-opens=java.base/java.lang.invoke=ALL-UNNAMED --add-opens=java.base/java.util=ALL-UNNAMED --add-opens=java.prefs/java.util.prefs=ALL-UNNAMED --add-exports=jdk.compiler/com.sun.tools.javac.api=ALL-UNNAMED --add-exports=jdk.compiler/com.sun.tools.javac.util=ALL-UNNAMED --add-opens=java.base/java.util=ALL-UNNAMED --add-opens=java.prefs/java.util.prefs=ALL-UNNAMED --add-opens=java.base/java.nio.charset=ALL-UNNAMED --add-opens=java.base/java.net=ALL-UNNAMED --add-opens=java.base/java.util.concurrent.atomic=ALL-UNNAMED --add-opens=java.xml/javax.xml.namespace=ALL-UNNAMED -Xmx1536m -Dfile.encoding=UTF-8 -Duser.country=US -Duser.language=en -Duser.variant -javaagent:C:\Users\Lenovo\.gradle\wrapper\dists\gradle-8.14.3-all\10utluxaxniiv4wxiphsi49nj\gradle-8.14.3\lib\agents\gradle-instrumentation-agent-8.14.3.jar 
java_command: org.gradle.launcher.daemon.bootstrap.GradleDaemon 8.14.3
java_class_path (initial): C:\Users\Lenovo\.gradle\wrapper\dists\gradle-8.14.3-all\10utluxaxniiv4wxiphsi49nj\gradle-8.14.3\lib\gradle-daemon-main-8.14.3.jar
Launcher Type: SUN_STANDARD

[Global flags]
     intx CICompilerCount                          = 4                                         {product} {ergonomic}
     uint ConcGCThreads                            = 3                                         {product} {ergonomic}
     uint G1ConcRefinementThreads                  = 10                                        {product} {ergonomic}
   size_t G1HeapRegionSize                         = 1048576                                   {product} {ergonomic}
    uintx GCDrainStackTargetSize                   = 64                                        {product} {ergonomic}
   size_t InitialHeapSize                          = 249561088                                 {product} {ergonomic}
   size_t MarkStackSize                            = 4194304                                   {product} {ergonomic}
   size_t MaxHeapSize                              = 1610612736                                {product} {command line}
   size_t MaxNewSize                               = 965738496                                 {product} {ergonomic}
   size_t MinHeapDeltaBytes                        = 1048576                                   {product} {ergonomic}
   size_t MinHeapSize                              = 8388608                                   {product} {ergonomic}
    uintx NonNMethodCodeHeapSize                   = 5839372                                {pd product} {ergonomic}
    uintx NonProfiledCodeHeapSize                  = 122909434                              {pd product} {ergonomic}
    uintx ProfiledCodeHeapSize                     = 122909434                              {pd product} {ergonomic}
    uintx ReservedCodeCacheSize                    = 251658240                              {pd product} {ergonomic}
     bool SegmentedCodeCache                       = true                                      {product} {ergonomic}
   size_t SoftMaxHeapSize                          = 1610612736                             {manageable} {ergonomic}
     bool UseCompressedClassPointers               = true                           {product lp64_product} {ergonomic}
     bool UseCompressedOops                        = true                           {product lp64_product} {ergonomic}
     bool UseG1GC                                  = true                                      {product} {ergonomic}
     bool UseLargePagesIndividualAllocation        = false                                  {pd product} {ergonomic}

Logging:
Log output configuration:
 #0: stdout all=warning uptime,level,tags
 #1: stderr all=off uptime,level,tags

Environment Variables:
JAVA_HOME=C:\Program Files\Java\jdk-16.0.2\bin
PATH=C:\Program Files\Common Files\Oracle\Java\javapath;D:\Oracle\DevSuiteHome_1\jdk\jre\bin\classic;D:\Oracle\DevSuiteHome_1\jdk\jre\bin;D:\Oracle\DevSuiteHome_1\jdk\jre\bin\client;D:\Oracle\DevSuiteHome_1\jlib;D:\Oracle\DevSuiteHome_1\bin;D:\Oracle\DevSuiteHome_1\jre\1.4.2\bin\client;D:\Oracle\DevSuiteHome_1\jre\1.4.2\bin;C:\app\client\Lenovo\product\12.1.0\client_1;C:\app\client\Lenovo\product\12.1.0\client_1\bin;C:\WINDOWS\system32;C:\WINDOWS;C:\WINDOWS\System32\Wbem;C:\WINDOWS\System32\WindowsPowerShell\v1.0\;C:\WINDOWS\System32\OpenSSH\;C:\Program Files (x86)\Microsoft SQL Server\130\DTS\Binn\;C:\Program Files\Microsoft SQL Server\130\DTS\Binn\;C:\Program Files (x86)\Microsoft SQL Server\130\Tools\Binn\;C:\Program Files\Microsoft SQL Server\130\Tools\Binn\;C:\Program Files (x86)\Microsoft SQL Server\160\DTS\Binn\;C:\Program Files\dotnet\;C:\Program Files\Microsoft SQL Server\150\Tools\Binn\;C:\Program Files\Microsoft SQL Server\Client SDK\ODBC\170\Tools\Binn\;C:\Program Files\Microsoft SQL Server\Client SDK\ODBC\130\Tools\Binn\;C:\Program Files\Java\jdk-16.0.2\bin;C:\Program Files (x86)\Windows Kits\10\Windows Performance Toolkit\;C:\Program Files\Docker\Docker\resources\bin;C:\Program Files\Git\cmd;D:\Program Files\cursor\resources\app\bin;C:\Program Files\Microsoft SQL Server\170\Tools\Binn\;C:\Program Files\Pandoc\;D:\Program Files\nodejs\;C:\php;C:\ProgramData\ComposerSetup\bin;C:\Users\Lenovo\AppData\Local\Microsoft\WindowsApps;C:\Program Files\Azure Data Studio\bin;C:\Users\Lenovo\.dotnet\tools;C:\Users\Lenovo\go\bin;D:\Programs\Microsoft VS Code\bin;C:\Users\Lenovo\AppData\Local\Programs\Antigravity\bin;C:\Users\Lenovo\AppData\Local\Python\bin;D:\Users\Lenovo\AppData\Local\Programs\Windsurf\bin;D:\Users\Lenovo\AppData\Local\Programs\Kiro\bin;C:\Users\Lenovo\AppData\Roaming\npm;C:\Users\Lenovo\AppData\Local\GitHubDesktop\bin;C:\Users\Lenovo\AppData\Roaming\Composer\vendor\bin;D:\Users\Lenovo\AppData\Local\Programs\cursor\resources\app\bin
USERNAME=Lenovo
OS=Windows_NT
PROCESSOR_IDENTIFIER=AMD64 Family 23 Model 104 Stepping 1, AuthenticAMD



---------------  S Y S T E M  ---------------

OS:
 Windows 10 , 64 bit Build 26100 (10.0.26100.8328)
OS uptime: 8 days 21:50 hours
Hyper-V role detected

CPU: total 12 (initial active 12) (12 cores per cpu, 2 threads per core) family 23 model 104 stepping 1 microcode 0x8608103, cx8, cmov, fxsr, ht, mmx, 3dnowpref, sse, sse2, sse3, ssse3, sse4a, sse4.1, sse4.2, popcnt, lzcnt, tsc, tscinvbit, avx, avx2, aes, clmul, bmi1, bmi2, adx, sha, fma, vzeroupper, clflush, clflushopt, hv

Memory: 4k page, system-wide physical 15178M (1132M free)
TotalPageFile size 32321M (AvailPageFile size 0M)
current process WorkingSet (physical memory assigned to process): 364M, peak: 364M
current process commit charge ("private bytes"): 408M, peak: 449M

vm_info: Java HotSpot(TM) 64-Bit Server VM (16.0.2+7-67) for windows-amd64 JRE (16.0.2+7-67), built on Jun  8 2021 23:24:19 by "mach5one" with MS VC++ 16.7 (VS2019)

END.
