#
# There is insufficient memory for the Java Runtime Environment to continue.
# Native memory allocation (malloc) failed to allocate 129200 bytes. Error detail: Chunk::new
# Possible reasons:
#   The system is out of physical RAM or swap space
#   This process is running with CompressedOops enabled, and the Java Heap may be blocking the growth of the native heap
# Possible solutions:
#   Reduce memory load on the system
#   Increase physical memory or swap space
#   Check if swap backing store is full
#   Decrease Java heap size (-Xmx/-Xms)
#   Decrease number of Java threads
#   Decrease Java thread stack sizes (-Xss)
#   Set larger code cache with -XX:ReservedCodeCacheSize=
#   JVM is running with Unscaled Compressed Oops mode in which the Java heap is
#     placed in the first 4GB address space. The Java Heap base address is the
#     maximum limit for the native heap growth. Please use -XX:HeapBaseMinAddress
#     to set the Java Heap base and to place the Java Heap above 4GB virtual address.
# This output file may be truncated or incomplete.
#
#  Out of Memory Error (arena.cpp:168), pid=29360, tid=25812
#
# JRE version: OpenJDK Runtime Environment Temurin-21.0.10+7 (21.0.10+7) (build 21.0.10+7-LTS)
# Java VM: OpenJDK 64-Bit Server VM Temurin-21.0.10+7 (21.0.10+7-LTS, mixed mode, sharing, tiered, compressed oops, compressed class ptrs, parallel gc, windows-amd64)
# No core dump will be written. Minidumps are not enabled by default on client versions of Windows
#

---------------  S U M M A R Y ------------

Command Line: --add-modules=ALL-SYSTEM --add-opens=java.base/java.util=ALL-UNNAMED --add-opens=java.base/java.lang=ALL-UNNAMED --add-opens=java.base/sun.nio.fs=ALL-UNNAMED -Declipse.application=org.eclipse.jdt.ls.core.id1 -Dosgi.bundles.defaultStartLevel=4 -Declipse.product=org.eclipse.jdt.ls.core.product -Djava.import.generatesMetadataFilesAtProjectRoot=false -DDetectVMInstallationsJob.disabled=true -Dfile.encoding=utf8 -XX:+UseParallelGC -XX:GCTimeRatio=4 -XX:AdaptiveSizePolicyWeight=90 -Dsun.zip.disableMemoryMapping=true -Xmx2G -Xms100m -Xlog:disable -javaagent:c:\Users\Lenovo\.antigravity\extensions\redhat.java-1.54.0-win32-x64\lombok\lombok-1.18.39-4050.jar -XX:+HeapDumpOnOutOfMemoryError -XX:HeapDumpPath=c:\Users\Lenovo\AppData\Roaming\Antigravity\User\workspaceStorage\7b91c9ffe78d95e04e4e5c35b330cd4b\redhat.java -Daether.dependencyCollector.impl=bf c:\Users\Lenovo\.antigravity\extensions\redhat.java-1.54.0-win32-x64\server\plugins\org.eclipse.equinox.launcher_1.7.100.v20251111-0406.jar -configuration c:\Users\Lenovo\AppData\Roaming\Antigravity\User\globalStorage\redhat.java\1.54.0\config_win -data c:\Users\Lenovo\AppData\Roaming\Antigravity\User\workspaceStorage\7b91c9ffe78d95e04e4e5c35b330cd4b\redhat.java\jdt_ws --pipe=\\.\pipe\lsp-508d8468231e6bfb8ced55bd303ae126-sock

Host: AMD Ryzen 5 5500U with Radeon Graphics         , 12 cores, 14G,  Windows 11 , 64 bit Build 26100 (10.0.26100.8328)
Time: Thu Jun 11 13:42:44 2026 SE Asia Standard Time elapsed time: 171.924446 seconds (0d 0h 2m 51s)

---------------  T H R E A D  ---------------

Current thread (0x000001f37c62d720):  JavaThread "C2 CompilerThread0" daemon [_thread_in_native, id=25812, stack(0x0000008c11f00000,0x0000008c12000000) (1024K)]


Current CompileTask:
C2:171924 9396 % !   4       java.io.ObjectInputStream$BlockDataInputStream::readUTFSpan @ 53 (502 bytes)

Stack: [0x0000008c11f00000,0x0000008c12000000]
Native frames: (J=compiled Java code, j=interpreted, Vv=VM code, C=native code)
V  [jvm.dll+0x6d7a39]
V  [jvm.dll+0x8b4b26]
V  [jvm.dll+0x8b70de]
V  [jvm.dll+0x8b77c3]
V  [jvm.dll+0x284346]
V  [jvm.dll+0xc66ed]
V  [jvm.dll+0xc6c31]
V  [jvm.dll+0x3bec3b]
V  [jvm.dll+0x38b162]
V  [jvm.dll+0x38a5aa]
V  [jvm.dll+0x24c560]
V  [jvm.dll+0x24bb40]
V  [jvm.dll+0x1cb34e]
V  [jvm.dll+0x25b85d]
V  [jvm.dll+0x259dea]
V  [jvm.dll+0x3f857e]
V  [jvm.dll+0x85f59d]
V  [jvm.dll+0x6d626d]
C  [ucrtbase.dll+0x37b0]
C  [KERNEL32.DLL+0x2e957]
C  [ntdll.dll+0x427c]


---------------  P R O C E S S  ---------------

Threads class SMR info:
_java_thread_list=0x000001f35d5ef9b0, length=50, elements={
0x000001f37c57e8e0, 0x000001f37c623fa0, 0x000001f37c625d90, 0x000001f37c629050,
0x000001f37c629e40, 0x000001f37c62bf30, 0x000001f37c62c990, 0x000001f37c62d720,
0x000001f355475710, 0x000001f355738550, 0x000001f3557b62a0, 0x000001f356895150,
0x000001f356b12fe0, 0x000001f35b0e6240, 0x000001f35b0e68b0, 0x000001f35663b470,
0x000001f356b45a70, 0x000001f356648f80, 0x000001f356439b20, 0x000001f35643b560,
0x000001f35643a1b0, 0x000001f3564380e0, 0x000001f356438770, 0x000001f35dc29630,
0x000001f35dc2bd90, 0x000001f35dc29cc0, 0x000001f35dc2a350, 0x000001f35dc28fa0,
0x000001f35dc2b070, 0x000001f35dc2a9e0, 0x000001f35dc2b700, 0x000001f35dc28910,
0x000001f35dc2de60, 0x000001f35dc2c420, 0x000001f35dc2ff30, 0x000001f35dc2d7d0,
0x000001f35dc2f210, 0x000001f35dc2eb80, 0x000001f35dc2e4f0, 0x000001f35dc2f8a0,
0x000001f35dc2d140, 0x000001f35b964650, 0x000001f35b965370, 0x000001f35b9632a0,
0x000001f35b963930, 0x000001f35b962580, 0x000001f35b962c10, 0x000001f35b967ad0,
0x000001f35b966db0, 0x000001f35b968160
}

Java Threads: ( => current thread )
  0x000001f37c57e8e0 JavaThread "main"                              [_thread_blocked, id=29588, stack(0x0000008c11500000,0x0000008c11600000) (1024K)]
  0x000001f37c623fa0 JavaThread "Reference Handler"          daemon [_thread_blocked, id=16176, stack(0x0000008c11900000,0x0000008c11a00000) (1024K)]
  0x000001f37c625d90 JavaThread "Finalizer"                  daemon [_thread_blocked, id=17328, stack(0x0000008c11a00000,0x0000008c11b00000) (1024K)]
  0x000001f37c629050 JavaThread "Signal Dispatcher"          daemon [_thread_blocked, id=8340, stack(0x0000008c11b00000,0x0000008c11c00000) (1024K)]
  0x000001f37c629e40 JavaThread "Attach Listener"            daemon [_thread_blocked, id=27664, stack(0x0000008c11c00000,0x0000008c11d00000) (1024K)]
  0x000001f37c62bf30 JavaThread "Service Thread"             daemon [_thread_blocked, id=27560, stack(0x0000008c11d00000,0x0000008c11e00000) (1024K)]
  0x000001f37c62c990 JavaThread "Monitor Deflation Thread"   daemon [_thread_blocked, id=16864, stack(0x0000008c11e00000,0x0000008c11f00000) (1024K)]
=>0x000001f37c62d720 JavaThread "C2 CompilerThread0"         daemon [_thread_in_native, id=25812, stack(0x0000008c11f00000,0x0000008c12000000) (1024K)]
  0x000001f355475710 JavaThread "C1 CompilerThread0"         daemon [_thread_blocked, id=35576, stack(0x0000008c12000000,0x0000008c12100000) (1024K)]
  0x000001f355738550 JavaThread "Common-Cleaner"             daemon [_thread_blocked, id=18524, stack(0x0000008c12200000,0x0000008c12300000) (1024K)]
  0x000001f3557b62a0 JavaThread "Notification Thread"        daemon [_thread_blocked, id=38844, stack(0x0000008c12100000,0x0000008c12200000) (1024K)]
  0x000001f356895150 JavaThread "Active Thread: Equinox Container: b67e2730-7512-441f-87b0-9caf5521b4f3"        [_thread_blocked, id=10072, stack(0x0000008c12b00000,0x0000008c12c00000) (1024K)]
  0x000001f356b12fe0 JavaThread "Refresh Thread: Equinox Container: b67e2730-7512-441f-87b0-9caf5521b4f3" daemon [_thread_blocked, id=32008, stack(0x0000008c12400000,0x0000008c12500000) (1024K)]
  0x000001f35b0e6240 JavaThread "Framework Event Dispatcher: Equinox Container: b67e2730-7512-441f-87b0-9caf5521b4f3" daemon [_thread_blocked, id=20700, stack(0x0000008c12c00000,0x0000008c12d00000) (1024K)]
  0x000001f35b0e68b0 JavaThread "Start Level: Equinox Container: b67e2730-7512-441f-87b0-9caf5521b4f3" daemon [_thread_blocked, id=47556, stack(0x0000008c12d00000,0x0000008c12e00000) (1024K)]
  0x000001f35663b470 JavaThread "Bundle File Closer"         daemon [_thread_blocked, id=23484, stack(0x0000008c13100000,0x0000008c13200000) (1024K)]
  0x000001f356b45a70 JavaThread "SCR Component Actor"        daemon [_thread_blocked, id=48504, stack(0x0000008c12e00000,0x0000008c12f00000) (1024K)]
  0x000001f356648f80 JavaThread "Worker-JM"                         [_thread_blocked, id=49816, stack(0x0000008c13200000,0x0000008c13300000) (1024K)]
  0x000001f356439b20 JavaThread "JNA Cleaner"                daemon [_thread_blocked, id=30400, stack(0x0000008c13300000,0x0000008c13400000) (1024K)]
  0x000001f35643b560 JavaThread "Worker-2"                          [_thread_blocked, id=15292, stack(0x0000008c13500000,0x0000008c13600000) (1024K)]
  0x000001f35643a1b0 JavaThread "Java indexing"              daemon [_thread_blocked, id=4264, stack(0x0000008c13a00000,0x0000008c13b00000) (1024K)]
  0x000001f3564380e0 JavaThread "Worker-4"                          [_thread_blocked, id=33764, stack(0x0000008c13d00000,0x0000008c13e00000) (1024K)]
  0x000001f356438770 JavaThread "Worker-5: Initialize Workspace"        [_thread_blocked, id=40684, stack(0x0000008c13e00000,0x0000008c13f00000) (1024K)]
  0x000001f35dc29630 JavaThread "Thread-1"                   daemon [_thread_in_native, id=6296, stack(0x0000008c13f00000,0x0000008c14000000) (1024K)]
  0x000001f35dc2bd90 JavaThread "Thread-2"                   daemon [_thread_in_native, id=19588, stack(0x0000008c14000000,0x0000008c14100000) (1024K)]
  0x000001f35dc29cc0 JavaThread "Thread-3"                   daemon [_thread_in_native, id=14540, stack(0x0000008c14100000,0x0000008c14200000) (1024K)]
  0x000001f35dc2a350 JavaThread "Thread-4"                   daemon [_thread_in_native, id=37640, stack(0x0000008c14200000,0x0000008c14300000) (1024K)]
  0x000001f35dc28fa0 JavaThread "Thread-5"                   daemon [_thread_in_native, id=27604, stack(0x0000008c14300000,0x0000008c14400000) (1024K)]
  0x000001f35dc2b070 JavaThread "Thread-6"                   daemon [_thread_in_native, id=42756, stack(0x0000008c14400000,0x0000008c14500000) (1024K)]
  0x000001f35dc2a9e0 JavaThread "Thread-7"                   daemon [_thread_in_native, id=5496, stack(0x0000008c14500000,0x0000008c14600000) (1024K)]
  0x000001f35dc2b700 JavaThread "Thread-8"                   daemon [_thread_in_native, id=10840, stack(0x0000008c14600000,0x0000008c14700000) (1024K)]
  0x000001f35dc28910 JavaThread "Thread-9"                   daemon [_thread_in_native, id=5096, stack(0x0000008c14700000,0x0000008c14800000) (1024K)]
  0x000001f35dc2de60 JavaThread "Thread-10"                  daemon [_thread_in_native, id=8616, stack(0x0000008c14800000,0x0000008c14900000) (1024K)]
  0x000001f35dc2c420 JavaThread "Thread-11"                  daemon [_thread_in_native, id=10352, stack(0x0000008c14900000,0x0000008c14a00000) (1024K)]
  0x000001f35dc2ff30 JavaThread "Thread-12"                  daemon [_thread_in_native, id=44008, stack(0x0000008c14a00000,0x0000008c14b00000) (1024K)]
  0x000001f35dc2d7d0 JavaThread "Thread-13"                  daemon [_thread_in_native, id=35952, stack(0x0000008c14b00000,0x0000008c14c00000) (1024K)]
  0x000001f35dc2f210 JavaThread "pool-2-thread-1"                   [_thread_blocked, id=25252, stack(0x0000008c14c00000,0x0000008c14d00000) (1024K)]
  0x000001f35dc2eb80 JavaThread "WorkspaceEventsHandler"            [_thread_blocked, id=23084, stack(0x0000008c14d00000,0x0000008c14e00000) (1024K)]
  0x000001f35dc2e4f0 JavaThread "pool-1-thread-1"                   [_thread_blocked, id=32728, stack(0x0000008c14e00000,0x0000008c14f00000) (1024K)]
  0x000001f35dc2f8a0 JavaThread "ProjectImportProgressReporter" daemon [_thread_blocked, id=24488, stack(0x0000008c14f00000,0x0000008c15000000) (1024K)]
  0x000001f35dc2d140 JavaThread "Timer-0"                           [_thread_blocked, id=30004, stack(0x0000008c15000000,0x0000008c15100000) (1024K)]
  0x000001f35b964650 JavaThread "Timer-1"                           [_thread_blocked, id=25556, stack(0x0000008c11200000,0x0000008c11300000) (1024K)]
  0x000001f35b965370 JavaThread "Timer-2"                           [_thread_blocked, id=20016, stack(0x0000008c11300000,0x0000008c11400000) (1024K)]
  0x000001f35b9632a0 JavaThread "Timer-3"                           [_thread_blocked, id=31348, stack(0x0000008c11400000,0x0000008c11500000) (1024K)]
  0x000001f35b963930 JavaThread "Timer-4"                           [_thread_blocked, id=8836, stack(0x0000008c13700000,0x0000008c13800000) (1024K)]
  0x000001f35b962580 JavaThread "Connection worker"                 [_thread_in_native, id=35348, stack(0x0000008c13800000,0x0000008c13900000) (1024K)]
  0x000001f35b962c10 JavaThread "pool-3-thread-1"                   [_thread_blocked, id=29700, stack(0x0000008c13400000,0x0000008c13500000) (1024K)]
  0x000001f35b967ad0 JavaThread "Exec process"                      [_thread_blocked, id=3564, stack(0x0000008c13900000,0x0000008c13a00000) (1024K)]
  0x000001f35b966db0 JavaThread "Exec process Thread 2"             [_thread_blocked, id=28164, stack(0x0000008c15100000,0x0000008c15200000) (1024K)]
  0x000001f35b968160 JavaThread "Exec process Thread 3"             [_thread_blocked, id=11788, stack(0x0000008c15200000,0x0000008c15300000) (1024K)]
Total: 50

Other Threads:
  0x000001f3541e2c80 VMThread "VM Thread"                           [id=30824, stack(0x0000008c11800000,0x0000008c11900000) (1024K)]
  0x000001f3540dca00 WatcherThread "VM Periodic Task Thread"        [id=41056, stack(0x0000008c11700000,0x0000008c11800000) (1024K)]
  0x000001f37c59d120 WorkerThread "GC Thread#0"                     [id=41616, stack(0x0000008c11600000,0x0000008c11700000) (1024K)]
  0x000001f356a910c0 WorkerThread "GC Thread#1"                     [id=16600, stack(0x0000008c12500000,0x0000008c12600000) (1024K)]
  0x000001f356a91470 WorkerThread "GC Thread#2"                     [id=27792, stack(0x0000008c12600000,0x0000008c12700000) (1024K)]
  0x000001f356b9d010 WorkerThread "GC Thread#3"                     [id=21532, stack(0x0000008c12700000,0x0000008c12800000) (1024K)]
  0x000001f356b9d3c0 WorkerThread "GC Thread#4"                     [id=21628, stack(0x0000008c12800000,0x0000008c12900000) (1024K)]
  0x000001f356b9d770 WorkerThread "GC Thread#5"                     [id=32932, stack(0x0000008c12900000,0x0000008c12a00000) (1024K)]
  0x000001f3568caaa0 WorkerThread "GC Thread#6"                     [id=23924, stack(0x0000008c12a00000,0x0000008c12b00000) (1024K)]
  0x000001f35b1b6ad0 WorkerThread "GC Thread#7"                     [id=34484, stack(0x0000008c12300000,0x0000008c12400000) (1024K)]
  0x000001f35b388fa0 WorkerThread "GC Thread#8"                     [id=17916, stack(0x0000008c12f00000,0x0000008c13000000) (1024K)]
  0x000001f356828a70 WorkerThread "GC Thread#9"                     [id=42980, stack(0x0000008c13000000,0x0000008c13100000) (1024K)]
Total: 12

Threads with active compile tasks:
C2 CompilerThread0  171999 9396 % !   4       java.io.ObjectInputStream$BlockDataInputStream::readUTFSpan @ 53 (502 bytes)
Total: 1

VM state: not at safepoint (normal execution)

VM Mutex/Monitor currently owned by a thread: None

Heap address: 0x0000000080000000, size: 2048 MB, Compressed Oops mode: 32-bit

CDS archive(s) mapped at: [0x000001f313000000-0x000001f313ba0000-0x000001f313ba0000), size 12189696, SharedBaseAddress: 0x000001f313000000, ArchiveRelocationMode: 1.
Compressed class space mapped at: 0x000001f314000000-0x000001f354000000, reserved size: 1073741824
Narrow klass base: 0x000001f313000000, Narrow klass shift: 0, Narrow klass range: 0x100000000

GC Precious Log:
 CardTable entry size: 512
 CPUs: 12 total, 12 available
 Memory: 15178M
 Large Page Support: Disabled
 NUMA Support: Disabled
 Compressed Oops: Enabled (32-bit)
 Alignments: Space 512K, Generation 512K, Heap 2M
 Heap Min Capacity: 100M
 Heap Initial Capacity: 100M
 Heap Max Capacity: 2G
 Pre-touch: Disabled
 Parallel Workers: 10

Heap:
 PSYoungGen      total 3584K, used 2089K [0x00000000d5580000, 0x00000000d5a80000, 0x0000000100000000)
  eden space 3072K, 56% used [0x00000000d5580000,0x00000000d57324d0,0x00000000d5880000)
  from space 512K, 68% used [0x00000000d5980000,0x00000000d59d8000,0x00000000d5a00000)
  to   space 512K, 0% used [0x00000000d5a00000,0x00000000d5a00000,0x00000000d5a80000)
 ParOldGen       total 404480K, used 193576K [0x0000000080000000, 0x0000000098b00000, 0x00000000d5580000)
  object space 404480K, 47% used [0x0000000080000000,0x000000008bd0a258,0x0000000098b00000)
 Metaspace       used 67184K, committed 68736K, reserved 1114112K
  class space    used 8370K, committed 9024K, reserved 1048576K

Card table byte_map: [0x000001f37bf20000,0x000001f37c330000] _byte_map_base: 0x000001f37bb20000

Marking Bits: (ParMarkBitMap*) 0x00007ffc08ef3450
 Begin Bits: [0x000001f30f000000, 0x000001f311000000)
 End Bits:   [0x000001f311000000, 0x000001f313000000)

Polling page: 0x000001f37a550000

Metaspace:

Usage:
  Non-class:     57.44 MB used.
      Class:      8.17 MB used.
       Both:     65.61 MB used.

Virtual space:
  Non-class space:       64.00 MB reserved,      58.31 MB ( 91%) committed,  1 nodes.
      Class space:        1.00 GB reserved,       8.81 MB ( <1%) committed,  1 nodes.
             Both:        1.06 GB reserved,      67.12 MB (  6%) committed. 

Chunk freelists:
   Non-Class:  5.72 MB
       Class:  7.06 MB
        Both:  12.78 MB

MaxMetaspaceSize: unlimited
CompressedClassSpaceSize: 1.00 GB
Initial GC threshold: 21.00 MB
Current GC threshold: 97.31 MB
CDS: on
 - commit_granule_bytes: 65536.
 - commit_granule_words: 8192.
 - virtual_space_node_default_size: 8388608.
 - enlarge_chunks_in_place: 1.
 - use_allocation_guard: 0.


Internal statistics:

num_allocs_failed_limit: 9.
num_arena_births: 1312.
num_arena_deaths: 22.
num_vsnodes_births: 2.
num_vsnodes_deaths: 0.
num_space_committed: 1074.
num_space_uncommitted: 0.
num_chunks_returned_to_freelist: 34.
num_chunks_taken_from_freelist: 4285.
num_chunk_merges: 12.
num_chunk_splits: 2761.
num_chunks_enlarged: 1687.
num_inconsistent_stats: 0.

CodeHeap 'non-profiled nmethods': size=120000Kb used=8011Kb max_used=8011Kb free=111988Kb
 bounds [0x000001f307ad0000, 0x000001f3082b0000, 0x000001f30f000000]
CodeHeap 'profiled nmethods': size=120000Kb used=17844Kb max_used=17844Kb free=102155Kb
 bounds [0x000001f300000000, 0x000001f301170000, 0x000001f307530000]
CodeHeap 'non-nmethods': size=5760Kb used=1413Kb max_used=1466Kb free=4346Kb
 bounds [0x000001f307530000, 0x000001f3077a0000, 0x000001f307ad0000]
CodeCache: size=245760Kb, used=27268Kb, max_used=27321Kb, free=218489Kb
 total_blobs=9311, nmethods=8589, adapters=628, full_count=0
Compilation: enabled, stopped_count=0, restarted_count=0

Compilation events (20 events):
Event: 170.664 Thread 0x000001f355475710 nmethod 9386 0x000001f301166210 code [0x000001f301166440, 0x000001f301166b48]
Event: 170.664 Thread 0x000001f355475710 9387       3       java.lang.StringBuffer::<init> (7 bytes)
Event: 170.664 Thread 0x000001f355475710 nmethod 9387 0x000001f301166e10 code [0x000001f301166fc0, 0x000001f301167100]
Event: 170.669 Thread 0x000001f37c62d720 9388       4       java.lang.Math::max (12 bytes)
Event: 170.670 Thread 0x000001f37c62d720 nmethod 9388 0x000001f3082a2010 code [0x000001f3082a2180, 0x000001f3082a21f8]
Event: 171.610 Thread 0x000001f355475710 9389       3       org.gradle.internal.logging.sink.GroupingProgressLogEventGenerator$OperationGroup::timeoutExpired (17 bytes)
Event: 171.611 Thread 0x000001f355475710 nmethod 9389 0x000001f301167190 code [0x000001f301167320, 0x000001f301167488]
Event: 171.852 Thread 0x000001f37c62d720 9390       4       jdk.internal.reflect.AccessorGenerator::sub (5 bytes)
Event: 171.853 Thread 0x000001f37c62d720 nmethod 9390 0x000001f3082a2310 code [0x000001f3082a2480, 0x000001f3082a24f0]
Event: 171.858 Thread 0x000001f355475710 9391       3       java.io.DataOutputStream::writeInt (28 bytes)
Event: 171.859 Thread 0x000001f355475710 nmethod 9391 0x000001f301167510 code [0x000001f301167740, 0x000001f301167ea8]
Event: 171.860 Thread 0x000001f37c62d720 9392       4       java.lang.invoke.MethodHandle::getApproximateCommonClassLoader (58 bytes)
Event: 171.860 Thread 0x000001f355475710 9393       3       java.util.stream.Collectors$CollectorImpl::<init> (32 bytes)
Event: 171.860 Thread 0x000001f355475710 nmethod 9393 0x000001f301168210 code [0x000001f3011683c0, 0x000001f3011685e8]
Event: 171.861 Thread 0x000001f355475710 9394   !   3       java.io.ObjectInputStream$BlockDataInputStream::readUTFSpan (502 bytes)
Event: 171.862 Thread 0x000001f355475710 nmethod 9394 0x000001f301168710 code [0x000001f3011689e0, 0x000001f301169978]
Event: 171.864 Thread 0x000001f355475710 9395       3       java.io.ObjectInputStream$BlockDataInputStream::readUTFBody (192 bytes)
Event: 171.868 Thread 0x000001f37c62d720 nmethod 9392 0x000001f3082a2610 code [0x000001f3082a27c0, 0x000001f3082a2a08]
Event: 171.868 Thread 0x000001f37c62d720 9396 % !   4       java.io.ObjectInputStream$BlockDataInputStream::readUTFSpan @ 53 (502 bytes)
Event: 171.868 Thread 0x000001f355475710 nmethod 9395 0x000001f30116a490 code [0x000001f30116a700, 0x000001f30116b1a8]

GC Heap History (20 events):
Event: 166.734 GC heap before
{Heap before GC invocations=445 (full 3):
 PSYoungGen      total 3584K, used 3232K [0x00000000d5580000, 0x00000000d5a80000, 0x0000000100000000)
  eden space 3072K, 100% used [0x00000000d5580000,0x00000000d5880000,0x00000000d5880000)
  from space 512K, 31% used [0x00000000d5980000,0x00000000d59a8000,0x00000000d5a00000)
  to   space 512K, 0% used [0x00000000d5a00000,0x00000000d5a00000,0x00000000d5a80000)
 ParOldGen       total 404480K, used 193440K [0x0000000080000000, 0x0000000098b00000, 0x00000000d5580000)
  object space 404480K, 47% used [0x0000000080000000,0x000000008bce8258,0x0000000098b00000)
 Metaspace       used 67111K, committed 68608K, reserved 1114112K
  class space    used 8358K, committed 8960K, reserved 1048576K
}
Event: 166.738 GC heap after
{Heap after GC invocations=445 (full 3):
 PSYoungGen      total 3584K, used 192K [0x00000000d5580000, 0x00000000d5a80000, 0x0000000100000000)
  eden space 3072K, 0% used [0x00000000d5580000,0x00000000d5580000,0x00000000d5880000)
  from space 512K, 37% used [0x00000000d5a00000,0x00000000d5a30000,0x00000000d5a80000)
  to   space 512K, 0% used [0x00000000d5980000,0x00000000d5980000,0x00000000d5a00000)
 ParOldGen       total 404480K, used 193448K [0x0000000080000000, 0x0000000098b00000, 0x00000000d5580000)
  object space 404480K, 47% used [0x0000000080000000,0x000000008bcea258,0x0000000098b00000)
 Metaspace       used 67111K, committed 68608K, reserved 1114112K
  class space    used 8358K, committed 8960K, reserved 1048576K
}
Event: 167.026 GC heap before
{Heap before GC invocations=446 (full 3):
 PSYoungGen      total 3584K, used 3264K [0x00000000d5580000, 0x00000000d5a80000, 0x0000000100000000)
  eden space 3072K, 100% used [0x00000000d5580000,0x00000000d5880000,0x00000000d5880000)
  from space 512K, 37% used [0x00000000d5a00000,0x00000000d5a30000,0x00000000d5a80000)
  to   space 512K, 0% used [0x00000000d5980000,0x00000000d5980000,0x00000000d5a00000)
 ParOldGen       total 404480K, used 193448K [0x0000000080000000, 0x0000000098b00000, 0x00000000d5580000)
  object space 404480K, 47% used [0x0000000080000000,0x000000008bcea258,0x0000000098b00000)
 Metaspace       used 67111K, committed 68608K, reserved 1114112K
  class space    used 8358K, committed 8960K, reserved 1048576K
}
Event: 167.028 GC heap after
{Heap after GC invocations=446 (full 3):
 PSYoungGen      total 3584K, used 192K [0x00000000d5580000, 0x00000000d5a80000, 0x0000000100000000)
  eden space 3072K, 0% used [0x00000000d5580000,0x00000000d5580000,0x00000000d5880000)
  from space 512K, 37% used [0x00000000d5980000,0x00000000d59b0000,0x00000000d5a00000)
  to   space 512K, 0% used [0x00000000d5a00000,0x00000000d5a00000,0x00000000d5a80000)
 ParOldGen       total 404480K, used 193472K [0x0000000080000000, 0x0000000098b00000, 0x00000000d5580000)
  object space 404480K, 47% used [0x0000000080000000,0x000000008bcf0258,0x0000000098b00000)
 Metaspace       used 67111K, committed 68608K, reserved 1114112K
  class space    used 8358K, committed 8960K, reserved 1048576K
}
Event: 167.261 GC heap before
{Heap before GC invocations=447 (full 3):
 PSYoungGen      total 3584K, used 3264K [0x00000000d5580000, 0x00000000d5a80000, 0x0000000100000000)
  eden space 3072K, 100% used [0x00000000d5580000,0x00000000d5880000,0x00000000d5880000)
  from space 512K, 37% used [0x00000000d5980000,0x00000000d59b0000,0x00000000d5a00000)
  to   space 512K, 0% used [0x00000000d5a00000,0x00000000d5a00000,0x00000000d5a80000)
 ParOldGen       total 404480K, used 193472K [0x0000000080000000, 0x0000000098b00000, 0x00000000d5580000)
  object space 404480K, 47% used [0x0000000080000000,0x000000008bcf0258,0x0000000098b00000)
 Metaspace       used 67111K, committed 68608K, reserved 1114112K
  class space    used 8358K, committed 8960K, reserved 1048576K
}
Event: 167.263 GC heap after
{Heap after GC invocations=447 (full 3):
 PSYoungGen      total 3584K, used 192K [0x00000000d5580000, 0x00000000d5a80000, 0x0000000100000000)
  eden space 3072K, 0% used [0x00000000d5580000,0x00000000d5580000,0x00000000d5880000)
  from space 512K, 37% used [0x00000000d5a00000,0x00000000d5a30000,0x00000000d5a80000)
  to   space 512K, 0% used [0x00000000d5980000,0x00000000d5980000,0x00000000d5a00000)
 ParOldGen       total 404480K, used 193496K [0x0000000080000000, 0x0000000098b00000, 0x00000000d5580000)
  object space 404480K, 47% used [0x0000000080000000,0x000000008bcf6258,0x0000000098b00000)
 Metaspace       used 67111K, committed 68608K, reserved 1114112K
  class space    used 8358K, committed 8960K, reserved 1048576K
}
Event: 167.459 GC heap before
{Heap before GC invocations=448 (full 3):
 PSYoungGen      total 3584K, used 3264K [0x00000000d5580000, 0x00000000d5a80000, 0x0000000100000000)
  eden space 3072K, 100% used [0x00000000d5580000,0x00000000d5880000,0x00000000d5880000)
  from space 512K, 37% used [0x00000000d5a00000,0x00000000d5a30000,0x00000000d5a80000)
  to   space 512K, 0% used [0x00000000d5980000,0x00000000d5980000,0x00000000d5a00000)
 ParOldGen       total 404480K, used 193496K [0x0000000080000000, 0x0000000098b00000, 0x00000000d5580000)
  object space 404480K, 47% used [0x0000000080000000,0x000000008bcf6258,0x0000000098b00000)
 Metaspace       used 67111K, committed 68608K, reserved 1114112K
  class space    used 8358K, committed 8960K, reserved 1048576K
}
Event: 167.460 GC heap after
{Heap after GC invocations=448 (full 3):
 PSYoungGen      total 3584K, used 224K [0x00000000d5580000, 0x00000000d5a80000, 0x0000000100000000)
  eden space 3072K, 0% used [0x00000000d5580000,0x00000000d5580000,0x00000000d5880000)
  from space 512K, 43% used [0x00000000d5980000,0x00000000d59b8000,0x00000000d5a00000)
  to   space 512K, 0% used [0x00000000d5a00000,0x00000000d5a00000,0x00000000d5a80000)
 ParOldGen       total 404480K, used 193496K [0x0000000080000000, 0x0000000098b00000, 0x00000000d5580000)
  object space 404480K, 47% used [0x0000000080000000,0x000000008bcf6258,0x0000000098b00000)
 Metaspace       used 67111K, committed 68608K, reserved 1114112K
  class space    used 8358K, committed 8960K, reserved 1048576K
}
Event: 167.725 GC heap before
{Heap before GC invocations=449 (full 3):
 PSYoungGen      total 3584K, used 3296K [0x00000000d5580000, 0x00000000d5a80000, 0x0000000100000000)
  eden space 3072K, 100% used [0x00000000d5580000,0x00000000d5880000,0x00000000d5880000)
  from space 512K, 43% used [0x00000000d5980000,0x00000000d59b8000,0x00000000d5a00000)
  to   space 512K, 0% used [0x00000000d5a00000,0x00000000d5a00000,0x00000000d5a80000)
 ParOldGen       total 404480K, used 193496K [0x0000000080000000, 0x0000000098b00000, 0x00000000d5580000)
  object space 404480K, 47% used [0x0000000080000000,0x000000008bcf6258,0x0000000098b00000)
 Metaspace       used 67111K, committed 68608K, reserved 1114112K
  class space    used 8358K, committed 8960K, reserved 1048576K
}
Event: 167.726 GC heap after
{Heap after GC invocations=449 (full 3):
 PSYoungGen      total 3584K, used 160K [0x00000000d5580000, 0x00000000d5a80000, 0x0000000100000000)
  eden space 3072K, 0% used [0x00000000d5580000,0x00000000d5580000,0x00000000d5880000)
  from space 512K, 31% used [0x00000000d5a00000,0x00000000d5a28000,0x00000000d5a80000)
  to   space 512K, 0% used [0x00000000d5980000,0x00000000d5980000,0x00000000d5a00000)
 ParOldGen       total 404480K, used 193520K [0x0000000080000000, 0x0000000098b00000, 0x00000000d5580000)
  object space 404480K, 47% used [0x0000000080000000,0x000000008bcfc258,0x0000000098b00000)
 Metaspace       used 67111K, committed 68608K, reserved 1114112K
  class space    used 8358K, committed 8960K, reserved 1048576K
}
Event: 167.984 GC heap before
{Heap before GC invocations=450 (full 3):
 PSYoungGen      total 3584K, used 3232K [0x00000000d5580000, 0x00000000d5a80000, 0x0000000100000000)
  eden space 3072K, 100% used [0x00000000d5580000,0x00000000d5880000,0x00000000d5880000)
  from space 512K, 31% used [0x00000000d5a00000,0x00000000d5a28000,0x00000000d5a80000)
  to   space 512K, 0% used [0x00000000d5980000,0x00000000d5980000,0x00000000d5a00000)
 ParOldGen       total 404480K, used 193520K [0x0000000080000000, 0x0000000098b00000, 0x00000000d5580000)
  object space 404480K, 47% used [0x0000000080000000,0x000000008bcfc258,0x0000000098b00000)
 Metaspace       used 67111K, committed 68608K, reserved 1114112K
  class space    used 8358K, committed 8960K, reserved 1048576K
}
Event: 167.985 GC heap after
{Heap after GC invocations=450 (full 3):
 PSYoungGen      total 3584K, used 128K [0x00000000d5580000, 0x00000000d5a80000, 0x0000000100000000)
  eden space 3072K, 0% used [0x00000000d5580000,0x00000000d5580000,0x00000000d5880000)
  from space 512K, 25% used [0x00000000d5980000,0x00000000d59a0000,0x00000000d5a00000)
  to   space 512K, 0% used [0x00000000d5a00000,0x00000000d5a00000,0x00000000d5a80000)
 ParOldGen       total 404480K, used 193528K [0x0000000080000000, 0x0000000098b00000, 0x00000000d5580000)
  object space 404480K, 47% used [0x0000000080000000,0x000000008bcfe258,0x0000000098b00000)
 Metaspace       used 67111K, committed 68608K, reserved 1114112K
  class space    used 8358K, committed 8960K, reserved 1048576K
}
Event: 168.270 GC heap before
{Heap before GC invocations=451 (full 3):
 PSYoungGen      total 3584K, used 3200K [0x00000000d5580000, 0x00000000d5a80000, 0x0000000100000000)
  eden space 3072K, 100% used [0x00000000d5580000,0x00000000d5880000,0x00000000d5880000)
  from space 512K, 25% used [0x00000000d5980000,0x00000000d59a0000,0x00000000d5a00000)
  to   space 512K, 0% used [0x00000000d5a00000,0x00000000d5a00000,0x00000000d5a80000)
 ParOldGen       total 404480K, used 193528K [0x0000000080000000, 0x0000000098b00000, 0x00000000d5580000)
  object space 404480K, 47% used [0x0000000080000000,0x000000008bcfe258,0x0000000098b00000)
 Metaspace       used 67111K, committed 68608K, reserved 1114112K
  class space    used 8358K, committed 8960K, reserved 1048576K
}
Event: 168.272 GC heap after
{Heap after GC invocations=451 (full 3):
 PSYoungGen      total 3584K, used 192K [0x00000000d5580000, 0x00000000d5a80000, 0x0000000100000000)
  eden space 3072K, 0% used [0x00000000d5580000,0x00000000d5580000,0x00000000d5880000)
  from space 512K, 37% used [0x00000000d5a00000,0x00000000d5a30000,0x00000000d5a80000)
  to   space 512K, 0% used [0x00000000d5980000,0x00000000d5980000,0x00000000d5a00000)
 ParOldGen       total 404480K, used 193544K [0x0000000080000000, 0x0000000098b00000, 0x00000000d5580000)
  object space 404480K, 47% used [0x0000000080000000,0x000000008bd02258,0x0000000098b00000)
 Metaspace       used 67111K, committed 68608K, reserved 1114112K
  class space    used 8358K, committed 8960K, reserved 1048576K
}
Event: 168.548 GC heap before
{Heap before GC invocations=452 (full 3):
 PSYoungGen      total 3584K, used 3264K [0x00000000d5580000, 0x00000000d5a80000, 0x0000000100000000)
  eden space 3072K, 100% used [0x00000000d5580000,0x00000000d5880000,0x00000000d5880000)
  from space 512K, 37% used [0x00000000d5a00000,0x00000000d5a30000,0x00000000d5a80000)
  to   space 512K, 0% used [0x00000000d5980000,0x00000000d5980000,0x00000000d5a00000)
 ParOldGen       total 404480K, used 193544K [0x0000000080000000, 0x0000000098b00000, 0x00000000d5580000)
  object space 404480K, 47% used [0x0000000080000000,0x000000008bd02258,0x0000000098b00000)
 Metaspace       used 67111K, committed 68608K, reserved 1114112K
  class space    used 8358K, committed 8960K, reserved 1048576K
}
Event: 168.550 GC heap after
{Heap after GC invocations=452 (full 3):
 PSYoungGen      total 3584K, used 160K [0x00000000d5580000, 0x00000000d5a80000, 0x0000000100000000)
  eden space 3072K, 0% used [0x00000000d5580000,0x00000000d5580000,0x00000000d5880000)
  from space 512K, 31% used [0x00000000d5980000,0x00000000d59a8000,0x00000000d5a00000)
  to   space 512K, 0% used [0x00000000d5a00000,0x00000000d5a00000,0x00000000d5a80000)
 ParOldGen       total 404480K, used 193552K [0x0000000080000000, 0x0000000098b00000, 0x00000000d5580000)
  object space 404480K, 47% used [0x0000000080000000,0x000000008bd04258,0x0000000098b00000)
 Metaspace       used 67111K, committed 68608K, reserved 1114112K
  class space    used 8358K, committed 8960K, reserved 1048576K
}
Event: 168.759 GC heap before
{Heap before GC invocations=453 (full 3):
 PSYoungGen      total 3584K, used 3232K [0x00000000d5580000, 0x00000000d5a80000, 0x0000000100000000)
  eden space 3072K, 100% used [0x00000000d5580000,0x00000000d5880000,0x00000000d5880000)
  from space 512K, 31% used [0x00000000d5980000,0x00000000d59a8000,0x00000000d5a00000)
  to   space 512K, 0% used [0x00000000d5a00000,0x00000000d5a00000,0x00000000d5a80000)
 ParOldGen       total 404480K, used 193552K [0x0000000080000000, 0x0000000098b00000, 0x00000000d5580000)
  object space 404480K, 47% used [0x0000000080000000,0x000000008bd04258,0x0000000098b00000)
 Metaspace       used 67111K, committed 68608K, reserved 1114112K
  class space    used 8358K, committed 8960K, reserved 1048576K
}
Event: 168.760 GC heap after
{Heap after GC invocations=453 (full 3):
 PSYoungGen      total 3584K, used 224K [0x00000000d5580000, 0x00000000d5a80000, 0x0000000100000000)
  eden space 3072K, 0% used [0x00000000d5580000,0x00000000d5580000,0x00000000d5880000)
  from space 512K, 43% used [0x00000000d5a00000,0x00000000d5a38000,0x00000000d5a80000)
  to   space 512K, 0% used [0x00000000d5980000,0x00000000d5980000,0x00000000d5a00000)
 ParOldGen       total 404480K, used 193568K [0x0000000080000000, 0x0000000098b00000, 0x00000000d5580000)
  object space 404480K, 47% used [0x0000000080000000,0x000000008bd08258,0x0000000098b00000)
 Metaspace       used 67111K, committed 68608K, reserved 1114112K
  class space    used 8358K, committed 8960K, reserved 1048576K
}
Event: 171.865 GC heap before
{Heap before GC invocations=454 (full 3):
 PSYoungGen      total 3584K, used 3278K [0x00000000d5580000, 0x00000000d5a80000, 0x0000000100000000)
  eden space 3072K, 99% used [0x00000000d5580000,0x00000000d587ba58,0x00000000d5880000)
  from space 512K, 43% used [0x00000000d5a00000,0x00000000d5a38000,0x00000000d5a80000)
  to   space 512K, 0% used [0x00000000d5980000,0x00000000d5980000,0x00000000d5a00000)
 ParOldGen       total 404480K, used 193568K [0x0000000080000000, 0x0000000098b00000, 0x00000000d5580000)
  object space 404480K, 47% used [0x0000000080000000,0x000000008bd08258,0x0000000098b00000)
 Metaspace       used 67178K, committed 68736K, reserved 1114112K
  class space    used 8369K, committed 9024K, reserved 1048576K
}
Event: 171.867 GC heap after
{Heap after GC invocations=454 (full 3):
 PSYoungGen      total 3584K, used 352K [0x00000000d5580000, 0x00000000d5a80000, 0x0000000100000000)
  eden space 3072K, 0% used [0x00000000d5580000,0x00000000d5580000,0x00000000d5880000)
  from space 512K, 68% used [0x00000000d5980000,0x00000000d59d8000,0x00000000d5a00000)
  to   space 512K, 0% used [0x00000000d5a00000,0x00000000d5a00000,0x00000000d5a80000)
 ParOldGen       total 404480K, used 193576K [0x0000000080000000, 0x0000000098b00000, 0x00000000d5580000)
  object space 404480K, 47% used [0x0000000080000000,0x000000008bd0a258,0x0000000098b00000)
 Metaspace       used 67178K, committed 68736K, reserved 1114112K
  class space    used 8369K, committed 9024K, reserved 1048576K
}

Dll operation events (15 events):
Event: 0.036 Loaded shared library c:\Users\Lenovo\.antigravity\extensions\redhat.java-1.54.0-win32-x64\jre\21.0.10-win32-x86_64\bin\java.dll
Event: 0.181 Loaded shared library c:\Users\Lenovo\.antigravity\extensions\redhat.java-1.54.0-win32-x64\jre\21.0.10-win32-x86_64\bin\zip.dll
Event: 0.236 Loaded shared library C:\Users\Lenovo\.antigravity\extensions\redhat.java-1.54.0-win32-x64\jre\21.0.10-win32-x86_64\bin\instrument.dll
Event: 0.252 Loaded shared library C:\Users\Lenovo\.antigravity\extensions\redhat.java-1.54.0-win32-x64\jre\21.0.10-win32-x86_64\bin\net.dll
Event: 0.263 Loaded shared library C:\Users\Lenovo\.antigravity\extensions\redhat.java-1.54.0-win32-x64\jre\21.0.10-win32-x86_64\bin\nio.dll
Event: 0.275 Loaded shared library C:\Users\Lenovo\.antigravity\extensions\redhat.java-1.54.0-win32-x64\jre\21.0.10-win32-x86_64\bin\zip.dll
Event: 0.337 Loaded shared library C:\Users\Lenovo\.antigravity\extensions\redhat.java-1.54.0-win32-x64\jre\21.0.10-win32-x86_64\bin\jimage.dll
Event: 0.564 Loaded shared library c:\Users\Lenovo\.antigravity\extensions\redhat.java-1.54.0-win32-x64\jre\21.0.10-win32-x86_64\bin\verify.dll
Event: 6.910 Loaded shared library C:\Users\Lenovo\AppData\Roaming\Antigravity\User\globalStorage\redhat.java\1.54.0\config_win\org.eclipse.equinox.launcher\org.eclipse.equinox.launcher.win32.win32.x86_64_1.3.0.v20260203-2149\eclipse_11919.dll
Event: 16.367 Loaded shared library C:\Users\Lenovo\AppData\Local\Temp\jna--2022488749\jna13906599830222305109.dll
Event: 58.568 Loaded shared library C:\Users\Lenovo\.gradle\native\1def1411415f61bf3af743bc5b6707747c0891f09f0c88961ee8f79bc544acac\windows-amd64\native-platform.dll
Event: 79.267 Loaded shared library C:\Users\Lenovo\.antigravity\extensions\redhat.java-1.54.0-win32-x64\jre\21.0.10-win32-x86_64\bin\management.dll
Event: 79.286 Loaded shared library C:\Users\Lenovo\.antigravity\extensions\redhat.java-1.54.0-win32-x64\jre\21.0.10-win32-x86_64\bin\management_ext.dll
Event: 118.618 Loaded shared library C:\Users\Lenovo\.antigravity\extensions\redhat.java-1.54.0-win32-x64\jre\21.0.10-win32-x86_64\bin\extnet.dll
Event: 134.138 Loaded shared library C:\Users\Lenovo\.antigravity\extensions\redhat.java-1.54.0-win32-x64\jre\21.0.10-win32-x86_64\bin\sunmscapi.dll

Deoptimization events (20 events):
Event: 171.860 Thread 0x000001f35b962580 Uncommon trap: trap_request=0xffffff45 fr.pc=0x000001f308249b84 relative=0x0000000000000784
Event: 171.860 Thread 0x000001f35b962580 Uncommon trap: reason=unstable_if action=reinterpret pc=0x000001f308249b84 method=java.io.ObjectInputStream$BlockDataInputStream.readUTFSpan(Ljava/lang/StringBuilder;J)J @ 35 c2
Event: 171.860 Thread 0x000001f35b962580 DEOPT PACKING pc=0x000001f308249b84 sp=0x0000008c138fccd0
Event: 171.860 Thread 0x000001f35b962580 DEOPT UNPACKING pc=0x000001f307583aa2 sp=0x0000008c138fcc50 mode 2
Event: 171.861 Thread 0x000001f35b962580 Uncommon trap: trap_request=0xffffff45 fr.pc=0x000001f30825b0c4 relative=0x0000000000000ca4
Event: 171.861 Thread 0x000001f35b962580 Uncommon trap: reason=unstable_if action=reinterpret pc=0x000001f30825b0c4 method=java.io.ObjectInputStream$BlockDataInputStream.readUTFBody(J)Ljava/lang/String; @ 126 c2
Event: 171.861 Thread 0x000001f35b962580 DEOPT PACKING pc=0x000001f30825b0c4 sp=0x0000008c138fcd50
Event: 171.861 Thread 0x000001f35b962580 DEOPT UNPACKING pc=0x000001f307583aa2 sp=0x0000008c138fcd38 mode 2
Event: 171.863 Thread 0x000001f35b962580 Uncommon trap: trap_request=0xffffffbe fr.pc=0x000001f308297d3c relative=0x000000000000027c
Event: 171.863 Thread 0x000001f35b962580 Uncommon trap: reason=profile_predicate action=maybe_recompile pc=0x000001f308297d3c method=java.io.ObjectStreamClass$FieldReflector.setPrimFieldValues(Ljava/lang/Object;[B)V @ 19 c2
Event: 171.863 Thread 0x000001f35b962580 DEOPT PACKING pc=0x000001f308297d3c sp=0x0000008c138fc7e0
Event: 171.863 Thread 0x000001f35b962580 DEOPT UNPACKING pc=0x000001f307583aa2 sp=0x0000008c138fc770 mode 2
Event: 171.869 Thread 0x000001f35b962580 Uncommon trap: trap_request=0xffffffbe fr.pc=0x000001f308297d3c relative=0x000000000000027c
Event: 171.869 Thread 0x000001f35b962580 Uncommon trap: reason=profile_predicate action=maybe_recompile pc=0x000001f308297d3c method=java.io.ObjectStreamClass$FieldReflector.setPrimFieldValues(Ljava/lang/Object;[B)V @ 19 c2
Event: 171.869 Thread 0x000001f35b962580 DEOPT PACKING pc=0x000001f308297d3c sp=0x0000008c138fbde0
Event: 171.869 Thread 0x000001f35b962580 DEOPT UNPACKING pc=0x000001f307583aa2 sp=0x0000008c138fbd70 mode 2
Event: 171.870 Thread 0x000001f35b962580 Uncommon trap: trap_request=0xffffffbe fr.pc=0x000001f308297d3c relative=0x000000000000027c
Event: 171.870 Thread 0x000001f35b962580 Uncommon trap: reason=profile_predicate action=maybe_recompile pc=0x000001f308297d3c method=java.io.ObjectStreamClass$FieldReflector.setPrimFieldValues(Ljava/lang/Object;[B)V @ 19 c2
Event: 171.870 Thread 0x000001f35b962580 DEOPT PACKING pc=0x000001f308297d3c sp=0x0000008c138fc7e0
Event: 171.870 Thread 0x000001f35b962580 DEOPT UNPACKING pc=0x000001f307583aa2 sp=0x0000008c138fc770 mode 2

Classes loaded (20 events):
Event: 134.286 Loading class java/lang/invoke/ConstantBootstraps
Event: 134.286 Loading class java/lang/invoke/ConstantBootstraps done
Event: 134.354 Loading class java/io/ObjectStreamClass$1
Event: 134.354 Loading class java/io/ObjectStreamClass$1 done
Event: 134.354 Loading class java/io/ObjectStreamClass$MemberSignature
Event: 134.355 Loading class java/io/ObjectStreamClass$MemberSignature done
Event: 134.355 Loading class java/io/ObjectStreamClass$3
Event: 134.355 Loading class java/io/ObjectStreamClass$3 done
Event: 134.355 Loading class java/io/ObjectStreamClass$4
Event: 134.356 Loading class java/io/ObjectStreamClass$4 done
Event: 134.356 Loading class java/io/ObjectStreamClass$5
Event: 134.356 Loading class java/io/ObjectStreamClass$5 done
Event: 134.387 Loading class java/nio/channels/spi/AbstractSelector$1
Event: 134.387 Loading class java/nio/channels/spi/AbstractSelector$1 done
Event: 134.629 Loading class java/util/concurrent/Executors$AutoShutdownDelegatedExecutorService
Event: 134.629 Loading class java/util/concurrent/Executors$AutoShutdownDelegatedExecutorService done
Event: 136.591 Loading class java/lang/UnsupportedClassVersionError
Event: 136.592 Loading class java/lang/UnsupportedClassVersionError done
Event: 170.168 Loading class java/time/Ser
Event: 170.169 Loading class java/time/Ser done

Classes unloaded (11 events):
Event: 17.745 Thread 0x000001f3541e2c80 Unloading class 0x000001f3141ad000 'java/lang/invoke/LambdaForm$MH+0x000001f3141ad000'
Event: 17.745 Thread 0x000001f3541e2c80 Unloading class 0x000001f3141acc00 'java/lang/invoke/LambdaForm$MH+0x000001f3141acc00'
Event: 17.745 Thread 0x000001f3541e2c80 Unloading class 0x000001f3141ac800 'java/lang/invoke/LambdaForm$MH+0x000001f3141ac800'
Event: 17.745 Thread 0x000001f3541e2c80 Unloading class 0x000001f3141ac400 'java/lang/invoke/LambdaForm$MH+0x000001f3141ac400'
Event: 17.745 Thread 0x000001f3541e2c80 Unloading class 0x000001f3141ac000 'java/lang/invoke/LambdaForm$BMH+0x000001f3141ac000'
Event: 17.745 Thread 0x000001f3541e2c80 Unloading class 0x000001f3141abc00 'java/lang/invoke/LambdaForm$DMH+0x000001f3141abc00'
Event: 17.745 Thread 0x000001f3541e2c80 Unloading class 0x000001f3141aa800 'java/lang/invoke/LambdaForm$DMH+0x000001f3141aa800'
Event: 20.960 Thread 0x000001f3541e2c80 Unloading class 0x000001f31430b400 'java/lang/invoke/LambdaForm$MH+0x000001f31430b400'
Event: 20.960 Thread 0x000001f3541e2c80 Unloading class 0x000001f31430ac00 'java/lang/invoke/LambdaForm$MH+0x000001f31430ac00'
Event: 20.960 Thread 0x000001f3541e2c80 Unloading class 0x000001f31430a800 'java/lang/invoke/LambdaForm$DMH+0x000001f31430a800'
Event: 20.960 Thread 0x000001f3541e2c80 Unloading class 0x000001f314304800 'java/lang/invoke/LambdaForm$MH+0x000001f314304800'

Classes redefined (0 events):
No events

Internal exceptions (20 events):
Event: 134.361 Thread 0x000001f35b962580 Exception <a 'java/lang/NoSuchMethodError'{0x00000000d5783c00}: static Lorg/gradle/internal/classloader/ClassLoaderSpec;.<clinit>()V> (0x00000000d5783c00) 
thrown [s\src\hotspot\share\prims\jni.cpp, line 1111]
Event: 134.366 Thread 0x000001f35b962580 Exception <a 'java/lang/NoSuchMethodError'{0x00000000d57a10f0}: static Lorg/gradle/tooling/internal/provider/serialization/ClientOwnedClassLoaderSpec;.<clinit>()V> (0x00000000d57a10f0) 
thrown [s\src\hotspot\share\prims\jni.cpp, line 1111]
Event: 134.375 Thread 0x000001f35b962580 Exception <a 'java/lang/NoSuchMethodError'{0x00000000d57e7ff8}: static [Ljava/lang/Object;.<clinit>()V> (0x00000000d57e7ff8) 
thrown [s\src\hotspot\share\prims\jni.cpp, line 1111]
Event: 136.599 Thread 0x000001f35b962580 Exception <a 'java/lang/NoSuchMethodError'{0x00000000d5580f70}: static Lorg/gradle/internal/build/event/types/AbstractProgressEvent;.<clinit>()V> (0x00000000d5580f70) 
thrown [s\src\hotspot\share\prims\jni.cpp, line 1111]
Event: 136.601 Thread 0x000001f35b962580 Exception <a 'java/lang/NoSuchMethodError'{0x00000000d558ee90}: static Lorg/gradle/internal/build/event/types/DefaultOperationStartedProgressEvent;.<clinit>()V> (0x00000000d558ee90) 
thrown [s\src\hotspot\share\prims\jni.cpp, line 1111]
Event: 136.604 Thread 0x000001f35b962580 Exception <a 'java/lang/NoSuchMethodError'{0x00000000d55a5d40}: static Lorg/gradle/internal/build/event/types/DefaultOperationDescriptor;.<clinit>()V> (0x00000000d55a5d40) 
thrown [s\src\hotspot\share\prims\jni.cpp, line 1111]
Event: 136.606 Thread 0x000001f35b962580 Exception <a 'java/lang/NoSuchMethodError'{0x00000000d55b47f0}: static Lorg/gradle/internal/operations/OperationIdentifier;.<clinit>()V> (0x00000000d55b47f0) 
thrown [s\src\hotspot\share\prims\jni.cpp, line 1111]
Event: 139.399 Thread 0x000001f35b962580 Exception <a 'java/lang/NoSuchMethodError'{0x00000000d562de50}: static Lorg/gradle/internal/build/event/types/DefaultOperationFinishedProgressEvent;.<clinit>()V> (0x00000000d562de50) 
thrown [s\src\hotspot\share\prims\jni.cpp, line 1111]
Event: 139.403 Thread 0x000001f35b962580 Exception <a 'java/lang/NoSuchMethodError'{0x00000000d5645760}: static Lorg/gradle/internal/build/event/types/AbstractResult;.<clinit>()V> (0x00000000d5645760) 
thrown [s\src\hotspot\share\prims\jni.cpp, line 1111]
Event: 139.404 Thread 0x000001f35b962580 Exception <a 'java/lang/NoSuchMethodError'{0x00000000d5653450}: static Lorg/gradle/internal/build/event/types/AbstractOperationResult;.<clinit>()V> (0x00000000d5653450) 
thrown [s\src\hotspot\share\prims\jni.cpp, line 1111]
Event: 139.406 Thread 0x000001f35b962580 Exception <a 'java/lang/NoSuchMethodError'{0x00000000d56616f0}: static Lorg/gradle/internal/build/event/types/DefaultSuccessResult;.<clinit>()V> (0x00000000d56616f0) 
thrown [s\src\hotspot\share\prims\jni.cpp, line 1111]
Event: 157.522 Thread 0x000001f35b962580 Exception <a 'java/lang/NoSuchMethodError'{0x00000000d5604110}: static Lorg/gradle/internal/build/event/types/DefaultBuildPhaseDescriptor;.<clinit>()V> (0x00000000d5604110) 
thrown [s\src\hotspot\share\prims\jni.cpp, line 1111]
Event: 158.838 Thread 0x000001f35b962580 Exception <a 'java/lang/NoSuchMethodError'{0x00000000d57478e8}: static Lorg/gradle/internal/build/event/types/DefaultProjectConfigurationDescriptor;.<clinit>()V> (0x00000000d57478e8) 
thrown [s\src\hotspot\share\prims\jni.cpp, line 1111]
Event: 170.159 Thread 0x000001f35b962580 Exception <a 'java/lang/NoSuchMethodError'{0x00000000d5712868}: static Lorg/gradle/internal/build/event/types/AbstractProjectConfigurationResult;.<clinit>()V> (0x00000000d5712868) 
thrown [s\src\hotspot\share\prims\jni.cpp, line 1111]
Event: 170.161 Thread 0x000001f35b962580 Exception <a 'java/lang/NoSuchMethodError'{0x00000000d57222b0}: static Lorg/gradle/internal/build/event/types/DefaultProjectConfigurationSuccessResult;.<clinit>()V> (0x00000000d57222b0) 
thrown [s\src\hotspot\share\prims\jni.cpp, line 1111]
Event: 170.164 Thread 0x000001f35b962580 Exception <a 'java/lang/NoSuchMethodError'{0x00000000d573b4a0}: static Lorg/gradle/internal/build/event/types/DefaultPluginApplicationResult;.<clinit>()V> (0x00000000d573b4a0) 
thrown [s\src\hotspot\share\prims\jni.cpp, line 1111]
Event: 170.168 Thread 0x000001f35b962580 Exception <a 'java/lang/NoSuchMethodError'{0x00000000d5754718}: static Lorg/gradle/internal/build/event/types/DefaultBinaryPluginIdentifier;.<clinit>()V> (0x00000000d5754718) 
thrown [s\src\hotspot\share\prims\jni.cpp, line 1111]
Event: 170.173 Thread 0x000001f35b962580 Exception <a 'java/lang/NoSuchMethodError'{0x00000000d5774130}: static Lorg/gradle/internal/build/event/types/DefaultScriptPluginIdentifier;.<clinit>()V> (0x00000000d5774130) 
thrown [s\src\hotspot\share\prims\jni.cpp, line 1111]
Event: 171.851 Thread 0x000001f35b962580 Exception <a 'java/lang/NoSuchMethodError'{0x00000000d581acc8}: static Lorg/gradle/internal/build/event/types/DefaultFailureResult;.<clinit>()V> (0x00000000d581acc8) 
thrown [s\src\hotspot\share\prims\jni.cpp, line 1111]
Event: 171.858 Thread 0x000001f35b962580 Exception <a 'java/lang/NoSuchMethodError'{0x00000000d5854fb8}: static Lorg/gradle/internal/build/event/types/DefaultFailure;.<clinit>()V> (0x00000000d5854fb8) 
thrown [s\src\hotspot\share\prims\jni.cpp, line 1111]

ZGC Phase Switch (0 events):
No events

VM Operations (20 events):
Event: 167.459 Executing safepoint VM operation: ParallelGCFailedAllocation (Allocation Failure)
Event: 167.461 Executing safepoint VM operation: ParallelGCFailedAllocation (Allocation Failure) done
Event: 167.725 Executing safepoint VM operation: ParallelGCFailedAllocation (Allocation Failure)
Event: 167.726 Executing safepoint VM operation: ParallelGCFailedAllocation (Allocation Failure) done
Event: 167.984 Executing safepoint VM operation: ParallelGCFailedAllocation (Allocation Failure)
Event: 167.985 Executing safepoint VM operation: ParallelGCFailedAllocation (Allocation Failure) done
Event: 168.270 Executing safepoint VM operation: ParallelGCFailedAllocation (Allocation Failure)
Event: 168.272 Executing safepoint VM operation: ParallelGCFailedAllocation (Allocation Failure) done
Event: 168.548 Executing safepoint VM operation: ParallelGCFailedAllocation (Allocation Failure)
Event: 168.550 Executing safepoint VM operation: ParallelGCFailedAllocation (Allocation Failure) done
Event: 168.759 Executing safepoint VM operation: ParallelGCFailedAllocation (Allocation Failure)
Event: 168.760 Executing safepoint VM operation: ParallelGCFailedAllocation (Allocation Failure) done
Event: 169.761 Executing safepoint VM operation: Cleanup
Event: 169.761 Executing safepoint VM operation: Cleanup done
Event: 170.761 Executing safepoint VM operation: Cleanup
Event: 170.762 Executing safepoint VM operation: Cleanup done
Event: 171.850 Executing non-safepoint VM operation: HandshakeAllThreads (Deoptimize)
Event: 171.850 Executing non-safepoint VM operation: HandshakeAllThreads (Deoptimize) done
Event: 171.864 Executing safepoint VM operation: ParallelGCFailedAllocation (Allocation Failure)
Event: 171.867 Executing safepoint VM operation: ParallelGCFailedAllocation (Allocation Failure) done

Memory protections (0 events):
No events

Nmethod flushes (20 events):
Event: 102.494 Thread 0x000001f3541e2c80 flushing  nmethod 0x000001f3009bee10
Event: 102.494 Thread 0x000001f3541e2c80 flushing  nmethod 0x000001f3009bf410
Event: 102.494 Thread 0x000001f3541e2c80 flushing  nmethod 0x000001f3009bfc90
Event: 102.494 Thread 0x000001f3541e2c80 flushing  nmethod 0x000001f3009d5790
Event: 102.494 Thread 0x000001f3541e2c80 flushing  nmethod 0x000001f3009dc590
Event: 102.494 Thread 0x000001f3541e2c80 flushing  nmethod 0x000001f3009e0a10
Event: 102.494 Thread 0x000001f3541e2c80 flushing  nmethod 0x000001f3009e1290
Event: 102.494 Thread 0x000001f3541e2c80 flushing  nmethod 0x000001f3009e1f10
Event: 102.494 Thread 0x000001f3541e2c80 flushing  nmethod 0x000001f3009e2390
Event: 102.494 Thread 0x000001f3541e2c80 flushing  nmethod 0x000001f3009e2c90
Event: 102.494 Thread 0x000001f3541e2c80 flushing  nmethod 0x000001f3009e3b90
Event: 102.494 Thread 0x000001f3541e2c80 flushing  nmethod 0x000001f3009e4190
Event: 102.494 Thread 0x000001f3541e2c80 flushing  nmethod 0x000001f3009e4a10
Event: 102.494 Thread 0x000001f3541e2c80 flushing  nmethod 0x000001f3009e4d90
Event: 102.494 Thread 0x000001f3541e2c80 flushing  nmethod 0x000001f3009e5290
Event: 102.494 Thread 0x000001f3541e2c80 flushing  nmethod 0x000001f3009e6190
Event: 102.494 Thread 0x000001f3541e2c80 flushing  nmethod 0x000001f3009e6990
Event: 102.494 Thread 0x000001f3541e2c80 flushing  nmethod 0x000001f3009e8c10
Event: 102.494 Thread 0x000001f3541e2c80 flushing  nmethod 0x000001f300a02590
Event: 102.494 Thread 0x000001f3541e2c80 flushing  nmethod 0x000001f300a05d90

Events (20 events):
Event: 98.624 Thread 0x000001f356438770 Thread added: 0x000001f35b963930
Event: 98.624 Thread 0x000001f35b962c10 Thread exited: 0x000001f35b962c10
Event: 98.630 Thread 0x000001f356438770 Thread added: 0x000001f35b962580
Event: 119.209 Thread 0x000001f355475710 Thread added: 0x000001f3556a6600
Event: 119.360 Thread 0x000001f3556a6600 Thread exited: 0x000001f3556a6600
Event: 119.409 Thread 0x000001f35b962580 Thread added: 0x000001f35b962c10
Event: 119.764 Thread 0x000001f35b962580 Thread added: 0x000001f35b967ad0
Event: 119.811 Thread 0x000001f35b967ad0 Thread added: 0x000001f35b966db0
Event: 119.811 Thread 0x000001f35b967ad0 Thread added: 0x000001f35b968160
Event: 121.385 Thread 0x000001f35b962580 Thread added: 0x000001f35b969ba0
Event: 121.450 Thread 0x000001f35b969ba0 Thread added: 0x000001f35b9687f0
Event: 121.451 Thread 0x000001f35b969ba0 Thread added: 0x000001f35b969510
Event: 121.453 Thread 0x000001f35b9687f0 Thread exited: 0x000001f35b9687f0
Event: 133.992 Thread 0x000001f35b969510 Thread exited: 0x000001f35b969510
Event: 133.992 Thread 0x000001f35b969ba0 Thread exited: 0x000001f35b969ba0
Event: 154.100 Thread 0x000001f356439490 Thread exited: 0x000001f356439490
Event: 170.183 Thread 0x000001f355475710 Thread added: 0x000001f3556a6600
Event: 170.184 Thread 0x000001f355475710 Thread added: 0x000001f3556a7a70
Event: 170.656 Thread 0x000001f3556a7a70 Thread exited: 0x000001f3556a7a70
Event: 170.657 Thread 0x000001f3556a6600 Thread exited: 0x000001f3556a6600


Dynamic libraries:
0x00007ff694840000 - 0x00007ff69484e000 	c:\Users\Lenovo\.antigravity\extensions\redhat.java-1.54.0-win32-x64\jre\21.0.10-win32-x86_64\bin\java.exe
0x00007ffcf45a0000 - 0x00007ffcf4807000 	C:\WINDOWS\SYSTEM32\ntdll.dll
0x00007ffcf2d50000 - 0x00007ffcf2e19000 	C:\WINDOWS\System32\KERNEL32.DLL
0x00007ffcf1da0000 - 0x00007ffcf2197000 	C:\WINDOWS\System32\KERNELBASE.dll
0x00007ffcf1ae0000 - 0x00007ffcf1c2b000 	C:\WINDOWS\System32\ucrtbase.dll
0x00007ffcaace0000 - 0x00007ffcaacf8000 	c:\Users\Lenovo\.antigravity\extensions\redhat.java-1.54.0-win32-x64\jre\21.0.10-win32-x86_64\bin\jli.dll
0x00007ffcacbe0000 - 0x00007ffcacbfe000 	c:\Users\Lenovo\.antigravity\extensions\redhat.java-1.54.0-win32-x64\jre\21.0.10-win32-x86_64\bin\VCRUNTIME140.dll
0x00007ffcf3b50000 - 0x00007ffcf3d16000 	C:\WINDOWS\System32\USER32.dll
0x00007ffcf1060000 - 0x00007ffcf1087000 	C:\WINDOWS\System32\win32u.dll
0x00007ffcf3140000 - 0x00007ffcf316b000 	C:\WINDOWS\System32\GDI32.dll
0x00007ffcf1090000 - 0x00007ffcf11bc000 	C:\WINDOWS\System32\gdi32full.dll
0x00007ffcdc930000 - 0x00007ffcdcbc2000 	C:\WINDOWS\WinSxS\amd64_microsoft.windows.common-controls_6595b64144ccf1df_6.0.26100.8457_none_3e0b2faee331e92d\COMCTL32.dll
0x00007ffcf1a30000 - 0x00007ffcf1ad3000 	C:\WINDOWS\System32\msvcp_win.dll
0x00007ffcf2e20000 - 0x00007ffcf2ec9000 	C:\WINDOWS\System32\msvcrt.dll
0x00007ffcf3170000 - 0x00007ffcf31a2000 	C:\WINDOWS\System32\IMM32.DLL
0x00007ffce7f70000 - 0x00007ffce7f7c000 	c:\Users\Lenovo\.antigravity\extensions\redhat.java-1.54.0-win32-x64\jre\21.0.10-win32-x86_64\bin\vcruntime140_1.dll
0x00007ffc4a220000 - 0x00007ffc4a2ad000 	c:\Users\Lenovo\.antigravity\extensions\redhat.java-1.54.0-win32-x64\jre\21.0.10-win32-x86_64\bin\msvcp140.dll
0x00007ffc08230000 - 0x00007ffc08fd1000 	c:\Users\Lenovo\.antigravity\extensions\redhat.java-1.54.0-win32-x64\jre\21.0.10-win32-x86_64\bin\server\jvm.dll
0x00007ffcf2a30000 - 0x00007ffcf2ae6000 	C:\WINDOWS\System32\ADVAPI32.dll
0x00007ffcf3d30000 - 0x00007ffcf3dd7000 	C:\WINDOWS\System32\sechost.dll
0x00007ffcf3a30000 - 0x00007ffcf3b48000 	C:\WINDOWS\System32\RPCRT4.dll
0x00007ffcf2ed0000 - 0x00007ffcf2f50000 	C:\WINDOWS\System32\WS2_32.dll
0x00007ffcf0e30000 - 0x00007ffcf0e8e000 	C:\WINDOWS\SYSTEM32\POWRPROF.dll
0x00007ffce9280000 - 0x00007ffce92b6000 	C:\WINDOWS\SYSTEM32\WINMM.dll
0x00007ffce98d0000 - 0x00007ffce98db000 	C:\WINDOWS\SYSTEM32\VERSION.dll
0x00007ffcf0e10000 - 0x00007ffcf0e24000 	C:\WINDOWS\SYSTEM32\UMPDC.dll
0x00007ffcefd20000 - 0x00007ffcefd3b000 	C:\WINDOWS\SYSTEM32\kernel.appcore.dll
0x00007ffcddfe0000 - 0x00007ffcddfea000 	c:\Users\Lenovo\.antigravity\extensions\redhat.java-1.54.0-win32-x64\jre\21.0.10-win32-x86_64\bin\jimage.dll
0x00007ffcef000000 - 0x00007ffcef242000 	C:\WINDOWS\SYSTEM32\DBGHELP.DLL
0x00007ffcf23f0000 - 0x00007ffcf2773000 	C:\WINDOWS\System32\combase.dll
0x00007ffcf2810000 - 0x00007ffcf28e9000 	C:\WINDOWS\System32\OLEAUT32.dll
0x00007ffce1350000 - 0x00007ffce138b000 	C:\WINDOWS\SYSTEM32\dbgcore.DLL
0x00007ffcf1cf0000 - 0x00007ffcf1d98000 	C:\WINDOWS\System32\bcryptPrimitives.dll
0x00007ffcdd550000 - 0x00007ffcdd55f000 	c:\Users\Lenovo\.antigravity\extensions\redhat.java-1.54.0-win32-x64\jre\21.0.10-win32-x86_64\bin\instrument.dll
0x00007ffc8c240000 - 0x00007ffc8c260000 	c:\Users\Lenovo\.antigravity\extensions\redhat.java-1.54.0-win32-x64\jre\21.0.10-win32-x86_64\bin\java.dll
0x00007ffcf32b0000 - 0x00007ffcf3a1e000 	C:\WINDOWS\System32\SHELL32.dll
0x00007ffcf11c0000 - 0x00007ffcf1a2c000 	C:\WINDOWS\System32\windows.storage.dll
0x00007ffcf31b0000 - 0x00007ffcf32a6000 	C:\WINDOWS\System32\SHCORE.dll
0x00007ffcf2c90000 - 0x00007ffcf2cf6000 	C:\WINDOWS\System32\shlwapi.dll
0x00007ffcf0ef0000 - 0x00007ffcf0f19000 	C:\WINDOWS\SYSTEM32\profapi.dll
0x00007ffc7d1b0000 - 0x00007ffc7d1c8000 	c:\Users\Lenovo\.antigravity\extensions\redhat.java-1.54.0-win32-x64\jre\21.0.10-win32-x86_64\bin\zip.dll
0x00007ffcdb9e0000 - 0x00007ffcdb9f0000 	C:\Users\Lenovo\.antigravity\extensions\redhat.java-1.54.0-win32-x64\jre\21.0.10-win32-x86_64\bin\net.dll
0x00007ffce8990000 - 0x00007ffce8ab9000 	C:\WINDOWS\SYSTEM32\WINHTTP.dll
0x00007ffcf0270000 - 0x00007ffcf02dc000 	C:\WINDOWS\system32\mswsock.dll
0x00007ffc6f900000 - 0x00007ffc6f916000 	C:\Users\Lenovo\.antigravity\extensions\redhat.java-1.54.0-win32-x64\jre\21.0.10-win32-x86_64\bin\nio.dll
0x00007ffcdb570000 - 0x00007ffcdb580000 	c:\Users\Lenovo\.antigravity\extensions\redhat.java-1.54.0-win32-x64\jre\21.0.10-win32-x86_64\bin\verify.dll
0x00007ffc4a2f0000 - 0x00007ffc4a335000 	C:\Users\Lenovo\AppData\Roaming\Antigravity\User\globalStorage\redhat.java\1.54.0\config_win\org.eclipse.equinox.launcher\org.eclipse.equinox.launcher.win32.win32.x86_64_1.3.0.v20260203-2149\eclipse_11919.dll
0x00007ffcf2af0000 - 0x00007ffcf2c87000 	C:\WINDOWS\System32\ole32.dll
0x00007ffcf0670000 - 0x00007ffcf068b000 	C:\WINDOWS\SYSTEM32\CRYPTSP.dll
0x00007ffcefc80000 - 0x00007ffcefcb9000 	C:\WINDOWS\system32\rsaenh.dll
0x00007ffcf0320000 - 0x00007ffcf0353000 	C:\WINDOWS\SYSTEM32\USERENV.dll
0x00007ffcf0ec0000 - 0x00007ffcf0eea000 	C:\WINDOWS\SYSTEM32\bcrypt.dll
0x00007ffcf04d0000 - 0x00007ffcf04dc000 	C:\WINDOWS\SYSTEM32\CRYPTBASE.dll
0x00007ffcef710000 - 0x00007ffcef742000 	C:\WINDOWS\SYSTEM32\IPHLPAPI.DLL
0x00007ffcf3d20000 - 0x00007ffcf3d2a000 	C:\WINDOWS\System32\NSI.dll
0x00007ffc24ec0000 - 0x00007ffc24f09000 	C:\Users\Lenovo\AppData\Local\Temp\jna--2022488749\jna13906599830222305109.dll
0x00007ffcf2a20000 - 0x00007ffcf2a28000 	C:\WINDOWS\System32\PSAPI.DLL
0x00007ffce8f70000 - 0x00007ffce8f8d000 	C:\WINDOWS\SYSTEM32\dhcpcsvc6.DLL
0x00007ffce87a0000 - 0x00007ffce87c5000 	C:\WINDOWS\SYSTEM32\dhcpcsvc.DLL
0x00007ffc64890000 - 0x00007ffc648b7000 	C:\Users\Lenovo\.gradle\native\1def1411415f61bf3af743bc5b6707747c0891f09f0c88961ee8f79bc544acac\windows-amd64\native-platform.dll
0x00007ffcd4d50000 - 0x00007ffcd4d5a000 	C:\Users\Lenovo\.antigravity\extensions\redhat.java-1.54.0-win32-x64\jre\21.0.10-win32-x86_64\bin\management.dll
0x00007ffcc4b70000 - 0x00007ffcc4b7c000 	C:\Users\Lenovo\.antigravity\extensions\redhat.java-1.54.0-win32-x64\jre\21.0.10-win32-x86_64\bin\management_ext.dll
0x00007ffcda0c0000 - 0x00007ffcda0c9000 	C:\Users\Lenovo\.antigravity\extensions\redhat.java-1.54.0-win32-x64\jre\21.0.10-win32-x86_64\bin\extnet.dll
0x00007ffcdadf0000 - 0x00007ffcdadfe000 	C:\Users\Lenovo\.antigravity\extensions\redhat.java-1.54.0-win32-x64\jre\21.0.10-win32-x86_64\bin\sunmscapi.dll
0x00007ffcf21a0000 - 0x00007ffcf2318000 	C:\WINDOWS\System32\CRYPT32.dll
0x00007ffcf07d0000 - 0x00007ffcf0800000 	C:\WINDOWS\SYSTEM32\ncrypt.dll
0x00007ffcf0780000 - 0x00007ffcf07bf000 	C:\WINDOWS\SYSTEM32\NTASN1.dll
0x00007ffce2100000 - 0x00007ffce2108000 	C:\WINDOWS\system32\wshunix.dll

JVMTI agents:
c:\Users\Lenovo\.antigravity\extensions\redhat.java-1.54.0-win32-x64\lombok\lombok-1.18.39-4050.jar path:c:\Users\Lenovo\.antigravity\extensions\redhat.java-1.54.0-win32-x64\jre\21.0.10-win32-x86_64\bin\instrument.dll, loaded, initialized, instrumentlib options:none

dbghelp: loaded successfully - version: 4.0.5 - missing functions: none
symbol engine: initialized successfully - sym options: 0x614 - pdb path: .;c:\Users\Lenovo\.antigravity\extensions\redhat.java-1.54.0-win32-x64\jre\21.0.10-win32-x86_64\bin;C:\WINDOWS\SYSTEM32;C:\WINDOWS\WinSxS\amd64_microsoft.windows.common-controls_6595b64144ccf1df_6.0.26100.8457_none_3e0b2faee331e92d;c:\Users\Lenovo\.antigravity\extensions\redhat.java-1.54.0-win32-x64\jre\21.0.10-win32-x86_64\bin\server;C:\Users\Lenovo\AppData\Roaming\Antigravity\User\globalStorage\redhat.java\1.54.0\config_win\org.eclipse.equinox.launcher\org.eclipse.equinox.launcher.win32.win32.x86_64_1.3.0.v20260203-2149;C:\Users\Lenovo\AppData\Local\Temp\jna--2022488749;C:\Users\Lenovo\.gradle\native\1def1411415f61bf3af743bc5b6707747c0891f09f0c88961ee8f79bc544acac\windows-amd64

VM Arguments:
jvm_args: --add-modules=ALL-SYSTEM --add-opens=java.base/java.util=ALL-UNNAMED --add-opens=java.base/java.lang=ALL-UNNAMED --add-opens=java.base/sun.nio.fs=ALL-UNNAMED -Declipse.application=org.eclipse.jdt.ls.core.id1 -Dosgi.bundles.defaultStartLevel=4 -Declipse.product=org.eclipse.jdt.ls.core.product -Djava.import.generatesMetadataFilesAtProjectRoot=false -DDetectVMInstallationsJob.disabled=true -Dfile.encoding=utf8 -XX:+UseParallelGC -XX:GCTimeRatio=4 -XX:AdaptiveSizePolicyWeight=90 -Dsun.zip.disableMemoryMapping=true -Xmx2G -Xms100m -Xlog:disable -javaagent:c:\Users\Lenovo\.antigravity\extensions\redhat.java-1.54.0-win32-x64\lombok\lombok-1.18.39-4050.jar -XX:+HeapDumpOnOutOfMemoryError -XX:HeapDumpPath=c:\Users\Lenovo\AppData\Roaming\Antigravity\User\workspaceStorage\7b91c9ffe78d95e04e4e5c35b330cd4b\redhat.java -Daether.dependencyCollector.impl=bf 
java_command: c:\Users\Lenovo\.antigravity\extensions\redhat.java-1.54.0-win32-x64\server\plugins\org.eclipse.equinox.launcher_1.7.100.v20251111-0406.jar -configuration c:\Users\Lenovo\AppData\Roaming\Antigravity\User\globalStorage\redhat.java\1.54.0\config_win -data c:\Users\Lenovo\AppData\Roaming\Antigravity\User\workspaceStorage\7b91c9ffe78d95e04e4e5c35b330cd4b\redhat.java\jdt_ws --pipe=\\.\pipe\lsp-508d8468231e6bfb8ced55bd303ae126-sock
java_class_path (initial): c:\Users\Lenovo\.antigravity\extensions\redhat.java-1.54.0-win32-x64\server\plugins\org.eclipse.equinox.launcher_1.7.100.v20251111-0406.jar
Launcher Type: SUN_STANDARD

[Global flags]
    uintx AdaptiveSizePolicyWeight                 = 90                                        {product} {command line}
     intx CICompilerCount                          = 4                                         {product} {ergonomic}
    uintx GCTimeRatio                              = 4                                         {product} {command line}
     bool HeapDumpOnOutOfMemoryError               = true                                   {manageable} {command line}
    ccstr HeapDumpPath                             = c:\Users\Lenovo\AppData\Roaming\Antigravity\User\workspaceStorage\7b91c9ffe78d95e04e4e5c35b330cd4b\redhat.java         {manageable} {command line}
   size_t InitialHeapSize                          = 104857600                                 {product} {command line}
   size_t MaxHeapSize                              = 2147483648                                {product} {command line}
   size_t MaxNewSize                               = 715653120                                 {product} {ergonomic}
   size_t MinHeapDeltaBytes                        = 524288                                    {product} {ergonomic}
   size_t MinHeapSize                              = 104857600                                 {product} {command line}
   size_t NewSize                                  = 34603008                                  {product} {ergonomic}
    uintx NonNMethodCodeHeapSize                   = 5839372                                {pd product} {ergonomic}
    uintx NonProfiledCodeHeapSize                  = 122909434                              {pd product} {ergonomic}
   size_t OldSize                                  = 70254592                                  {product} {ergonomic}
    uintx ProfiledCodeHeapSize                     = 122909434                              {pd product} {ergonomic}
    uintx ReservedCodeCacheSize                    = 251658240                              {pd product} {ergonomic}
     bool SegmentedCodeCache                       = true                                      {product} {ergonomic}
   size_t SoftMaxHeapSize                          = 2147483648                             {manageable} {ergonomic}
     bool UseCompressedOops                        = true                           {product lp64_product} {ergonomic}
     bool UseLargePagesIndividualAllocation        = false                                  {pd product} {ergonomic}
     bool UseParallelGC                            = true                                      {product} {command line}

Logging:
Log output configuration:
 #0: stdout all=off uptime,level,tags foldmultilines=false
 #1: stderr all=off uptime,level,tags foldmultilines=false

Release file:
JAVA_VERSION="21.0.10" 
MODULES="java.base java.compiler java.datatransfer java.xml java.prefs java.desktop java.instrument java.logging java.management java.security.sasl java.naming java.rmi java.management.rmi java.net.http java.scripting java.security.jgss java.transaction.xa java.sql java.sql.rowset java.xml.crypto java.se java.smartcardio jdk.accessibility jdk.internal.jvmstat jdk.attach jdk.charsets jdk.internal.opt jdk.zipfs jdk.compiler jdk.crypto.ec jdk.crypto.cryptoki jdk.crypto.mscapi jdk.dynalink jdk.internal.ed jdk.editpad jdk.hotspot.agent jdk.httpserver jdk.internal.le jdk.internal.vm.ci jdk.internal.vm.compiler jdk.internal.vm.compiler.management jdk.jartool jdk.javadoc jdk.jcmd jdk.management jdk.management.agent jdk.jconsole jdk.jdeps jdk.jdwp.agent jdk.jdi jdk.jfr jdk.jshell jdk.jsobject jdk.jstatd jdk.localedata jdk.management.jfr jdk.naming.dns jdk.naming.rmi jdk.net jdk.nio.mapmode jdk.random jdk.sctp jdk.security.auth jdk.security.jgss jdk.unsupported jdk.unsupported.desktop jdk.xml.dom" 

Environment Variables:
JAVA_HOME=C:\Program Files\Java\jdk-16.0.2\bin
PATH=C:\Program Files\Common Files\Oracle\Java\javapath;D:\Oracle\DevSuiteHome_1\jdk\jre\bin\classic;D:\Oracle\DevSuiteHome_1\jdk\jre\bin;D:\Oracle\DevSuiteHome_1\jdk\jre\bin\client;D:\Oracle\DevSuiteHome_1\jlib;D:\Oracle\DevSuiteHome_1\bin;D:\Oracle\DevSuiteHome_1\jre\1.4.2\bin\client;D:\Oracle\DevSuiteHome_1\jre\1.4.2\bin;C:\app\client\Lenovo\product\12.1.0\client_1;C:\app\client\Lenovo\product\12.1.0\client_1\bin;C:\WINDOWS\system32;C:\WINDOWS;C:\WINDOWS\System32\Wbem;C:\WINDOWS\System32\WindowsPowerShell\v1.0\;C:\WINDOWS\System32\OpenSSH\;C:\Program Files (x86)\Microsoft SQL Server\130\DTS\Binn\;C:\Program Files\Microsoft SQL Server\130\DTS\Binn\;C:\Program Files (x86)\Microsoft SQL Server\130\Tools\Binn\;C:\Program Files\Microsoft SQL Server\130\Tools\Binn\;C:\Program Files (x86)\Microsoft SQL Server\160\DTS\Binn\;C:\Program Files\dotnet\;C:\Program Files\Microsoft SQL Server\150\Tools\Binn\;C:\Program Files\Microsoft SQL Server\Client SDK\ODBC\170\Tools\Binn\;C:\Program Files\Microsoft SQL Server\Client SDK\ODBC\130\Tools\Binn\;C:\Program Files\Java\jdk-16.0.2\bin;C:\Program Files (x86)\Windows Kits\10\Windows Performance Toolkit\;C:\Program Files\Docker\Docker\resources\bin;C:\Program Files\Git\cmd;D:\Program Files\cursor\resources\app\bin;C:\Program Files\Microsoft SQL Server\170\Tools\Binn\;C:\Program Files\Pandoc\;D:\Program Files\nodejs\;C:\php;C:\ProgramData\ComposerSetup\bin;C:\Users\Lenovo\AppData\Local\Microsoft\WindowsApps;C:\Program Files\Azure Data Studio\bin;C:\Users\Lenovo\.dotnet\tools;C:\Users\Lenovo\go\bin;D:\Programs\Microsoft VS Code\bin;C:\Users\Lenovo\AppData\Local\Programs\Antigravity\bin;C:\Users\Lenovo\AppData\Local\Python\bin;D:\Users\Lenovo\AppData\Local\Programs\Windsurf\bin;D:\Users\Lenovo\AppData\Local\Programs\Kiro\bin;C:\Users\Lenovo\AppData\Roaming\npm;C:\Users\Lenovo\AppData\Local\GitHubDesktop\bin;C:\Users\Lenovo\AppData\Roaming\Composer\vendor\bin;D:\Users\Lenovo\AppData\Local\Programs\cursor\resources\app\bin
USERNAME=Lenovo
OS=Windows_NT
PROCESSOR_IDENTIFIER=AMD64 Family 23 Model 104 Stepping 1, AuthenticAMD
TMP=C:\Users\Lenovo\AppData\Local\Temp
TEMP=C:\Users\Lenovo\AppData\Local\Temp




Periodic native trim disabled

---------------  S Y S T E M  ---------------

OS:
 Windows 11 , 64 bit Build 26100 (10.0.26100.8328)
OS uptime: 8 days 21:50 hours
Hyper-V role detected

CPU: total 12 (initial active 12) (12 cores per cpu, 2 threads per core) family 23 model 104 stepping 1 microcode 0x8608103, cx8, cmov, fxsr, ht, mmx, 3dnowpref, sse, sse2, sse3, ssse3, sse4a, sse4.1, sse4.2, popcnt, lzcnt, tsc, tscinvbit, avx, avx2, aes, clmul, bmi1, bmi2, adx, sha, fma, vzeroupper, clflush, clflushopt, hv, rdtscp, rdpid, f16c
Processor Information for processor 0
  Max Mhz: 2100, Current Mhz: 1893, Mhz Limit: 2100
Processor Information for processor 1
  Max Mhz: 2100, Current Mhz: 1893, Mhz Limit: 2100
Processor Information for processor 2
  Max Mhz: 2100, Current Mhz: 1893, Mhz Limit: 2100
Processor Information for processor 3
  Max Mhz: 2100, Current Mhz: 1893, Mhz Limit: 2100
Processor Information for processor 4
  Max Mhz: 2100, Current Mhz: 1893, Mhz Limit: 2100
Processor Information for processor 5
  Max Mhz: 2100, Current Mhz: 1893, Mhz Limit: 2100
Processor Information for processor 6
  Max Mhz: 2100, Current Mhz: 1893, Mhz Limit: 2100
Processor Information for processor 7
  Max Mhz: 2100, Current Mhz: 1893, Mhz Limit: 2100
Processor Information for processor 8
  Max Mhz: 2100, Current Mhz: 1893, Mhz Limit: 2100
Processor Information for processor 9
  Max Mhz: 2100, Current Mhz: 1893, Mhz Limit: 2100
Processor Information for processor 10
  Max Mhz: 2100, Current Mhz: 1893, Mhz Limit: 2100
Processor Information for processor 11
  Max Mhz: 2100, Current Mhz: 1813, Mhz Limit: 2100

Memory: 4k page, system-wide physical 15178M (1130M free)
TotalPageFile size 32321M (AvailPageFile size 0M)
current process WorkingSet (physical memory assigned to process): 600M, peak: 716M
current process commit charge ("private bytes"): 680M, peak: 701M

vm_info: OpenJDK 64-Bit Server VM (21.0.10+7-LTS) for windows-amd64 JRE (21.0.10+7-LTS), built on 2026-01-20T00:00:00Z by "admin" with MS VC++ 17.12 (VS2022)

END.
