#
# There is insufficient memory for the Java Runtime Environment to continue.
# Native memory allocation (malloc) failed to allocate 1764176 bytes. Error detail: Chunk::new
# Possible reasons:
#   The system is out of physical RAM or swap space
#   This process is running with CompressedOops enabled, and the Java Heap may be blocking the growth of the native heap
# Possible solutions:
#   Reduce memory load on the system
#   Increase physical memory or swap space
#   Check if swap backing store is full
#   Decrease Java heap size (-Xmx/-Xms)
#   Decrease number of Java threads
#   Decrease Java thread stack sizes (-Xss)
#   Set larger code cache with -XX:ReservedCodeCacheSize=
#   JVM is running with Unscaled Compressed Oops mode in which the Java heap is
#     placed in the first 4GB address space. The Java Heap base address is the
#     maximum limit for the native heap growth. Please use -XX:HeapBaseMinAddress
#     to set the Java Heap base and to place the Java Heap above 4GB virtual address.
# This output file may be truncated or incomplete.
#
#  Out of Memory Error (arena.cpp:168), pid=17684, tid=48076
#
# JRE version: OpenJDK Runtime Environment Temurin-21.0.10+7 (21.0.10+7) (build 21.0.10+7-LTS)
# Java VM: OpenJDK 64-Bit Server VM Temurin-21.0.10+7 (21.0.10+7-LTS, mixed mode, sharing, tiered, compressed oops, compressed class ptrs, parallel gc, windows-amd64)
# No core dump will be written. Minidumps are not enabled by default on client versions of Windows
#

---------------  S U M M A R Y ------------

Command Line: --add-modules=ALL-SYSTEM --add-opens=java.base/java.util=ALL-UNNAMED --add-opens=java.base/java.lang=ALL-UNNAMED --add-opens=java.base/sun.nio.fs=ALL-UNNAMED -Declipse.application=org.eclipse.jdt.ls.core.id1 -Dosgi.bundles.defaultStartLevel=4 -Declipse.product=org.eclipse.jdt.ls.core.product -Djava.import.generatesMetadataFilesAtProjectRoot=false -DDetectVMInstallationsJob.disabled=true -Dfile.encoding=utf8 -XX:+UseParallelGC -XX:GCTimeRatio=4 -XX:AdaptiveSizePolicyWeight=90 -Dsun.zip.disableMemoryMapping=true -Xmx2G -Xms100m -Xlog:disable -javaagent:c:\Users\Lenovo\.antigravity\extensions\redhat.java-1.54.0-win32-x64\lombok\lombok-1.18.39-4050.jar -XX:+HeapDumpOnOutOfMemoryError -XX:HeapDumpPath=c:\Users\Lenovo\AppData\Roaming\Antigravity\User\workspaceStorage\7b91c9ffe78d95e04e4e5c35b330cd4b\redhat.java -Daether.dependencyCollector.impl=bf c:\Users\Lenovo\.antigravity\extensions\redhat.java-1.54.0-win32-x64\server\plugins\org.eclipse.equinox.launcher_1.7.100.v20251111-0406.jar -configuration c:\Users\Lenovo\AppData\Roaming\Antigravity\User\globalStorage\redhat.java\1.54.0\config_win -data c:\Users\Lenovo\AppData\Roaming\Antigravity\User\workspaceStorage\7b91c9ffe78d95e04e4e5c35b330cd4b\redhat.java\jdt_ws --pipe=\\.\pipe\lsp-cb1392b0b564f5dc66f3001bc268b046-sock

Host: AMD Ryzen 5 5500U with Radeon Graphics         , 12 cores, 14G,  Windows 11 , 64 bit Build 26100 (10.0.26100.8328)
Time: Thu Jun 11 14:11:05 2026 SE Asia Standard Time elapsed time: 31.608971 seconds (0d 0h 0m 31s)

---------------  T H R E A D  ---------------

Current thread (0x000001d1dec90c40):  JavaThread "C2 CompilerThread1" daemon [_thread_in_native, id=48076, stack(0x000000163a500000,0x000000163a600000) (1024K)]


Current CompileTask:
C2:31609 4838   !   4       org.eclipse.osgi.internal.loader.classpath.ClasspathManager::defineClass (636 bytes)

Stack: [0x000000163a500000,0x000000163a600000]
Native frames: (J=compiled Java code, j=interpreted, Vv=VM code, C=native code)
V  [jvm.dll+0x6d7a39]
V  [jvm.dll+0x8b4b26]
V  [jvm.dll+0x8b70de]
V  [jvm.dll+0x8b77c3]
V  [jvm.dll+0x284346]
V  [jvm.dll+0xc66ed]
V  [jvm.dll+0xc6c31]
V  [jvm.dll+0x3bec01]
V  [jvm.dll+0x38b162]
V  [jvm.dll+0x38a5aa]
V  [jvm.dll+0x24c560]
V  [jvm.dll+0x24bb40]
V  [jvm.dll+0x1cb34e]
V  [jvm.dll+0x25b85d]
V  [jvm.dll+0x259dea]
V  [jvm.dll+0x3f857e]
V  [jvm.dll+0x85f59d]
V  [jvm.dll+0x6d626d]
C  [ucrtbase.dll+0x37b0]
C  [KERNEL32.DLL+0x2e957]
C  [ntdll.dll+0x427c]


---------------  P R O C E S S  ---------------

Threads class SMR info:
_java_thread_list=0x000001d1de3400b0, length=42, elements={
0x000001d1fb9ce430, 0x000001d1fba72fb0, 0x000001d1fba738e0, 0x000001d1fba79a00,
0x000001d1fba7b5a0, 0x000001d1fba7c000, 0x000001d1fba7ca60, 0x000001d1fba7fbb0,
0x000001d1d890b120, 0x000001d1d8a8a6d0, 0x000001d1d8ab6560, 0x000001d1de634340,
0x000001d1de0145f0, 0x000001d1de55b6c0, 0x000001d1de1a1780, 0x000001d1dea9ef50,
0x000001d1ded36e10, 0x000001d1de242cc0, 0x000001d1d8c52c90, 0x000001d1d8c51f70,
0x000001d1d8c50bc0, 0x000001d1d8c518e0, 0x000001d1dec90c40, 0x000001d1d8c53320,
0x000001d1dea64640, 0x000001d1d8c539b0, 0x000001d1d8c54040, 0x000001d1d8c52600,
0x000001d1e26ac110, 0x000001d1e26ace30, 0x000001d1e26ab3f0, 0x000001d1e26ac7a0,
0x000001d1e26aad60, 0x000001d1e26aa6d0, 0x000001d1e26aba80, 0x000001d1e26ad4c0,
0x000001d1e26aa040, 0x000001d1e26adb50, 0x000001d1e26afc20, 0x000001d1e26af590,
0x000001d1e26b0fd0, 0x000001d1e26b02b0
}

Java Threads: ( => current thread )
  0x000001d1fb9ce430 JavaThread "main"                              [_thread_in_native, id=34492, stack(0x0000001638300000,0x0000001638400000) (1024K)]
  0x000001d1fba72fb0 JavaThread "Reference Handler"          daemon [_thread_blocked, id=21248, stack(0x0000001638700000,0x0000001638800000) (1024K)]
  0x000001d1fba738e0 JavaThread "Finalizer"                  daemon [_thread_blocked, id=2796, stack(0x0000001638800000,0x0000001638900000) (1024K)]
  0x000001d1fba79a00 JavaThread "Signal Dispatcher"          daemon [_thread_blocked, id=23228, stack(0x0000001638900000,0x0000001638a00000) (1024K)]
  0x000001d1fba7b5a0 JavaThread "Attach Listener"            daemon [_thread_blocked, id=28964, stack(0x0000001638a00000,0x0000001638b00000) (1024K)]
  0x000001d1fba7c000 JavaThread "Service Thread"             daemon [_thread_blocked, id=40300, stack(0x0000001638b00000,0x0000001638c00000) (1024K)]
  0x000001d1fba7ca60 JavaThread "Monitor Deflation Thread"   daemon [_thread_blocked, id=19624, stack(0x0000001638c00000,0x0000001638d00000) (1024K)]
  0x000001d1fba7fbb0 JavaThread "C2 CompilerThread0"         daemon [_thread_blocked, id=5000, stack(0x0000001638d00000,0x0000001638e00000) (1024K)]
  0x000001d1d890b120 JavaThread "C1 CompilerThread0"         daemon [_thread_in_native, id=42516, stack(0x0000001638e00000,0x0000001638f00000) (1024K)]
  0x000001d1d8a8a6d0 JavaThread "Common-Cleaner"             daemon [_thread_blocked, id=20212, stack(0x0000001638f00000,0x0000001639000000) (1024K)]
  0x000001d1d8ab6560 JavaThread "Notification Thread"        daemon [_thread_blocked, id=34112, stack(0x0000001639000000,0x0000001639100000) (1024K)]
  0x000001d1de634340 JavaThread "Active Thread: Equinox Container: 8471339a-5d06-45a1-ba64-b5f73ff97049"        [_thread_blocked, id=10720, stack(0x0000001639100000,0x0000001639200000) (1024K)]
  0x000001d1de0145f0 JavaThread "Refresh Thread: Equinox Container: 8471339a-5d06-45a1-ba64-b5f73ff97049" daemon [_thread_blocked, id=25212, stack(0x0000001639900000,0x0000001639a00000) (1024K)]
  0x000001d1de55b6c0 JavaThread "Framework Event Dispatcher: Equinox Container: 8471339a-5d06-45a1-ba64-b5f73ff97049" daemon [_thread_blocked, id=25984, stack(0x0000001639a00000,0x0000001639b00000) (1024K)]
  0x000001d1de1a1780 JavaThread "Start Level: Equinox Container: 8471339a-5d06-45a1-ba64-b5f73ff97049" daemon [_thread_blocked, id=41108, stack(0x0000001639b00000,0x0000001639c00000) (1024K)]
  0x000001d1dea9ef50 JavaThread "Bundle File Closer"         daemon [_thread_blocked, id=17520, stack(0x0000001639e00000,0x0000001639f00000) (1024K)]
  0x000001d1ded36e10 JavaThread "SCR Component Actor"        daemon [_thread_blocked, id=14952, stack(0x0000001639f00000,0x000000163a000000) (1024K)]
  0x000001d1de242cc0 JavaThread "Worker-JM"                         [_thread_blocked, id=19444, stack(0x000000163a000000,0x000000163a100000) (1024K)]
  0x000001d1d8c52c90 JavaThread "JNA Cleaner"                daemon [_thread_blocked, id=26536, stack(0x000000163a100000,0x000000163a200000) (1024K)]
  0x000001d1d8c51f70 JavaThread "Worker-0: Updating Maven Dependencies"        [_thread_blocked, id=37780, stack(0x000000163a200000,0x000000163a300000) (1024K)]
  0x000001d1d8c50bc0 JavaThread "Worker-1: Repository registry initialization"        [_thread_in_Java, id=33764, stack(0x000000163a300000,0x000000163a400000) (1024K)]
  0x000001d1d8c518e0 JavaThread "Worker-2: Initialize After Load"        [_thread_blocked, id=15736, stack(0x000000163a400000,0x000000163a500000) (1024K)]
=>0x000001d1dec90c40 JavaThread "C2 CompilerThread1"         daemon [_thread_in_native, id=48076, stack(0x000000163a500000,0x000000163a600000) (1024K)]
  0x000001d1d8c53320 JavaThread "Worker-3"                          [_thread_blocked, id=16740, stack(0x000000163a600000,0x000000163a700000) (1024K)]
  0x000001d1dea64640 JavaThread "C2 CompilerThread2"         daemon [_thread_blocked, id=44652, stack(0x000000163a700000,0x000000163a800000) (1024K)]
  0x000001d1d8c539b0 JavaThread "Java indexing"              daemon [_thread_blocked, id=42344, stack(0x000000163a800000,0x000000163a900000) (1024K)]
  0x000001d1d8c54040 JavaThread "Worker-4"                          [_thread_blocked, id=47732, stack(0x000000163ab00000,0x000000163ac00000) (1024K)]
  0x000001d1d8c52600 JavaThread "Thread-1"                   daemon [_thread_in_native, id=34420, stack(0x000000163ac00000,0x000000163ad00000) (1024K)]
  0x000001d1e26ac110 JavaThread "Thread-2"                   daemon [_thread_in_native, id=17436, stack(0x000000163ad00000,0x000000163ae00000) (1024K)]
  0x000001d1e26ace30 JavaThread "Thread-3"                   daemon [_thread_in_native, id=44500, stack(0x000000163ae00000,0x000000163af00000) (1024K)]
  0x000001d1e26ab3f0 JavaThread "Thread-4"                   daemon [_thread_in_native, id=5748, stack(0x000000163af00000,0x000000163b000000) (1024K)]
  0x000001d1e26ac7a0 JavaThread "Thread-5"                   daemon [_thread_in_native, id=17724, stack(0x000000163b000000,0x000000163b100000) (1024K)]
  0x000001d1e26aad60 JavaThread "Thread-6"                   daemon [_thread_in_native, id=24572, stack(0x000000163b100000,0x000000163b200000) (1024K)]
  0x000001d1e26aa6d0 JavaThread "Thread-7"                   daemon [_thread_in_native, id=42892, stack(0x000000163b200000,0x000000163b300000) (1024K)]
  0x000001d1e26aba80 JavaThread "Thread-8"                   daemon [_thread_in_native, id=5432, stack(0x000000163b300000,0x000000163b400000) (1024K)]
  0x000001d1e26ad4c0 JavaThread "Thread-9"                   daemon [_thread_in_native, id=13768, stack(0x000000163b400000,0x000000163b500000) (1024K)]
  0x000001d1e26aa040 JavaThread "Thread-10"                  daemon [_thread_in_native, id=45244, stack(0x000000163b500000,0x000000163b600000) (1024K)]
  0x000001d1e26adb50 JavaThread "Thread-11"                  daemon [_thread_in_native, id=17208, stack(0x000000163b600000,0x000000163b700000) (1024K)]
  0x000001d1e26afc20 JavaThread "Thread-12"                  daemon [_thread_in_native, id=25248, stack(0x000000163b700000,0x000000163b800000) (1024K)]
  0x000001d1e26af590 JavaThread "Thread-13"                  daemon [_thread_in_native, id=14944, stack(0x000000163b800000,0x000000163b900000) (1024K)]
  0x000001d1e26b0fd0 JavaThread "Worker-5"                          [_thread_blocked, id=20536, stack(0x000000163b900000,0x000000163ba00000) (1024K)]
  0x000001d1e26b02b0 JavaThread "pool-2-thread-1"                   [_thread_blocked, id=42720, stack(0x000000163ba00000,0x000000163bb00000) (1024K)]
Total: 42

Other Threads:
  0x000001d196324290 VMThread "VM Thread"                           [id=46388, stack(0x0000001638600000,0x0000001638700000) (1024K)]
  0x000001d19621ca00 WatcherThread "VM Periodic Task Thread"        [id=27192, stack(0x0000001638500000,0x0000001638600000) (1024K)]
  0x000001d1fb9ebd60 WorkerThread "GC Thread#0"                     [id=31492, stack(0x0000001638400000,0x0000001638500000) (1024K)]
  0x000001d1de396e90 WorkerThread "GC Thread#1"                     [id=25640, stack(0x0000001639200000,0x0000001639300000) (1024K)]
  0x000001d1de36ccf0 WorkerThread "GC Thread#2"                     [id=19416, stack(0x0000001639300000,0x0000001639400000) (1024K)]
  0x000001d1de121c00 WorkerThread "GC Thread#3"                     [id=48344, stack(0x0000001639400000,0x0000001639500000) (1024K)]
  0x000001d1de121fb0 WorkerThread "GC Thread#4"                     [id=34860, stack(0x0000001639500000,0x0000001639600000) (1024K)]
  0x000001d1de122360 WorkerThread "GC Thread#5"                     [id=14476, stack(0x0000001639600000,0x0000001639700000) (1024K)]
  0x000001d1de361120 WorkerThread "GC Thread#6"                     [id=19084, stack(0x0000001639700000,0x0000001639800000) (1024K)]
  0x000001d1de560d70 WorkerThread "GC Thread#7"                     [id=31236, stack(0x0000001639800000,0x0000001639900000) (1024K)]
  0x000001d1de873ac0 WorkerThread "GC Thread#8"                     [id=24688, stack(0x0000001639c00000,0x0000001639d00000) (1024K)]
  0x000001d1de873e70 WorkerThread "GC Thread#9"                     [id=7312, stack(0x0000001639d00000,0x0000001639e00000) (1024K)]
Total: 12

Threads with active compile tasks:
C2 CompilerThread0  31830 5342       4       java.util.TreeMap::put (221 bytes)
C1 CompilerThread0  31830 5344       3       com.google.common.collect.ImmutableSet$RegularSetBuilderImpl::review (86 bytes)
C2 CompilerThread1  31830 4838   !   4       org.eclipse.osgi.internal.loader.classpath.ClasspathManager::defineClass (636 bytes)
Total: 3

VM state: not at safepoint (normal execution)

VM Mutex/Monitor currently owned by a thread: None

Heap address: 0x0000000080000000, size: 2048 MB, Compressed Oops mode: 32-bit

CDS archive(s) mapped at: [0x000001d197000000-0x000001d197ba0000-0x000001d197ba0000), size 12189696, SharedBaseAddress: 0x000001d197000000, ArchiveRelocationMode: 1.
Compressed class space mapped at: 0x000001d198000000-0x000001d1d8000000, reserved size: 1073741824
Narrow klass base: 0x000001d197000000, Narrow klass shift: 0, Narrow klass range: 0x100000000

GC Precious Log:
 CardTable entry size: 512
 CPUs: 12 total, 12 available
 Memory: 15178M
 Large Page Support: Disabled
 NUMA Support: Disabled
 Compressed Oops: Enabled (32-bit)
 Alignments: Space 512K, Generation 512K, Heap 2M
 Heap Min Capacity: 100M
 Heap Initial Capacity: 100M
 Heap Max Capacity: 2G
 Pre-touch: Disabled
 Parallel Workers: 10

Heap:
 PSYoungGen      total 23552K, used 11162K [0x00000000d5580000, 0x00000000d7100000, 0x0000000100000000)
  eden space 22016K, 43% used [0x00000000d5580000,0x00000000d5ee9e18,0x00000000d6b00000)
  from space 1536K, 99% used [0x00000000d6e80000,0x00000000d6ffca50,0x00000000d7000000)
  to   space 1024K, 0% used [0x00000000d7000000,0x00000000d7000000,0x00000000d7100000)
 ParOldGen       total 68608K, used 20104K [0x0000000080000000, 0x0000000084300000, 0x00000000d5580000)
  object space 68608K, 29% used [0x0000000080000000,0x00000000813a2258,0x0000000084300000)
 Metaspace       used 40798K, committed 41856K, reserved 1114112K
  class space    used 4417K, committed 4864K, reserved 1048576K

Card table byte_map: [0x000001d1fd330000,0x000001d1fd740000] _byte_map_base: 0x000001d1fcf30000

Marking Bits: (ParMarkBitMap*) 0x00007ffc08ef3450
 Begin Bits: [0x000001d192140000, 0x000001d194140000)
 End Bits:   [0x000001d194140000, 0x000001d196140000)

Polling page: 0x000001d1fb700000

Metaspace:

Usage:
  Non-class:     35.53 MB used.
      Class:      4.31 MB used.
       Both:     39.84 MB used.

Virtual space:
  Non-class space:       64.00 MB reserved,      36.12 MB ( 56%) committed,  1 nodes.
      Class space:        1.00 GB reserved,       4.75 MB ( <1%) committed,  1 nodes.
             Both:        1.06 GB reserved,      40.88 MB (  4%) committed. 

Chunk freelists:
   Non-Class:  11.45 MB
       Class:  11.22 MB
        Both:  22.67 MB

MaxMetaspaceSize: unlimited
CompressedClassSpaceSize: 1.00 GB
Initial GC threshold: 21.00 MB
Current GC threshold: 58.38 MB
CDS: on
 - commit_granule_bytes: 65536.
 - commit_granule_words: 8192.
 - virtual_space_node_default_size: 8388608.
 - enlarge_chunks_in_place: 1.
 - use_allocation_guard: 0.


Internal statistics:

num_allocs_failed_limit: 6.
num_arena_births: 782.
num_arena_deaths: 14.
num_vsnodes_births: 2.
num_vsnodes_deaths: 0.
num_space_committed: 654.
num_space_uncommitted: 0.
num_chunks_returned_to_freelist: 20.
num_chunks_taken_from_freelist: 2596.
num_chunk_merges: 11.
num_chunk_splits: 1622.
num_chunks_enlarged: 931.
num_inconsistent_stats: 0.

CodeHeap 'non-profiled nmethods': size=120000Kb used=2387Kb max_used=2387Kb free=117612Kb
 bounds [0x000001d18ac10000, 0x000001d18ae80000, 0x000001d192140000]
CodeHeap 'profiled nmethods': size=120000Kb used=9841Kb max_used=10206Kb free=110158Kb
 bounds [0x000001d183140000, 0x000001d183b40000, 0x000001d18a670000]
CodeHeap 'non-nmethods': size=5760Kb used=1356Kb max_used=1405Kb free=4403Kb
 bounds [0x000001d18a670000, 0x000001d18a8e0000, 0x000001d18ac10000]
CodeCache: size=245760Kb, used=13584Kb, max_used=13998Kb, free=232173Kb
 total_blobs=5440, nmethods=4787, adapters=559, full_count=0
Compilation: enabled, stopped_count=0, restarted_count=0

Compilation events (20 events):
Event: 31.562 Thread 0x000001d1d890b120 nmethod 5109 0x000001d18ac4e090 code [0x000001d18ac4e220, 0x000001d18ac4e2e8]
Event: 31.562 Thread 0x000001d1d890b120 5117       3       java.util.IdentityHashMap::hash (18 bytes)
Event: 31.562 Thread 0x000001d1d890b120 nmethod 5117 0x000001d183396910 code [0x000001d183396ac0, 0x000001d183396bf8]
Event: 31.562 Thread 0x000001d1d890b120 5104       3       com.google.inject.internal.UntargettedBindingImpl::acceptTargetVisitor (8 bytes)
Event: 31.563 Thread 0x000001d1d890b120 nmethod 5104 0x000001d18389dd90 code [0x000001d18389df40, 0x000001d18389e120]
Event: 31.563 Thread 0x000001d1d890b120 5118       3       java.util.IdentityHashMap::nextKeyIndex (15 bytes)
Event: 31.563 Thread 0x000001d1d890b120 nmethod 5118 0x000001d18389da10 code [0x000001d18389dba0, 0x000001d18389dcd8]
Event: 31.563 Thread 0x000001d1d890b120 5110       1       com.google.inject.matcher.Matchers$Any::matches (2 bytes)
Event: 31.563 Thread 0x000001d1d890b120 nmethod 5110 0x000001d18ac4dc90 code [0x000001d18ac4de20, 0x000001d18ac4dee8]
Event: 31.563 Thread 0x000001d1d890b120 5111       1       com.google.inject.spi.ProvisionListenerBinding::getListeners (5 bytes)
Event: 31.563 Thread 0x000001d1d890b120 nmethod 5111 0x000001d18ad30b10 code [0x000001d18ad30ca0, 0x000001d18ad30d68]
Event: 31.563 Thread 0x000001d1d890b120 5112       1       com.google.inject.internal.BindingProcessor::access$000 (5 bytes)
Event: 31.563 Thread 0x000001d1d890b120 nmethod 5112 0x000001d18ad30810 code [0x000001d18ad309a0, 0x000001d18ad30a50]
Event: 31.563 Thread 0x000001d1d890b120 5114       1       com.google.inject.internal.ProviderInstanceBindingImpl::getInjectionPoints (5 bytes)
Event: 31.563 Thread 0x000001d1d890b120 nmethod 5114 0x000001d18ad30510 code [0x000001d18ad306a0, 0x000001d18ad30768]
Event: 31.563 Thread 0x000001d1d890b120 5121       3       com.google.inject.internal.AbstractBindingProcessor$Processor::<init> (48 bytes)
Event: 31.564 Thread 0x000001d1d890b120 nmethod 5121 0x000001d18389d190 code [0x000001d18389d340, 0x000001d18389d778]
Event: 31.564 Thread 0x000001d1d890b120 5119       3       java.util.concurrent.atomic.AtomicReferenceArray::set (13 bytes)
Event: 31.566 Thread 0x000001d1d890b120 nmethod 5119 0x000001d183147990 code [0x000001d183147c60, 0x000001d183148c28]
Event: 31.567 Thread 0x000001d1d890b120 5120       3       java.lang.invoke.VarHandleGuards::guard_LIL_V (135 bytes)

GC Heap History (20 events):
Event: 26.725 GC heap before
{Heap before GC invocations=7 (full 0):
 PSYoungGen      total 30208K, used 28162K [0x00000000d5580000, 0x00000000d7980000, 0x0000000100000000)
  eden space 24576K, 91% used [0x00000000d5580000,0x00000000d6b86c40,0x00000000d6d80000)
  from space 5632K, 99% used [0x00000000d7380000,0x00000000d78f9d38,0x00000000d7900000)
  to   space 6144K, 0% used [0x00000000d6d80000,0x00000000d6d80000,0x00000000d7380000)
 ParOldGen       total 68608K, used 8066K [0x0000000080000000, 0x0000000084300000, 0x00000000d5580000)
  object space 68608K, 11% used [0x0000000080000000,0x00000000807e0aa0,0x0000000084300000)
 Metaspace       used 20705K, committed 21504K, reserved 1114112K
  class space    used 2187K, committed 2560K, reserved 1048576K
}
Event: 26.736 GC heap after
{Heap after GC invocations=7 (full 0):
 PSYoungGen      total 30208K, used 5243K [0x00000000d5580000, 0x00000000d7880000, 0x0000000100000000)
  eden space 24576K, 0% used [0x00000000d5580000,0x00000000d5580000,0x00000000d6d80000)
  from space 5632K, 93% used [0x00000000d6d80000,0x00000000d729ef08,0x00000000d7300000)
  to   space 5632K, 0% used [0x00000000d7300000,0x00000000d7300000,0x00000000d7880000)
 ParOldGen       total 68608K, used 9608K [0x0000000080000000, 0x0000000084300000, 0x00000000d5580000)
  object space 68608K, 14% used [0x0000000080000000,0x00000000809620c0,0x0000000084300000)
 Metaspace       used 20705K, committed 21504K, reserved 1114112K
  class space    used 2187K, committed 2560K, reserved 1048576K
}
Event: 26.736 GC heap before
{Heap before GC invocations=8 (full 1):
 PSYoungGen      total 30208K, used 5243K [0x00000000d5580000, 0x00000000d7880000, 0x0000000100000000)
  eden space 24576K, 0% used [0x00000000d5580000,0x00000000d5580000,0x00000000d6d80000)
  from space 5632K, 93% used [0x00000000d6d80000,0x00000000d729ef08,0x00000000d7300000)
  to   space 5632K, 0% used [0x00000000d7300000,0x00000000d7300000,0x00000000d7880000)
 ParOldGen       total 68608K, used 9608K [0x0000000080000000, 0x0000000084300000, 0x00000000d5580000)
  object space 68608K, 14% used [0x0000000080000000,0x00000000809620c0,0x0000000084300000)
 Metaspace       used 20705K, committed 21504K, reserved 1114112K
  class space    used 2187K, committed 2560K, reserved 1048576K
}
Event: 26.799 GC heap after
{Heap after GC invocations=8 (full 1):
 PSYoungGen      total 30208K, used 0K [0x00000000d5580000, 0x00000000d7880000, 0x0000000100000000)
  eden space 24576K, 0% used [0x00000000d5580000,0x00000000d5580000,0x00000000d6d80000)
  from space 5632K, 0% used [0x00000000d6d80000,0x00000000d6d80000,0x00000000d7300000)
  to   space 5632K, 0% used [0x00000000d7300000,0x00000000d7300000,0x00000000d7880000)
 ParOldGen       total 68608K, used 14189K [0x0000000080000000, 0x0000000084300000, 0x00000000d5580000)
  object space 68608K, 20% used [0x0000000080000000,0x0000000080ddb650,0x0000000084300000)
 Metaspace       used 20692K, committed 21504K, reserved 1114112K
  class space    used 2184K, committed 2560K, reserved 1048576K
}
Event: 27.381 GC heap before
{Heap before GC invocations=9 (full 1):
 PSYoungGen      total 30208K, used 24576K [0x00000000d5580000, 0x00000000d7880000, 0x0000000100000000)
  eden space 24576K, 100% used [0x00000000d5580000,0x00000000d6d80000,0x00000000d6d80000)
  from space 5632K, 0% used [0x00000000d6d80000,0x00000000d6d80000,0x00000000d7300000)
  to   space 5632K, 0% used [0x00000000d7300000,0x00000000d7300000,0x00000000d7880000)
 ParOldGen       total 68608K, used 14189K [0x0000000080000000, 0x0000000084300000, 0x00000000d5580000)
  object space 68608K, 20% used [0x0000000080000000,0x0000000080ddb650,0x0000000084300000)
 Metaspace       used 23160K, committed 24064K, reserved 1114112K
  class space    used 2354K, committed 2752K, reserved 1048576K
}
Event: 27.384 GC heap after
{Heap after GC invocations=9 (full 1):
 PSYoungGen      total 25088K, used 792K [0x00000000d5580000, 0x00000000d7400000, 0x0000000100000000)
  eden space 24064K, 0% used [0x00000000d5580000,0x00000000d5580000,0x00000000d6d00000)
  from space 1024K, 77% used [0x00000000d7300000,0x00000000d73c6360,0x00000000d7400000)
  to   space 2560K, 0% used [0x00000000d6f00000,0x00000000d6f00000,0x00000000d7180000)
 ParOldGen       total 68608K, used 14189K [0x0000000080000000, 0x0000000084300000, 0x00000000d5580000)
  object space 68608K, 20% used [0x0000000080000000,0x0000000080ddb650,0x0000000084300000)
 Metaspace       used 23160K, committed 24064K, reserved 1114112K
  class space    used 2354K, committed 2752K, reserved 1048576K
}
Event: 27.899 GC heap before
{Heap before GC invocations=10 (full 1):
 PSYoungGen      total 25088K, used 24856K [0x00000000d5580000, 0x00000000d7400000, 0x0000000100000000)
  eden space 24064K, 100% used [0x00000000d5580000,0x00000000d6d00000,0x00000000d6d00000)
  from space 1024K, 77% used [0x00000000d7300000,0x00000000d73c6360,0x00000000d7400000)
  to   space 2560K, 0% used [0x00000000d6f00000,0x00000000d6f00000,0x00000000d7180000)
 ParOldGen       total 68608K, used 14189K [0x0000000080000000, 0x0000000084300000, 0x00000000d5580000)
  object space 68608K, 20% used [0x0000000080000000,0x0000000080ddb650,0x0000000084300000)
 Metaspace       used 26590K, committed 27456K, reserved 1114112K
  class space    used 2664K, committed 3008K, reserved 1048576K
}
Event: 27.902 GC heap after
{Heap after GC invocations=10 (full 1):
 PSYoungGen      total 26112K, used 1112K [0x00000000d5580000, 0x00000000d7380000, 0x0000000100000000)
  eden space 23552K, 0% used [0x00000000d5580000,0x00000000d5580000,0x00000000d6c80000)
  from space 2560K, 43% used [0x00000000d6f00000,0x00000000d7016360,0x00000000d7180000)
  to   space 1536K, 0% used [0x00000000d7200000,0x00000000d7200000,0x00000000d7380000)
 ParOldGen       total 68608K, used 14197K [0x0000000080000000, 0x0000000084300000, 0x00000000d5580000)
  object space 68608K, 20% used [0x0000000080000000,0x0000000080ddd650,0x0000000084300000)
 Metaspace       used 26590K, committed 27456K, reserved 1114112K
  class space    used 2664K, committed 3008K, reserved 1048576K
}
Event: 28.127 GC heap before
{Heap before GC invocations=11 (full 1):
 PSYoungGen      total 26112K, used 24664K [0x00000000d5580000, 0x00000000d7380000, 0x0000000100000000)
  eden space 23552K, 100% used [0x00000000d5580000,0x00000000d6c80000,0x00000000d6c80000)
  from space 2560K, 43% used [0x00000000d6f00000,0x00000000d7016360,0x00000000d7180000)
  to   space 1536K, 0% used [0x00000000d7200000,0x00000000d7200000,0x00000000d7380000)
 ParOldGen       total 68608K, used 14197K [0x0000000080000000, 0x0000000084300000, 0x00000000d5580000)
  object space 68608K, 20% used [0x0000000080000000,0x0000000080ddd650,0x0000000084300000)
 Metaspace       used 28504K, committed 29440K, reserved 1114112K
  class space    used 2866K, committed 3264K, reserved 1048576K
}
Event: 28.131 GC heap after
{Heap after GC invocations=11 (full 1):
 PSYoungGen      total 24576K, used 1531K [0x00000000d5580000, 0x00000000d7380000, 0x0000000100000000)
  eden space 23040K, 0% used [0x00000000d5580000,0x00000000d5580000,0x00000000d6c00000)
  from space 1536K, 99% used [0x00000000d7200000,0x00000000d737eda0,0x00000000d7380000)
  to   space 3584K, 0% used [0x00000000d6c80000,0x00000000d6c80000,0x00000000d7000000)
 ParOldGen       total 68608K, used 15548K [0x0000000080000000, 0x0000000084300000, 0x00000000d5580000)
  object space 68608K, 22% used [0x0000000080000000,0x0000000080f2f348,0x0000000084300000)
 Metaspace       used 28504K, committed 29440K, reserved 1114112K
  class space    used 2866K, committed 3264K, reserved 1048576K
}
Event: 28.679 GC heap before
{Heap before GC invocations=12 (full 1):
 PSYoungGen      total 24576K, used 24571K [0x00000000d5580000, 0x00000000d7380000, 0x0000000100000000)
  eden space 23040K, 100% used [0x00000000d5580000,0x00000000d6c00000,0x00000000d6c00000)
  from space 1536K, 99% used [0x00000000d7200000,0x00000000d737eda0,0x00000000d7380000)
  to   space 3584K, 0% used [0x00000000d6c80000,0x00000000d6c80000,0x00000000d7000000)
 ParOldGen       total 68608K, used 15548K [0x0000000080000000, 0x0000000084300000, 0x00000000d5580000)
  object space 68608K, 22% used [0x0000000080000000,0x0000000080f2f348,0x0000000084300000)
 Metaspace       used 30143K, committed 31104K, reserved 1114112K
  class space    used 3085K, committed 3520K, reserved 1048576K
}
Event: 28.684 GC heap after
{Heap after GC invocations=12 (full 1):
 PSYoungGen      total 26112K, used 608K [0x00000000d5580000, 0x00000000d7280000, 0x0000000100000000)
  eden space 22528K, 0% used [0x00000000d5580000,0x00000000d5580000,0x00000000d6b80000)
  from space 3584K, 16% used [0x00000000d6c80000,0x00000000d6d18000,0x00000000d7000000)
  to   space 1536K, 0% used [0x00000000d7100000,0x00000000d7100000,0x00000000d7280000)
 ParOldGen       total 68608K, used 16974K [0x0000000080000000, 0x0000000084300000, 0x00000000d5580000)
  object space 68608K, 24% used [0x0000000080000000,0x0000000081093988,0x0000000084300000)
 Metaspace       used 30143K, committed 31104K, reserved 1114112K
  class space    used 3085K, committed 3520K, reserved 1048576K
}
Event: 29.422 GC heap before
{Heap before GC invocations=13 (full 1):
 PSYoungGen      total 26112K, used 23135K [0x00000000d5580000, 0x00000000d7280000, 0x0000000100000000)
  eden space 22528K, 99% used [0x00000000d5580000,0x00000000d6b7ffd0,0x00000000d6b80000)
  from space 3584K, 16% used [0x00000000d6c80000,0x00000000d6d18000,0x00000000d7000000)
  to   space 1536K, 0% used [0x00000000d7100000,0x00000000d7100000,0x00000000d7280000)
 ParOldGen       total 68608K, used 16974K [0x0000000080000000, 0x0000000084300000, 0x00000000d5580000)
  object space 68608K, 24% used [0x0000000080000000,0x0000000081093988,0x0000000084300000)
 Metaspace       used 32599K, committed 33600K, reserved 1114112K
  class space    used 3349K, committed 3776K, reserved 1048576K
}
Event: 29.425 GC heap after
{Heap after GC invocations=13 (full 1):
 PSYoungGen      total 23552K, used 1327K [0x00000000d5580000, 0x00000000d7280000, 0x0000000100000000)
  eden space 22016K, 0% used [0x00000000d5580000,0x00000000d5580000,0x00000000d6b00000)
  from space 1536K, 86% used [0x00000000d7100000,0x00000000d724bc00,0x00000000d7280000)
  to   space 1536K, 0% used [0x00000000d6f80000,0x00000000d6f80000,0x00000000d7100000)
 ParOldGen       total 68608K, used 17446K [0x0000000080000000, 0x0000000084300000, 0x00000000d5580000)
  object space 68608K, 25% used [0x0000000080000000,0x0000000081109988,0x0000000084300000)
 Metaspace       used 32599K, committed 33600K, reserved 1114112K
  class space    used 3349K, committed 3776K, reserved 1048576K
}
Event: 30.267 GC heap before
{Heap before GC invocations=14 (full 1):
 PSYoungGen      total 23552K, used 19774K [0x00000000d5580000, 0x00000000d7280000, 0x0000000100000000)
  eden space 22016K, 83% used [0x00000000d5580000,0x00000000d6783d30,0x00000000d6b00000)
  from space 1536K, 86% used [0x00000000d7100000,0x00000000d724bc00,0x00000000d7280000)
  to   space 1536K, 0% used [0x00000000d6f80000,0x00000000d6f80000,0x00000000d7100000)
 ParOldGen       total 68608K, used 17446K [0x0000000080000000, 0x0000000084300000, 0x00000000d5580000)
  object space 68608K, 25% used [0x0000000080000000,0x0000000081109988,0x0000000084300000)
 Metaspace       used 34919K, committed 35840K, reserved 1114112K
  class space    used 3639K, committed 4032K, reserved 1048576K
}
Event: 30.270 GC heap after
{Heap after GC invocations=14 (full 1):
 PSYoungGen      total 23040K, used 960K [0x00000000d5580000, 0x00000000d7180000, 0x0000000100000000)
  eden space 22016K, 0% used [0x00000000d5580000,0x00000000d5580000,0x00000000d6b00000)
  from space 1024K, 93% used [0x00000000d6f80000,0x00000000d7070000,0x00000000d7080000)
  to   space 1024K, 0% used [0x00000000d7080000,0x00000000d7080000,0x00000000d7180000)
 ParOldGen       total 68608K, used 18556K [0x0000000080000000, 0x0000000084300000, 0x00000000d5580000)
  object space 68608K, 27% used [0x0000000080000000,0x000000008121f0a8,0x0000000084300000)
 Metaspace       used 34919K, committed 35840K, reserved 1114112K
  class space    used 3639K, committed 4032K, reserved 1048576K
}
Event: 30.270 GC heap before
{Heap before GC invocations=15 (full 2):
 PSYoungGen      total 23040K, used 960K [0x00000000d5580000, 0x00000000d7180000, 0x0000000100000000)
  eden space 22016K, 0% used [0x00000000d5580000,0x00000000d5580000,0x00000000d6b00000)
  from space 1024K, 93% used [0x00000000d6f80000,0x00000000d7070000,0x00000000d7080000)
  to   space 1024K, 0% used [0x00000000d7080000,0x00000000d7080000,0x00000000d7180000)
 ParOldGen       total 68608K, used 18556K [0x0000000080000000, 0x0000000084300000, 0x00000000d5580000)
  object space 68608K, 27% used [0x0000000080000000,0x000000008121f0a8,0x0000000084300000)
 Metaspace       used 34919K, committed 35840K, reserved 1114112K
  class space    used 3639K, committed 4032K, reserved 1048576K
}
Event: 30.352 GC heap after
{Heap after GC invocations=15 (full 2):
 PSYoungGen      total 23040K, used 0K [0x00000000d5580000, 0x00000000d7180000, 0x0000000100000000)
  eden space 22016K, 0% used [0x00000000d5580000,0x00000000d5580000,0x00000000d6b00000)
  from space 1024K, 0% used [0x00000000d6f80000,0x00000000d6f80000,0x00000000d7080000)
  to   space 1024K, 0% used [0x00000000d7080000,0x00000000d7080000,0x00000000d7180000)
 ParOldGen       total 68608K, used 18866K [0x0000000080000000, 0x0000000084300000, 0x00000000d5580000)
  object space 68608K, 27% used [0x0000000080000000,0x000000008126c8f8,0x0000000084300000)
 Metaspace       used 34919K, committed 35840K, reserved 1114112K
  class space    used 3639K, committed 4032K, reserved 1048576K
}
Event: 30.975 GC heap before
{Heap before GC invocations=16 (full 2):
 PSYoungGen      total 23040K, used 22015K [0x00000000d5580000, 0x00000000d7180000, 0x0000000100000000)
  eden space 22016K, 99% used [0x00000000d5580000,0x00000000d6affe60,0x00000000d6b00000)
  from space 1024K, 0% used [0x00000000d6f80000,0x00000000d6f80000,0x00000000d7080000)
  to   space 1024K, 0% used [0x00000000d7080000,0x00000000d7080000,0x00000000d7180000)
 ParOldGen       total 68608K, used 18866K [0x0000000080000000, 0x0000000084300000, 0x00000000d5580000)
  object space 68608K, 27% used [0x0000000080000000,0x000000008126c8f8,0x0000000084300000)
 Metaspace       used 37357K, committed 38336K, reserved 1114112K
  class space    used 3947K, committed 4352K, reserved 1048576K
}
Event: 30.978 GC heap after
{Heap after GC invocations=16 (full 2):
 PSYoungGen      total 23040K, used 993K [0x00000000d5580000, 0x00000000d7180000, 0x0000000100000000)
  eden space 22016K, 0% used [0x00000000d5580000,0x00000000d5580000,0x00000000d6b00000)
  from space 1024K, 96% used [0x00000000d7080000,0x00000000d7178468,0x00000000d7180000)
  to   space 1536K, 0% used [0x00000000d6e80000,0x00000000d6e80000,0x00000000d7000000)
 ParOldGen       total 68608K, used 19098K [0x0000000080000000, 0x0000000084300000, 0x00000000d5580000)
  object space 68608K, 27% used [0x0000000080000000,0x00000000812a68f8,0x0000000084300000)
 Metaspace       used 37357K, committed 38336K, reserved 1114112K
  class space    used 3947K, committed 4352K, reserved 1048576K
}

Dll operation events (10 events):
Event: 0.037 Loaded shared library c:\Users\Lenovo\.antigravity\extensions\redhat.java-1.54.0-win32-x64\jre\21.0.10-win32-x86_64\bin\java.dll
Event: 0.728 Loaded shared library c:\Users\Lenovo\.antigravity\extensions\redhat.java-1.54.0-win32-x64\jre\21.0.10-win32-x86_64\bin\zip.dll
Event: 0.827 Loaded shared library C:\Users\Lenovo\.antigravity\extensions\redhat.java-1.54.0-win32-x64\jre\21.0.10-win32-x86_64\bin\instrument.dll
Event: 0.888 Loaded shared library C:\Users\Lenovo\.antigravity\extensions\redhat.java-1.54.0-win32-x64\jre\21.0.10-win32-x86_64\bin\net.dll
Event: 0.896 Loaded shared library C:\Users\Lenovo\.antigravity\extensions\redhat.java-1.54.0-win32-x64\jre\21.0.10-win32-x86_64\bin\nio.dll
Event: 0.904 Loaded shared library C:\Users\Lenovo\.antigravity\extensions\redhat.java-1.54.0-win32-x64\jre\21.0.10-win32-x86_64\bin\zip.dll
Event: 0.983 Loaded shared library C:\Users\Lenovo\.antigravity\extensions\redhat.java-1.54.0-win32-x64\jre\21.0.10-win32-x86_64\bin\jimage.dll
Event: 1.312 Loaded shared library c:\Users\Lenovo\.antigravity\extensions\redhat.java-1.54.0-win32-x64\jre\21.0.10-win32-x86_64\bin\verify.dll
Event: 8.549 Loaded shared library C:\Users\Lenovo\AppData\Roaming\Antigravity\User\globalStorage\redhat.java\1.54.0\config_win\org.eclipse.equinox.launcher\org.eclipse.equinox.launcher.win32.win32.x86_64_1.3.0.v20260203-2149\eclipse_11919.dll
Event: 23.825 Loaded shared library C:\Users\Lenovo\AppData\Local\Temp\jna--2022488749\jna6622898969803069761.dll

Deoptimization events (20 events):
Event: 31.224 Thread 0x000001d1d8c50bc0 DEOPT PACKING pc=0x000001d18ae43cc4 sp=0x000000163a3fdd20
Event: 31.224 Thread 0x000001d1d8c50bc0 DEOPT UNPACKING pc=0x000001d18a6c3aa2 sp=0x000000163a3fdcb0 mode 2
Event: 31.224 Thread 0x000001d1d8c50bc0 Uncommon trap: trap_request=0xffffffde fr.pc=0x000001d18ae43cc4 relative=0x0000000000000624
Event: 31.224 Thread 0x000001d1d8c50bc0 Uncommon trap: reason=class_check action=maybe_recompile pc=0x000001d18ae43cc4 method=java.util.TreeMap.put(Ljava/lang/Object;Ljava/lang/Object;Z)Ljava/lang/Object; @ 118 c2
Event: 31.224 Thread 0x000001d1d8c50bc0 DEOPT PACKING pc=0x000001d18ae43cc4 sp=0x000000163a3fdd20
Event: 31.224 Thread 0x000001d1d8c50bc0 DEOPT UNPACKING pc=0x000001d18a6c3aa2 sp=0x000000163a3fdcb0 mode 2
Event: 31.224 Thread 0x000001d1d8c50bc0 Uncommon trap: trap_request=0xffffffde fr.pc=0x000001d18ae43cc4 relative=0x0000000000000624
Event: 31.224 Thread 0x000001d1d8c50bc0 Uncommon trap: reason=class_check action=maybe_recompile pc=0x000001d18ae43cc4 method=java.util.TreeMap.put(Ljava/lang/Object;Ljava/lang/Object;Z)Ljava/lang/Object; @ 118 c2
Event: 31.224 Thread 0x000001d1d8c50bc0 DEOPT PACKING pc=0x000001d18ae43cc4 sp=0x000000163a3fdd20
Event: 31.224 Thread 0x000001d1d8c50bc0 DEOPT UNPACKING pc=0x000001d18a6c3aa2 sp=0x000000163a3fdcb0 mode 2
Event: 31.276 Thread 0x000001d1d8c50bc0 Uncommon trap: trap_request=0xffffff45 fr.pc=0x000001d18ad4be04 relative=0x00000000000002a4
Event: 31.276 Thread 0x000001d1d8c50bc0 Uncommon trap: reason=unstable_if action=reinterpret pc=0x000001d18ad4be04 method=java.lang.ClassLoader.checkName(Ljava/lang/String;)Z @ 1 c2
Event: 31.276 Thread 0x000001d1d8c50bc0 DEOPT PACKING pc=0x000001d18ad4be04 sp=0x000000163a3fdb00
Event: 31.276 Thread 0x000001d1d8c50bc0 DEOPT UNPACKING pc=0x000001d18a6c3aa2 sp=0x000000163a3fda98 mode 2
Event: 31.277 Thread 0x000001d1d8c50bc0 Uncommon trap: trap_request=0xffffff45 fr.pc=0x000001d18acc79c0 relative=0x0000000000000f80
Event: 31.277 Thread 0x000001d1d8c50bc0 Uncommon trap: reason=unstable_if action=reinterpret pc=0x000001d18acc79c0 method=lombok.patcher.ScriptManager$OurClassFileTransformer.transform(Ljava/lang/ClassLoader;Ljava/lang/String;Ljava/lang/Class;Ljava/security/ProtectionDomain;[B)[B @ 1 c2
Event: 31.277 Thread 0x000001d1d8c50bc0 DEOPT PACKING pc=0x000001d18acc79c0 sp=0x000000163a3fc690
Event: 31.277 Thread 0x000001d1d8c50bc0 DEOPT UNPACKING pc=0x000001d18a6c3aa2 sp=0x000000163a3fc610 mode 2
Event: 31.378 Thread 0x000001d1d8c50bc0 DEOPT PACKING pc=0x000001d183b067b5 sp=0x000000163a3fa5b0
Event: 31.378 Thread 0x000001d1d8c50bc0 DEOPT UNPACKING pc=0x000001d18a6c4242 sp=0x000000163a3f9ac0 mode 0

Classes loaded (20 events):
Event: 31.295 Loading class java/util/concurrent/CompletableFuture
Event: 31.297 Loading class java/util/concurrent/CompletableFuture done
Event: 31.338 Loading class sun/reflect/generics/scope/MethodScope
Event: 31.338 Loading class sun/reflect/generics/scope/MethodScope done
Event: 31.338 Loading class sun/reflect/generics/repository/MethodRepository
Event: 31.339 Loading class sun/reflect/generics/repository/MethodRepository done
Event: 31.394 Loading class jdk/internal/vm/annotation/IntrinsicCandidate
Event: 31.394 Loading class jdk/internal/vm/annotation/IntrinsicCandidate done
Event: 31.418 Loading class java/math/BigDecimal
Event: 31.421 Loading class java/math/BigDecimal done
Event: 31.486 Loading class java/util/Collections$2
Event: 31.486 Loading class java/util/Collections$2 done
Event: 31.512 Loading class jdk/internal/event/ThreadSleepEvent
Event: 31.513 Loading class jdk/internal/event/ThreadSleepEvent done
Event: 31.526 Loading class java/util/concurrent/atomic/AtomicIntegerArray
Event: 31.527 Loading class java/util/concurrent/atomic/AtomicIntegerArray done
Event: 31.534 Loading class java/util/Currency
Event: 31.534 Loading class java/util/Currency done
Event: 31.551 Loading class java/util/concurrent/atomic/AtomicLongArray
Event: 31.553 Loading class java/util/concurrent/atomic/AtomicLongArray done

Classes unloaded (7 events):
Event: 26.749 Thread 0x000001d196324290 Unloading class 0x000001d1981a9800 'java/lang/invoke/LambdaForm$MH+0x000001d1981a9800'
Event: 26.749 Thread 0x000001d196324290 Unloading class 0x000001d1981a9400 'java/lang/invoke/LambdaForm$MH+0x000001d1981a9400'
Event: 26.749 Thread 0x000001d196324290 Unloading class 0x000001d1981a9000 'java/lang/invoke/LambdaForm$MH+0x000001d1981a9000'
Event: 26.749 Thread 0x000001d196324290 Unloading class 0x000001d1981a8c00 'java/lang/invoke/LambdaForm$MH+0x000001d1981a8c00'
Event: 26.749 Thread 0x000001d196324290 Unloading class 0x000001d1981a8800 'java/lang/invoke/LambdaForm$BMH+0x000001d1981a8800'
Event: 26.749 Thread 0x000001d196324290 Unloading class 0x000001d1981a8400 'java/lang/invoke/LambdaForm$DMH+0x000001d1981a8400'
Event: 26.749 Thread 0x000001d196324290 Unloading class 0x000001d1981a3000 'java/lang/invoke/LambdaForm$DMH+0x000001d1981a3000'

Classes redefined (0 events):
No events

Internal exceptions (20 events):
Event: 28.368 Thread 0x000001d1d8c50bc0 Exception <a 'java/lang/NoClassDefFoundError'{0x00000000d5e2b5b0}: javax/enterprise/inject/Typed> (0x00000000d5e2b5b0) 
thrown [s\src\hotspot\share\classfile\systemDictionary.cpp, line 301]
Event: 28.869 Thread 0x000001d1de1a1780 Exception <a 'java/lang/ClassNotFoundException'{0x00000000d5bb2908}: com/sun/org/apache/xerces/internal/impl/msg/spi/DOMMessagesProvider> (0x00000000d5bb2908) 
thrown [s\src\hotspot\share\classfile\systemDictionary.cpp, line 312]
Event: 28.871 Thread 0x000001d1de1a1780 Exception <a 'java/lang/ClassNotFoundException'{0x00000000d5bc40c0}: com/sun/org/apache/xerces/internal/impl/msg/spi/XMLSerializerMessagesProvider> (0x00000000d5bc40c0) 
thrown [s\src\hotspot\share\classfile\systemDictionary.cpp, line 312]
Event: 28.883 Thread 0x000001d1de1a1780 Exception <a 'java/lang/ClassNotFoundException'{0x00000000d5bd2108}: com/sun/org/apache/xerces/internal/impl/msg/spi/XMLMessagesProvider> (0x00000000d5bd2108) 
thrown [s\src\hotspot\share\classfile\systemDictionary.cpp, line 312]
Event: 29.614 Thread 0x000001d1de1a1780 Exception <a 'java/lang/ClassNotFoundException'{0x00000000d5a49d28}: com/sun/org/apache/xml/internal/serializer/spi/XMLEntitiesProvider> (0x00000000d5a49d28) 
thrown [s\src\hotspot\share\classfile\systemDictionary.cpp, line 312]
Event: 30.257 Thread 0x000001d1de1a1780 Exception <a 'java/io/FileNotFoundException'{0x00000000d66941b8}> (0x00000000d66941b8) 
thrown [s\src\hotspot\share\prims\jni.cpp, line 520]
Event: 30.508 Thread 0x000001d1de1a1780 Exception <a 'java/lang/UnsatisfiedLinkError'{0x00000000d58f7518}: The specified procedure could not be found.
> (0x00000000d58f7518) 
thrown [s\src\hotspot\share\prims\jni.cpp, line 539]
Event: 30.530 Thread 0x000001d1de1a1780 Exception <a 'java/io/FileNotFoundException'{0x00000000d5995c98}> (0x00000000d5995c98) 
thrown [s\src\hotspot\share\prims\jni.cpp, line 520]
Event: 30.636 Thread 0x000001d1de1a1780 Exception <a 'java/io/FileNotFoundException'{0x00000000d5ad34c0}> (0x00000000d5ad34c0) 
thrown [s\src\hotspot\share\prims\jni.cpp, line 520]
Event: 30.658 Thread 0x000001d1de1a1780 Exception <a 'java/lang/UnsatisfiedLinkError'{0x00000000d5cfcc90}: The specified procedure could not be found.
> (0x00000000d5cfcc90) 
thrown [s\src\hotspot\share\prims\jni.cpp, line 539]
Event: 31.045 Thread 0x000001d1fb9ce430 Exception <a 'java/lang/NoSuchMethodError'{0x00000000d5891ec0}: 'java.lang.Object java.lang.invoke.DirectMethodHandle$Holder.invokeStatic(java.lang.Object, long, java.lang.Object)'> (0x00000000d5891ec0) 
thrown [s\src\hotspot\share\interpreter\linkResolver.cpp, line 773]
Event: 31.046 Thread 0x000001d1fb9ce430 Exception <a 'java/lang/NoSuchMethodError'{0x00000000d5895528}: 'java.lang.Object java.lang.invoke.DirectMethodHandle$Holder.invokeStaticInit(java.lang.Object, long, java.lang.Object)'> (0x00000000d5895528) 
thrown [s\src\hotspot\share\interpreter\linkResolver.cpp, line 773]
Event: 31.047 Thread 0x000001d1fb9ce430 Exception <a 'java/lang/NoSuchMethodError'{0x00000000d58a8a88}: 'java.lang.Object java.lang.invoke.DirectMethodHandle$Holder.newInvokeSpecial(java.lang.Object, long)'> (0x00000000d58a8a88) 
thrown [s\src\hotspot\share\interpreter\linkResolver.cpp, line 773]
Event: 31.161 Thread 0x000001d1d8c50bc0 Exception <a 'java/lang/NoSuchMethodError'{0x00000000d5b2c5c0}: 'void java.lang.invoke.DirectMethodHandle$Holder.invokeStaticInit(java.lang.Object, java.lang.Object, java.lang.Object)'> (0x00000000d5b2c5c0) 
thrown [s\src\hotspot\share\interpreter\linkResolver.cpp, line 773]
Event: 31.201 Thread 0x000001d1d8c50bc0 Exception <a 'java/lang/ExceptionInInitializerError'{0x00000000d5b98488}> (0x00000000d5b98488) 
thrown [s\src\hotspot\share\oops\instanceKlass.cpp, line 1220]
Event: 31.257 Thread 0x000001d1d8c50bc0 Exception <a 'java/lang/NoSuchMethodError'{0x00000000d5cb3330}: 'long java.lang.invoke.DirectMethodHandle$Holder.invokeStatic(java.lang.Object, java.lang.Object, int)'> (0x00000000d5cb3330) 
thrown [s\src\hotspot\share\interpreter\linkResolver.cpp, line 773]
Event: 31.276 Thread 0x000001d1d8c50bc0 Implicit null exception at 0x000001d18ad4bb7e to 0x000001d18ad4bdf0
Event: 31.277 Thread 0x000001d1d8c50bc0 Implicit null exception at 0x000001d18acc6a9c to 0x000001d18acc79b0
Event: 31.280 Thread 0x000001d1d8c53320 Exception <a 'java/lang/NoSuchMethodError'{0x00000000d5e32210}: 'void java.lang.invoke.DirectMethodHandle$Holder.invokeStaticInit(java.lang.Object, java.lang.Object, java.lang.Object, java.lang.Object)'> (0x00000000d5e32210) 
thrown [s\src\hotspot\share\interpreter\linkResolver.cpp, line 773]
Event: 31.300 Thread 0x000001d1d8c50bc0 Exception <a 'java/lang/NoSuchMethodError'{0x00000000d5d6c940}: 'java.lang.Object java.lang.invoke.Invokers$Holder.invokeExact_MT(java.lang.Object, int, java.lang.Object)'> (0x00000000d5d6c940) 
thrown [s\src\hotspot\share\interpreter\linkResolver.cpp, line 773]

ZGC Phase Switch (0 events):
No events

VM Operations (20 events):
Event: 29.036 Executing non-safepoint VM operation: HandshakeAllThreads (Deoptimize)
Event: 29.233 Executing non-safepoint VM operation: HandshakeAllThreads (Deoptimize) done
Event: 29.422 Executing safepoint VM operation: ParallelGCFailedAllocation (Allocation Failure)
Event: 29.425 Executing safepoint VM operation: ParallelGCFailedAllocation (Allocation Failure) done
Event: 29.737 Executing non-safepoint VM operation: HandshakeAllThreads (Deoptimize)
Event: 29.738 Executing non-safepoint VM operation: HandshakeAllThreads (Deoptimize) done
Event: 29.807 Executing non-safepoint VM operation: HandshakeAllThreads (Deoptimize)
Event: 29.826 Executing non-safepoint VM operation: HandshakeAllThreads (Deoptimize) done
Event: 30.104 Executing non-safepoint VM operation: HandshakeAllThreads (Deoptimize)
Event: 30.104 Executing non-safepoint VM operation: HandshakeAllThreads (Deoptimize) done
Event: 30.267 Executing safepoint VM operation: CollectForMetadataAllocation (Metadata GC Threshold)
Event: 30.352 Executing safepoint VM operation: CollectForMetadataAllocation (Metadata GC Threshold) done
Event: 30.429 Executing non-safepoint VM operation: HandshakeAllThreads (Deoptimize)
Event: 30.429 Executing non-safepoint VM operation: HandshakeAllThreads (Deoptimize) done
Event: 30.975 Executing safepoint VM operation: ParallelGCFailedAllocation (Allocation Failure)
Event: 30.978 Executing safepoint VM operation: ParallelGCFailedAllocation (Allocation Failure) done
Event: 31.341 Executing non-safepoint VM operation: HandshakeAllThreads (Deoptimize)
Event: 31.341 Executing non-safepoint VM operation: HandshakeAllThreads (Deoptimize) done
Event: 31.494 Executing non-safepoint VM operation: HandshakeAllThreads (Deoptimize)
Event: 31.505 Executing non-safepoint VM operation: HandshakeAllThreads (Deoptimize) done

Memory protections (0 events):
No events

Nmethod flushes (20 events):
Event: 30.320 Thread 0x000001d196324290 flushing  nmethod 0x000001d1837dce10
Event: 30.320 Thread 0x000001d196324290 flushing  nmethod 0x000001d1837de010
Event: 30.320 Thread 0x000001d196324290 flushing  nmethod 0x000001d1837dec90
Event: 30.320 Thread 0x000001d196324290 flushing  nmethod 0x000001d1837df410
Event: 30.320 Thread 0x000001d196324290 flushing  nmethod 0x000001d1837e0d90
Event: 30.320 Thread 0x000001d196324290 flushing  nmethod 0x000001d1837e1690
Event: 30.320 Thread 0x000001d196324290 flushing  nmethod 0x000001d1837e3090
Event: 30.320 Thread 0x000001d196324290 flushing  nmethod 0x000001d1837e3a90
Event: 30.320 Thread 0x000001d196324290 flushing  nmethod 0x000001d1837e3f90
Event: 30.320 Thread 0x000001d196324290 flushing  nmethod 0x000001d1837e4290
Event: 30.320 Thread 0x000001d196324290 flushing  nmethod 0x000001d1837ed290
Event: 30.320 Thread 0x000001d196324290 flushing  nmethod 0x000001d1837ee210
Event: 30.320 Thread 0x000001d196324290 flushing  nmethod 0x000001d183807310
Event: 30.320 Thread 0x000001d196324290 flushing  nmethod 0x000001d18380ed10
Event: 30.320 Thread 0x000001d196324290 flushing  nmethod 0x000001d183823810
Event: 30.320 Thread 0x000001d196324290 flushing  nmethod 0x000001d183828190
Event: 30.320 Thread 0x000001d196324290 flushing  nmethod 0x000001d183877890
Event: 30.320 Thread 0x000001d196324290 flushing  nmethod 0x000001d18387d190
Event: 30.320 Thread 0x000001d196324290 flushing  nmethod 0x000001d18389d190
Event: 30.320 Thread 0x000001d196324290 flushing  nmethod 0x000001d1838dab90

Events (20 events):
Event: 27.826 Thread 0x000001d1d890b120 Thread added: 0x000001d1dec90c40
Event: 27.996 Thread 0x000001d1d8c518e0 Thread added: 0x000001d1d8c53320
Event: 28.323 Thread 0x000001d1d890b120 Thread added: 0x000001d1dea64640
Event: 28.955 Thread 0x000001d1de1a1780 Thread added: 0x000001d1d8c539b0
Event: 31.041 Thread 0x000001d1d8c53320 Thread added: 0x000001d1d8c54040
Event: 31.077 Thread 0x000001d1fb9ce430 Thread added: 0x000001d1d8c52600
Event: 31.078 Thread 0x000001d1fb9ce430 Thread added: 0x000001d1e26ac110
Event: 31.078 Thread 0x000001d1fb9ce430 Thread added: 0x000001d1e26ace30
Event: 31.078 Thread 0x000001d1fb9ce430 Thread added: 0x000001d1e26ab3f0
Event: 31.078 Thread 0x000001d1fb9ce430 Thread added: 0x000001d1e26ac7a0
Event: 31.078 Thread 0x000001d1fb9ce430 Thread added: 0x000001d1e26aad60
Event: 31.078 Thread 0x000001d1fb9ce430 Thread added: 0x000001d1e26aa6d0
Event: 31.079 Thread 0x000001d1fb9ce430 Thread added: 0x000001d1e26aba80
Event: 31.079 Thread 0x000001d1fb9ce430 Thread added: 0x000001d1e26ad4c0
Event: 31.079 Thread 0x000001d1fb9ce430 Thread added: 0x000001d1e26aa040
Event: 31.079 Thread 0x000001d1fb9ce430 Thread added: 0x000001d1e26adb50
Event: 31.079 Thread 0x000001d1fb9ce430 Thread added: 0x000001d1e26afc20
Event: 31.079 Thread 0x000001d1fb9ce430 Thread added: 0x000001d1e26af590
Event: 31.245 Thread 0x000001d1d8c54040 Thread added: 0x000001d1e26b0fd0
Event: 31.258 Thread 0x000001d1fb9ce430 Thread added: 0x000001d1e26b02b0


Dynamic libraries:
0x00007ff694840000 - 0x00007ff69484e000 	c:\Users\Lenovo\.antigravity\extensions\redhat.java-1.54.0-win32-x64\jre\21.0.10-win32-x86_64\bin\java.exe
0x00007ffcf45a0000 - 0x00007ffcf4807000 	C:\WINDOWS\SYSTEM32\ntdll.dll
0x00007ffcf2d50000 - 0x00007ffcf2e19000 	C:\WINDOWS\System32\KERNEL32.DLL
0x00007ffcf1da0000 - 0x00007ffcf2197000 	C:\WINDOWS\System32\KERNELBASE.dll
0x00007ffcf1ae0000 - 0x00007ffcf1c2b000 	C:\WINDOWS\System32\ucrtbase.dll
0x00007ffcaace0000 - 0x00007ffcaacf8000 	c:\Users\Lenovo\.antigravity\extensions\redhat.java-1.54.0-win32-x64\jre\21.0.10-win32-x86_64\bin\jli.dll
0x00007ffcf3b50000 - 0x00007ffcf3d16000 	C:\WINDOWS\System32\USER32.dll
0x00007ffcf1060000 - 0x00007ffcf1087000 	C:\WINDOWS\System32\win32u.dll
0x00007ffcf3140000 - 0x00007ffcf316b000 	C:\WINDOWS\System32\GDI32.dll
0x00007ffcf1090000 - 0x00007ffcf11bc000 	C:\WINDOWS\System32\gdi32full.dll
0x00007ffcf1a30000 - 0x00007ffcf1ad3000 	C:\WINDOWS\System32\msvcp_win.dll
0x00007ffcdc930000 - 0x00007ffcdcbc2000 	C:\WINDOWS\WinSxS\amd64_microsoft.windows.common-controls_6595b64144ccf1df_6.0.26100.8457_none_3e0b2faee331e92d\COMCTL32.dll
0x00007ffcacbe0000 - 0x00007ffcacbfe000 	c:\Users\Lenovo\.antigravity\extensions\redhat.java-1.54.0-win32-x64\jre\21.0.10-win32-x86_64\bin\VCRUNTIME140.dll
0x00007ffcf2e20000 - 0x00007ffcf2ec9000 	C:\WINDOWS\System32\msvcrt.dll
0x00007ffcf3170000 - 0x00007ffcf31a2000 	C:\WINDOWS\System32\IMM32.DLL
0x00007ffce7f70000 - 0x00007ffce7f7c000 	c:\Users\Lenovo\.antigravity\extensions\redhat.java-1.54.0-win32-x64\jre\21.0.10-win32-x86_64\bin\vcruntime140_1.dll
0x00007ffc4a220000 - 0x00007ffc4a2ad000 	c:\Users\Lenovo\.antigravity\extensions\redhat.java-1.54.0-win32-x64\jre\21.0.10-win32-x86_64\bin\msvcp140.dll
0x00007ffc08230000 - 0x00007ffc08fd1000 	c:\Users\Lenovo\.antigravity\extensions\redhat.java-1.54.0-win32-x64\jre\21.0.10-win32-x86_64\bin\server\jvm.dll
0x00007ffcf2a30000 - 0x00007ffcf2ae6000 	C:\WINDOWS\System32\ADVAPI32.dll
0x00007ffcf3d30000 - 0x00007ffcf3dd7000 	C:\WINDOWS\System32\sechost.dll
0x00007ffcf3a30000 - 0x00007ffcf3b48000 	C:\WINDOWS\System32\RPCRT4.dll
0x00007ffcf2ed0000 - 0x00007ffcf2f50000 	C:\WINDOWS\System32\WS2_32.dll
0x00007ffcf0e30000 - 0x00007ffcf0e8e000 	C:\WINDOWS\SYSTEM32\POWRPROF.dll
0x00007ffce9280000 - 0x00007ffce92b6000 	C:\WINDOWS\SYSTEM32\WINMM.dll
0x00007ffce98d0000 - 0x00007ffce98db000 	C:\WINDOWS\SYSTEM32\VERSION.dll
0x00007ffcf0e10000 - 0x00007ffcf0e24000 	C:\WINDOWS\SYSTEM32\UMPDC.dll
0x00007ffcefd20000 - 0x00007ffcefd3b000 	C:\WINDOWS\SYSTEM32\kernel.appcore.dll
0x00007ffcddfe0000 - 0x00007ffcddfea000 	c:\Users\Lenovo\.antigravity\extensions\redhat.java-1.54.0-win32-x64\jre\21.0.10-win32-x86_64\bin\jimage.dll
0x00007ffcef000000 - 0x00007ffcef242000 	C:\WINDOWS\SYSTEM32\DBGHELP.DLL
0x00007ffcf23f0000 - 0x00007ffcf2773000 	C:\WINDOWS\System32\combase.dll
0x00007ffcf2810000 - 0x00007ffcf28e9000 	C:\WINDOWS\System32\OLEAUT32.dll
0x00007ffce1350000 - 0x00007ffce138b000 	C:\WINDOWS\SYSTEM32\dbgcore.DLL
0x00007ffcf1cf0000 - 0x00007ffcf1d98000 	C:\WINDOWS\System32\bcryptPrimitives.dll
0x00007ffcdd550000 - 0x00007ffcdd55f000 	c:\Users\Lenovo\.antigravity\extensions\redhat.java-1.54.0-win32-x64\jre\21.0.10-win32-x86_64\bin\instrument.dll
0x00007ffc8c240000 - 0x00007ffc8c260000 	c:\Users\Lenovo\.antigravity\extensions\redhat.java-1.54.0-win32-x64\jre\21.0.10-win32-x86_64\bin\java.dll
0x00007ffcf32b0000 - 0x00007ffcf3a1e000 	C:\WINDOWS\System32\SHELL32.dll
0x00007ffcf11c0000 - 0x00007ffcf1a2c000 	C:\WINDOWS\System32\windows.storage.dll
0x00007ffcf31b0000 - 0x00007ffcf32a6000 	C:\WINDOWS\System32\SHCORE.dll
0x00007ffcf2c90000 - 0x00007ffcf2cf6000 	C:\WINDOWS\System32\shlwapi.dll
0x00007ffcf0ef0000 - 0x00007ffcf0f19000 	C:\WINDOWS\SYSTEM32\profapi.dll
0x00007ffc7d1b0000 - 0x00007ffc7d1c8000 	c:\Users\Lenovo\.antigravity\extensions\redhat.java-1.54.0-win32-x64\jre\21.0.10-win32-x86_64\bin\zip.dll
0x00007ffcdb9e0000 - 0x00007ffcdb9f0000 	C:\Users\Lenovo\.antigravity\extensions\redhat.java-1.54.0-win32-x64\jre\21.0.10-win32-x86_64\bin\net.dll
0x00007ffce8990000 - 0x00007ffce8ab9000 	C:\WINDOWS\SYSTEM32\WINHTTP.dll
0x00007ffcf0270000 - 0x00007ffcf02dc000 	C:\WINDOWS\system32\mswsock.dll
0x00007ffc6f900000 - 0x00007ffc6f916000 	C:\Users\Lenovo\.antigravity\extensions\redhat.java-1.54.0-win32-x64\jre\21.0.10-win32-x86_64\bin\nio.dll
0x00007ffcdb570000 - 0x00007ffcdb580000 	c:\Users\Lenovo\.antigravity\extensions\redhat.java-1.54.0-win32-x64\jre\21.0.10-win32-x86_64\bin\verify.dll
0x00007ffc53370000 - 0x00007ffc533b5000 	C:\Users\Lenovo\AppData\Roaming\Antigravity\User\globalStorage\redhat.java\1.54.0\config_win\org.eclipse.equinox.launcher\org.eclipse.equinox.launcher.win32.win32.x86_64_1.3.0.v20260203-2149\eclipse_11919.dll
0x00007ffcf2af0000 - 0x00007ffcf2c87000 	C:\WINDOWS\System32\ole32.dll
0x00007ffcf0670000 - 0x00007ffcf068b000 	C:\WINDOWS\SYSTEM32\CRYPTSP.dll
0x00007ffcefc80000 - 0x00007ffcefcb9000 	C:\WINDOWS\system32\rsaenh.dll
0x00007ffcf0320000 - 0x00007ffcf0353000 	C:\WINDOWS\SYSTEM32\USERENV.dll
0x00007ffcf0ec0000 - 0x00007ffcf0eea000 	C:\WINDOWS\SYSTEM32\bcrypt.dll
0x00007ffcf04d0000 - 0x00007ffcf04dc000 	C:\WINDOWS\SYSTEM32\CRYPTBASE.dll
0x00007ffcef710000 - 0x00007ffcef742000 	C:\WINDOWS\SYSTEM32\IPHLPAPI.DLL
0x00007ffcf3d20000 - 0x00007ffcf3d2a000 	C:\WINDOWS\System32\NSI.dll
0x00007ffc6a8e0000 - 0x00007ffc6a929000 	C:\Users\Lenovo\AppData\Local\Temp\jna--2022488749\jna6622898969803069761.dll
0x00007ffcf2a20000 - 0x00007ffcf2a28000 	C:\WINDOWS\System32\PSAPI.DLL
0x00007ffce8f70000 - 0x00007ffce8f8d000 	C:\WINDOWS\SYSTEM32\dhcpcsvc6.DLL
0x00007ffce87a0000 - 0x00007ffce87c5000 	C:\WINDOWS\SYSTEM32\dhcpcsvc.DLL

JVMTI agents:
c:\Users\Lenovo\.antigravity\extensions\redhat.java-1.54.0-win32-x64\lombok\lombok-1.18.39-4050.jar path:c:\Users\Lenovo\.antigravity\extensions\redhat.java-1.54.0-win32-x64\jre\21.0.10-win32-x86_64\bin\instrument.dll, loaded, initialized, instrumentlib options:none

dbghelp: loaded successfully - version: 4.0.5 - missing functions: none
symbol engine: initialized successfully - sym options: 0x614 - pdb path: .;c:\Users\Lenovo\.antigravity\extensions\redhat.java-1.54.0-win32-x64\jre\21.0.10-win32-x86_64\bin;C:\WINDOWS\SYSTEM32;C:\WINDOWS\WinSxS\amd64_microsoft.windows.common-controls_6595b64144ccf1df_6.0.26100.8457_none_3e0b2faee331e92d;c:\Users\Lenovo\.antigravity\extensions\redhat.java-1.54.0-win32-x64\jre\21.0.10-win32-x86_64\bin\server;C:\Users\Lenovo\AppData\Roaming\Antigravity\User\globalStorage\redhat.java\1.54.0\config_win\org.eclipse.equinox.launcher\org.eclipse.equinox.launcher.win32.win32.x86_64_1.3.0.v20260203-2149;C:\Users\Lenovo\AppData\Local\Temp\jna--2022488749

VM Arguments:
jvm_args: --add-modules=ALL-SYSTEM --add-opens=java.base/java.util=ALL-UNNAMED --add-opens=java.base/java.lang=ALL-UNNAMED --add-opens=java.base/sun.nio.fs=ALL-UNNAMED -Declipse.application=org.eclipse.jdt.ls.core.id1 -Dosgi.bundles.defaultStartLevel=4 -Declipse.product=org.eclipse.jdt.ls.core.product -Djava.import.generatesMetadataFilesAtProjectRoot=false -DDetectVMInstallationsJob.disabled=true -Dfile.encoding=utf8 -XX:+UseParallelGC -XX:GCTimeRatio=4 -XX:AdaptiveSizePolicyWeight=90 -Dsun.zip.disableMemoryMapping=true -Xmx2G -Xms100m -Xlog:disable -javaagent:c:\Users\Lenovo\.antigravity\extensions\redhat.java-1.54.0-win32-x64\lombok\lombok-1.18.39-4050.jar -XX:+HeapDumpOnOutOfMemoryError -XX:HeapDumpPath=c:\Users\Lenovo\AppData\Roaming\Antigravity\User\workspaceStorage\7b91c9ffe78d95e04e4e5c35b330cd4b\redhat.java -Daether.dependencyCollector.impl=bf 
java_command: c:\Users\Lenovo\.antigravity\extensions\redhat.java-1.54.0-win32-x64\server\plugins\org.eclipse.equinox.launcher_1.7.100.v20251111-0406.jar -configuration c:\Users\Lenovo\AppData\Roaming\Antigravity\User\globalStorage\redhat.java\1.54.0\config_win -data c:\Users\Lenovo\AppData\Roaming\Antigravity\User\workspaceStorage\7b91c9ffe78d95e04e4e5c35b330cd4b\redhat.java\jdt_ws --pipe=\\.\pipe\lsp-cb1392b0b564f5dc66f3001bc268b046-sock
java_class_path (initial): c:\Users\Lenovo\.antigravity\extensions\redhat.java-1.54.0-win32-x64\server\plugins\org.eclipse.equinox.launcher_1.7.100.v20251111-0406.jar
Launcher Type: SUN_STANDARD

[Global flags]
    uintx AdaptiveSizePolicyWeight                 = 90                                        {product} {command line}
     intx CICompilerCount                          = 4                                         {product} {ergonomic}
    uintx GCTimeRatio                              = 4                                         {product} {command line}
     bool HeapDumpOnOutOfMemoryError               = true                                   {manageable} {command line}
    ccstr HeapDumpPath                             = c:\Users\Lenovo\AppData\Roaming\Antigravity\User\workspaceStorage\7b91c9ffe78d95e04e4e5c35b330cd4b\redhat.java         {manageable} {command line}
   size_t InitialHeapSize                          = 104857600                                 {product} {command line}
   size_t MaxHeapSize                              = 2147483648                                {product} {command line}
   size_t MaxNewSize                               = 715653120                                 {product} {ergonomic}
   size_t MinHeapDeltaBytes                        = 524288                                    {product} {ergonomic}
   size_t MinHeapSize                              = 104857600                                 {product} {command line}
   size_t NewSize                                  = 34603008                                  {product} {ergonomic}
    uintx NonNMethodCodeHeapSize                   = 5839372                                {pd product} {ergonomic}
    uintx NonProfiledCodeHeapSize                  = 122909434                              {pd product} {ergonomic}
   size_t OldSize                                  = 70254592                                  {product} {ergonomic}
    uintx ProfiledCodeHeapSize                     = 122909434                              {pd product} {ergonomic}
    uintx ReservedCodeCacheSize                    = 251658240                              {pd product} {ergonomic}
     bool SegmentedCodeCache                       = true                                      {product} {ergonomic}
   size_t SoftMaxHeapSize                          = 2147483648                             {manageable} {ergonomic}
     bool UseCompressedOops                        = true                           {product lp64_product} {ergonomic}
     bool UseLargePagesIndividualAllocation        = false                                  {pd product} {ergonomic}
     bool UseParallelGC                            = true                                      {product} {command line}

Logging:
Log output configuration:
 #0: stdout all=off uptime,level,tags foldmultilines=false
 #1: stderr all=off uptime,level,tags foldmultilines=false

Release file:
JAVA_VERSION="21.0.10" 
MODULES="java.base java.compiler java.datatransfer java.xml java.prefs java.desktop java.instrument java.logging java.management java.security.sasl java.naming java.rmi java.management.rmi java.net.http java.scripting java.security.jgss java.transaction.xa java.sql java.sql.rowset java.xml.crypto java.se java.smartcardio jdk.accessibility jdk.internal.jvmstat jdk.attach jdk.charsets jdk.internal.opt jdk.zipfs jdk.compiler jdk.crypto.ec jdk.crypto.cryptoki jdk.crypto.mscapi jdk.dynalink jdk.internal.ed jdk.editpad jdk.hotspot.agent jdk.httpserver jdk.internal.le jdk.internal.vm.ci jdk.internal.vm.compiler jdk.internal.vm.compiler.management jdk.jartool jdk.javadoc jdk.jcmd jdk.management jdk.management.agent jdk.jconsole jdk.jdeps jdk.jdwp.agent jdk.jdi jdk.jfr jdk.jshell jdk.jsobject jdk.jstatd jdk.localedata jdk.management.jfr jdk.naming.dns jdk.naming.rmi jdk.net jdk.nio.mapmode jdk.random jdk.sctp jdk.security.auth jdk.security.jgss jdk.unsupported jdk.unsupported.desktop jdk.xml.dom" 

Environment Variables:
JAVA_HOME=C:\Program Files\Java\jdk-16.0.2\bin
PATH=C:\Program Files\Common Files\Oracle\Java\javapath;D:\Oracle\DevSuiteHome_1\jdk\jre\bin\classic;D:\Oracle\DevSuiteHome_1\jdk\jre\bin;D:\Oracle\DevSuiteHome_1\jdk\jre\bin\client;D:\Oracle\DevSuiteHome_1\jlib;D:\Oracle\DevSuiteHome_1\bin;D:\Oracle\DevSuiteHome_1\jre\1.4.2\bin\client;D:\Oracle\DevSuiteHome_1\jre\1.4.2\bin;C:\app\client\Lenovo\product\12.1.0\client_1;C:\app\client\Lenovo\product\12.1.0\client_1\bin;C:\WINDOWS\system32;C:\WINDOWS;C:\WINDOWS\System32\Wbem;C:\WINDOWS\System32\WindowsPowerShell\v1.0\;C:\WINDOWS\System32\OpenSSH\;C:\Program Files (x86)\Microsoft SQL Server\130\DTS\Binn\;C:\Program Files\Microsoft SQL Server\130\DTS\Binn\;C:\Program Files (x86)\Microsoft SQL Server\130\Tools\Binn\;C:\Program Files\Microsoft SQL Server\130\Tools\Binn\;C:\Program Files (x86)\Microsoft SQL Server\160\DTS\Binn\;C:\Program Files\dotnet\;C:\Program Files\Microsoft SQL Server\150\Tools\Binn\;C:\Program Files\Microsoft SQL Server\Client SDK\ODBC\170\Tools\Binn\;C:\Program Files\Microsoft SQL Server\Client SDK\ODBC\130\Tools\Binn\;C:\Program Files\Java\jdk-16.0.2\bin;C:\Program Files (x86)\Windows Kits\10\Windows Performance Toolkit\;C:\Program Files\Docker\Docker\resources\bin;C:\Program Files\Git\cmd;D:\Program Files\cursor\resources\app\bin;C:\Program Files\Microsoft SQL Server\170\Tools\Binn\;C:\Program Files\Pandoc\;D:\Program Files\nodejs\;C:\php;C:\ProgramData\ComposerSetup\bin;C:\Users\Lenovo\AppData\Local\Microsoft\WindowsApps;C:\Program Files\Azure Data Studio\bin;C:\Users\Lenovo\.dotnet\tools;C:\Users\Lenovo\go\bin;D:\Programs\Microsoft VS Code\bin;C:\Users\Lenovo\AppData\Local\Programs\Antigravity\bin;C:\Users\Lenovo\AppData\Local\Python\bin;D:\Users\Lenovo\AppData\Local\Programs\Windsurf\bin;D:\Users\Lenovo\AppData\Local\Programs\Kiro\bin;C:\Users\Lenovo\AppData\Roaming\npm;C:\Users\Lenovo\AppData\Local\GitHubDesktop\bin;C:\Users\Lenovo\AppData\Roaming\Composer\vendor\bin;D:\Users\Lenovo\AppData\Local\Programs\cursor\resources\app\bin
USERNAME=Lenovo
OS=Windows_NT
PROCESSOR_IDENTIFIER=AMD64 Family 23 Model 104 Stepping 1, AuthenticAMD
TMP=C:\Users\Lenovo\AppData\Local\Temp
TEMP=C:\Users\Lenovo\AppData\Local\Temp




Periodic native trim disabled

---------------  S Y S T E M  ---------------

OS:
 Windows 11 , 64 bit Build 26100 (10.0.26100.8328)
OS uptime: 8 days 22:18 hours
Hyper-V role detected

CPU: total 12 (initial active 12) (12 cores per cpu, 2 threads per core) family 23 model 104 stepping 1 microcode 0x8608103, cx8, cmov, fxsr, ht, mmx, 3dnowpref, sse, sse2, sse3, ssse3, sse4a, sse4.1, sse4.2, popcnt, lzcnt, tsc, tscinvbit, avx, avx2, aes, clmul, bmi1, bmi2, adx, sha, fma, vzeroupper, clflush, clflushopt, hv, rdtscp, rdpid, f16c
Processor Information for the first 12 processors :
  Max Mhz: 2100, Current Mhz: 1893, Mhz Limit: 2100

Memory: 4k page, system-wide physical 15178M (987M free)
TotalPageFile size 32205M (AvailPageFile size 17M)
current process WorkingSet (physical memory assigned to process): 218M, peak: 218M
current process commit charge ("private bytes"): 345M, peak: 347M

vm_info: OpenJDK 64-Bit Server VM (21.0.10+7-LTS) for windows-amd64 JRE (21.0.10+7-LTS), built on 2026-01-20T00:00:00Z by "admin" with MS VC++ 17.12 (VS2022)

END.
