#
# There is insufficient memory for the Java Runtime Environment to continue.
# Native memory allocation (malloc) failed to allocate 1138256 bytes. Error detail: Chunk::new
# Possible reasons:
#   The system is out of physical RAM or swap space
#   This process is running with CompressedOops enabled, and the Java Heap may be blocking the growth of the native heap
# Possible solutions:
#   Reduce memory load on the system
#   Increase physical memory or swap space
#   Check if swap backing store is full
#   Decrease Java heap size (-Xmx/-Xms)
#   Decrease number of Java threads
#   Decrease Java thread stack sizes (-Xss)
#   Set larger code cache with -XX:ReservedCodeCacheSize=
#   JVM is running with Unscaled Compressed Oops mode in which the Java heap is
#     placed in the first 4GB address space. The Java Heap base address is the
#     maximum limit for the native heap growth. Please use -XX:HeapBaseMinAddress
#     to set the Java Heap base and to place the Java Heap above 4GB virtual address.
# This output file may be truncated or incomplete.
#
#  Out of Memory Error (arena.cpp:168), pid=47976, tid=49328
#
# JRE version: OpenJDK Runtime Environment Temurin-21.0.10+7 (21.0.10+7) (build 21.0.10+7-LTS)
# Java VM: OpenJDK 64-Bit Server VM Temurin-21.0.10+7 (21.0.10+7-LTS, mixed mode, sharing, tiered, compressed oops, compressed class ptrs, parallel gc, windows-amd64)
# No core dump will be written. Minidumps are not enabled by default on client versions of Windows
#

---------------  S U M M A R Y ------------

Command Line: --add-modules=ALL-SYSTEM --add-opens=java.base/java.util=ALL-UNNAMED --add-opens=java.base/java.lang=ALL-UNNAMED --add-opens=java.base/sun.nio.fs=ALL-UNNAMED -Declipse.application=org.eclipse.jdt.ls.core.id1 -Dosgi.bundles.defaultStartLevel=4 -Declipse.product=org.eclipse.jdt.ls.core.product -Djava.import.generatesMetadataFilesAtProjectRoot=false -DDetectVMInstallationsJob.disabled=true -Dfile.encoding=utf8 -XX:+UseParallelGC -XX:GCTimeRatio=4 -XX:AdaptiveSizePolicyWeight=90 -Dsun.zip.disableMemoryMapping=true -Xmx2G -Xms100m -Xlog:disable -javaagent:c:\Users\Lenovo\.antigravity\extensions\redhat.java-1.54.0-win32-x64\lombok\lombok-1.18.39-4050.jar c:\Users\Lenovo\.antigravity\extensions\redhat.java-1.54.0-win32-x64\server\plugins\org.eclipse.equinox.launcher_1.7.100.v20251111-0406.jar -configuration c:\Users\Lenovo\AppData\Roaming\Antigravity\User\globalStorage\redhat.java\1.54.0\config_ss_win -data c:\Users\Lenovo\AppData\Roaming\Antigravity\User\workspaceStorage\9a1e82f97720862a29f2ec23e4934ce5\redhat.java\ss_ws --pipe=\\.\pipe\lsp-4217592dbfa0e8f544891fa5c37905f3-sock

Host: AMD Ryzen 5 5500U with Radeon Graphics         , 12 cores, 14G,  Windows 11 , 64 bit Build 26100 (10.0.26100.8328)
Time: Thu Jun 11 13:41:55 2026 SE Asia Standard Time elapsed time: 14.328537 seconds (0d 0h 0m 14s)

---------------  T H R E A D  ---------------

Current thread (0x00000253ab1eef60):  JavaThread "C2 CompilerThread0" daemon [_thread_in_native, id=49328, stack(0x000000e8fa200000,0x000000e8fa300000) (1024K)]


Current CompileTask:
C2:14328 2632       4       org.lombokweb.asm.ClassReader::readMethod (1070 bytes)

Stack: [0x000000e8fa200000,0x000000e8fa300000]
Native frames: (J=compiled Java code, j=interpreted, Vv=VM code, C=native code)
V  [jvm.dll+0x6d7a39]
V  [jvm.dll+0x8b4b26]
V  [jvm.dll+0x8b70de]
V  [jvm.dll+0x8b77c3]
V  [jvm.dll+0x284346]
V  [jvm.dll+0xc66ed]
V  [jvm.dll+0xc6c31]
V  [jvm.dll+0x3bec01]
V  [jvm.dll+0x38b162]
V  [jvm.dll+0x38a5aa]
V  [jvm.dll+0x24c560]
V  [jvm.dll+0x24bb40]
V  [jvm.dll+0x1cb34e]
V  [jvm.dll+0x25b85d]
V  [jvm.dll+0x259dea]
V  [jvm.dll+0x3f857e]
V  [jvm.dll+0x85f59d]
V  [jvm.dll+0x6d626d]
C  [ucrtbase.dll+0x37b0]
C  [KERNEL32.DLL+0x2e957]
C  [ntdll.dll+0x427c]


---------------  P R O C E S S  ---------------

Threads class SMR info:
_java_thread_list=0x00000254097514a0, length=18, elements={
0x00000253ab13d2b0, 0x00000253ab0ee420, 0x00000253ab1e5e10, 0x00000253ab1e8b60,
0x00000253ab1eac50, 0x00000253ab1eb6b0, 0x00000253ab1ec110, 0x00000253ab1eef60,
0x00000253ab1fe870, 0x00000254040eccc0, 0x00000254041a7bd0, 0x0000025409651900,
0x00000254097156b0, 0x000002540916b290, 0x00000254042230d0, 0x00000254041cbf00,
0x00000254092fa100, 0x00000254096d64f0
}

Java Threads: ( => current thread )
  0x00000253ab13d2b0 JavaThread "main"                              [_thread_blocked, id=30212, stack(0x000000e8f9800000,0x000000e8f9900000) (1024K)]
  0x00000253ab0ee420 JavaThread "Reference Handler"          daemon [_thread_blocked, id=48844, stack(0x000000e8f9c00000,0x000000e8f9d00000) (1024K)]
  0x00000253ab1e5e10 JavaThread "Finalizer"                  daemon [_thread_blocked, id=18180, stack(0x000000e8f9d00000,0x000000e8f9e00000) (1024K)]
  0x00000253ab1e8b60 JavaThread "Signal Dispatcher"          daemon [_thread_blocked, id=7812, stack(0x000000e8f9e00000,0x000000e8f9f00000) (1024K)]
  0x00000253ab1eac50 JavaThread "Attach Listener"            daemon [_thread_blocked, id=14100, stack(0x000000e8f9f00000,0x000000e8fa000000) (1024K)]
  0x00000253ab1eb6b0 JavaThread "Service Thread"             daemon [_thread_blocked, id=38984, stack(0x000000e8fa000000,0x000000e8fa100000) (1024K)]
  0x00000253ab1ec110 JavaThread "Monitor Deflation Thread"   daemon [_thread_blocked, id=48372, stack(0x000000e8fa100000,0x000000e8fa200000) (1024K)]
=>0x00000253ab1eef60 JavaThread "C2 CompilerThread0"         daemon [_thread_in_native, id=49328, stack(0x000000e8fa200000,0x000000e8fa300000) (1024K)]
  0x00000253ab1fe870 JavaThread "C1 CompilerThread0"         daemon [_thread_blocked, id=48232, stack(0x000000e8fa300000,0x000000e8fa400000) (1024K)]
  0x00000254040eccc0 JavaThread "Common-Cleaner"             daemon [_thread_blocked, id=30048, stack(0x000000e8fa400000,0x000000e8fa500000) (1024K)]
  0x00000254041a7bd0 JavaThread "Notification Thread"        daemon [_thread_blocked, id=28068, stack(0x000000e8fa500000,0x000000e8fa600000) (1024K)]
  0x0000025409651900 JavaThread "Active Thread: Equinox Container: aa7027ce-ebda-4f89-9218-3b5fecf16e18"        [_thread_blocked, id=43800, stack(0x000000e8fae00000,0x000000e8faf00000) (1024K)]
  0x00000254097156b0 JavaThread "Framework Event Dispatcher: Equinox Container: aa7027ce-ebda-4f89-9218-3b5fecf16e18" daemon [_thread_blocked, id=39840, stack(0x000000e8fad00000,0x000000e8fae00000) (1024K)]
  0x000002540916b290 JavaThread "Start Level: Equinox Container: aa7027ce-ebda-4f89-9218-3b5fecf16e18" daemon [_thread_in_vm, id=48648, stack(0x000000e8faf00000,0x000000e8fb000000) (1024K)]
  0x00000254042230d0 JavaThread "SCR Component Actor"        daemon [_thread_blocked, id=34384, stack(0x000000e8fb000000,0x000000e8fb100000) (1024K)]
  0x00000254041cbf00 JavaThread "Worker-JM"                         [_thread_blocked, id=37168, stack(0x000000e8fb100000,0x000000e8fb200000) (1024K)]
  0x00000254092fa100 JavaThread "Worker-0"                          [_thread_blocked, id=40820, stack(0x000000e8fb400000,0x000000e8fb500000) (1024K)]
  0x00000254096d64f0 JavaThread "Worker-1"                          [_thread_blocked, id=45392, stack(0x000000e8fb500000,0x000000e8fb600000) (1024K)]
Total: 18

Other Threads:
  0x00000253ab0d2450 VMThread "VM Thread"                           [id=48436, stack(0x000000e8f9b00000,0x000000e8f9c00000) (1024K)]
  0x00000253aafcba00 WatcherThread "VM Periodic Task Thread"        [id=25708, stack(0x000000e8f9a00000,0x000000e8f9b00000) (1024K)]
  0x00000253ab15afb0 WorkerThread "GC Thread#0"                     [id=31132, stack(0x000000e8f9900000,0x000000e8f9a00000) (1024K)]
  0x000002540419ce30 WorkerThread "GC Thread#1"                     [id=48656, stack(0x000000e8fa700000,0x000000e8fa800000) (1024K)]
  0x000002540419d1e0 WorkerThread "GC Thread#2"                     [id=42452, stack(0x000000e8fa800000,0x000000e8fa900000) (1024K)]
  0x000002540419d590 WorkerThread "GC Thread#3"                     [id=32912, stack(0x000000e8fa900000,0x000000e8faa00000) (1024K)]
  0x000002540419d940 WorkerThread "GC Thread#4"                     [id=46404, stack(0x000000e8faa00000,0x000000e8fab00000) (1024K)]
  0x000002540419dcf0 WorkerThread "GC Thread#5"                     [id=43688, stack(0x000000e8fab00000,0x000000e8fac00000) (1024K)]
  0x000002540419c320 WorkerThread "GC Thread#6"                     [id=47628, stack(0x000000e8fac00000,0x000000e8fad00000) (1024K)]
  0x000002540404d6d0 WorkerThread "GC Thread#7"                     [id=40180, stack(0x000000e8fa600000,0x000000e8fa700000) (1024K)]
  0x000002540404b1f0 WorkerThread "GC Thread#8"                     [id=24280, stack(0x000000e8fb200000,0x000000e8fb300000) (1024K)]
  0x000002540404cbc0 WorkerThread "GC Thread#9"                     [id=23000, stack(0x000000e8fb300000,0x000000e8fb400000) (1024K)]
Total: 12

Threads with active compile tasks:
C2 CompilerThread0  14398 2632       4       org.lombokweb.asm.ClassReader::readMethod (1070 bytes)
Total: 1

VM state: not at safepoint (normal execution)

VM Mutex/Monitor currently owned by a thread: None

Heap address: 0x0000000080000000, size: 2048 MB, Compressed Oops mode: 32-bit

CDS archive(s) mapped at: [0x00000253c2000000-0x00000253c2ba0000-0x00000253c2ba0000), size 12189696, SharedBaseAddress: 0x00000253c2000000, ArchiveRelocationMode: 1.
Compressed class space mapped at: 0x00000253c3000000-0x0000025403000000, reserved size: 1073741824
Narrow klass base: 0x00000253c2000000, Narrow klass shift: 0, Narrow klass range: 0x100000000

GC Precious Log:
 CardTable entry size: 512
 CPUs: 12 total, 12 available
 Memory: 15178M
 Large Page Support: Disabled
 NUMA Support: Disabled
 Compressed Oops: Enabled (32-bit)
 Alignments: Space 512K, Generation 512K, Heap 2M
 Heap Min Capacity: 100M
 Heap Initial Capacity: 100M
 Heap Max Capacity: 2G
 Pre-touch: Disabled
 Parallel Workers: 10

Heap:
 PSYoungGen      total 29184K, used 16589K [0x00000000d5580000, 0x00000000d7900000, 0x0000000100000000)
  eden space 25088K, 49% used [0x00000000d5580000,0x00000000d61bb568,0x00000000d6e00000)
  from space 4096K, 99% used [0x00000000d6e80000,0x00000000d72781a0,0x00000000d7280000)
  to   space 5632K, 0% used [0x00000000d7380000,0x00000000d7380000,0x00000000d7900000)
 ParOldGen       total 68608K, used 6088K [0x0000000080000000, 0x0000000084300000, 0x00000000d5580000)
  object space 68608K, 8% used [0x0000000080000000,0x00000000805f2288,0x0000000084300000)
 Metaspace       used 20572K, committed 21184K, reserved 1114112K
  class space    used 1990K, committed 2240K, reserved 1048576K

Card table byte_map: [0x00000253aaae0000,0x00000253aaef0000] _byte_map_base: 0x00000253aa6e0000

Marking Bits: (ParMarkBitMap*) 0x00007ffc08ef3450
 Begin Bits: [0x00000253bd5f0000, 0x00000253bf5f0000)
 End Bits:   [0x00000253bf5f0000, 0x00000253c15f0000)

Polling page: 0x00000253a8d20000

Metaspace:

Usage:
  Non-class:     18.15 MB used.
      Class:      1.94 MB used.
       Both:     20.09 MB used.

Virtual space:
  Non-class space:       64.00 MB reserved,      18.50 MB ( 29%) committed,  1 nodes.
      Class space:        1.00 GB reserved,       2.19 MB ( <1%) committed,  1 nodes.
             Both:        1.06 GB reserved,      20.69 MB (  2%) committed. 

Chunk freelists:
   Non-Class:  12.78 MB
       Class:  13.63 MB
        Both:  26.41 MB

MaxMetaspaceSize: unlimited
CompressedClassSpaceSize: 1.00 GB
Initial GC threshold: 21.00 MB
Current GC threshold: 21.00 MB
CDS: on
 - commit_granule_bytes: 65536.
 - commit_granule_words: 8192.
 - virtual_space_node_default_size: 8388608.
 - enlarge_chunks_in_place: 1.
 - use_allocation_guard: 0.


Internal statistics:

num_allocs_failed_limit: 0.
num_arena_births: 450.
num_arena_deaths: 0.
num_vsnodes_births: 2.
num_vsnodes_deaths: 0.
num_space_committed: 331.
num_space_uncommitted: 0.
num_chunks_returned_to_freelist: 0.
num_chunks_taken_from_freelist: 1197.
num_chunk_merges: 0.
num_chunk_splits: 787.
num_chunks_enlarged: 525.
num_inconsistent_stats: 0.

CodeHeap 'non-profiled nmethods': size=120000Kb used=1120Kb max_used=1120Kb free=118880Kb
 bounds [0x00000253b5e10000, 0x00000253b6080000, 0x00000253bd340000]
CodeHeap 'profiled nmethods': size=120000Kb used=5242Kb max_used=5242Kb free=114758Kb
 bounds [0x00000253ae340000, 0x00000253ae860000, 0x00000253b5870000]
CodeHeap 'non-nmethods': size=5760Kb used=1303Kb max_used=1306Kb free=4456Kb
 bounds [0x00000253b5870000, 0x00000253b5ae0000, 0x00000253b5e10000]
CodeCache: size=245760Kb, used=7665Kb, max_used=7668Kb, free=238094Kb
 total_blobs=3257, nmethods=2673, adapters=490, full_count=0
Compilation: enabled, stopped_count=0, restarted_count=0

Compilation events (20 events):
Event: 14.058 Thread 0x00000253ab1fe870 2669   !   3       org.eclipse.core.internal.preferences.EclipsePreferences::getOrCreate (108 bytes)
Event: 14.059 Thread 0x00000253ab1fe870 nmethod 2669 0x00000253ae857b10 code [0x00000253ae857d60, 0x00000253ae858820]
Event: 14.062 Thread 0x00000253ab1fe870 2670       3       org.eclipse.core.internal.preferences.DefaultPreferences::getLoadLevel (52 bytes)
Event: 14.063 Thread 0x00000253ab1fe870 nmethod 2670 0x00000253ae858c10 code [0x00000253ae858e00, 0x00000253ae859450]
Event: 14.063 Thread 0x00000253ab1fe870 2671       3       org.eclipse.core.internal.preferences.DefaultPreferences::getScopeRelativePath (43 bytes)
Event: 14.064 Thread 0x00000253ab1fe870 nmethod 2671 0x00000253ae859690 code [0x00000253ae8598a0, 0x00000253ae859e58]
Event: 14.064 Thread 0x00000253ab1fe870 2672       3       org.eclipse.core.internal.preferences.DefaultPreferences::internalPut (66 bytes)
Event: 14.065 Thread 0x00000253ab1fe870 nmethod 2672 0x00000253ae85a090 code [0x00000253ae85a300, 0x00000253ae85ad38]
Event: 14.065 Thread 0x00000253ab1fe870 2673       3       org.eclipse.core.internal.preferences.DefaultPreferences::isInitializingBundleDefaults (33 bytes)
Event: 14.065 Thread 0x00000253ab1fe870 nmethod 2673 0x00000253ae85b110 code [0x00000253ae85b2e0, 0x00000253ae85b6e8]
Event: 14.067 Thread 0x00000253ab1fe870 2674       3       org.eclipse.core.internal.preferences.RootPreferences::getNode (135 bytes)
Event: 14.069 Thread 0x00000253ab1fe870 nmethod 2674 0x00000253ae85b810 code [0x00000253ae85bb60, 0x00000253ae85cf00]
Event: 14.103 Thread 0x00000253ab1fe870 2675       3       org.eclipse.core.internal.preferences.PreferencesService::getDefault (20 bytes)
Event: 14.104 Thread 0x00000253ab1fe870 nmethod 2675 0x00000253ae85d610 code [0x00000253ae85d7c0, 0x00000253ae85d9b8]
Event: 14.108 Thread 0x00000253ab1fe870 2676       3       org.eclipse.core.internal.registry.Handle::<init> (15 bytes)
Event: 14.109 Thread 0x00000253ab1fe870 nmethod 2676 0x00000253ae85da90 code [0x00000253ae85dc40, 0x00000253ae85ddc8]
Event: 14.132 Thread 0x00000253ab1fe870 2677       3       java.lang.reflect.Field::checkAccess (32 bytes)
Event: 14.133 Thread 0x00000253ab1fe870 nmethod 2677 0x00000253ae85de90 code [0x00000253ae85e060, 0x00000253ae85e2e0]
Event: 14.185 Thread 0x00000253ab1fe870 2678       3       java.lang.reflect.Field::getFieldAccessor (18 bytes)
Event: 14.185 Thread 0x00000253ab1fe870 nmethod 2678 0x00000253ae85e410 code [0x00000253ae85e5c0, 0x00000253ae85e748]

GC Heap History (10 events):
Event: 5.296 GC heap before
{Heap before GC invocations=1 (full 0):
 PSYoungGen      total 29696K, used 25600K [0x00000000d5580000, 0x00000000d7680000, 0x0000000100000000)
  eden space 25600K, 100% used [0x00000000d5580000,0x00000000d6e80000,0x00000000d6e80000)
  from space 4096K, 0% used [0x00000000d7280000,0x00000000d7280000,0x00000000d7680000)
  to   space 4096K, 0% used [0x00000000d6e80000,0x00000000d6e80000,0x00000000d7280000)
 ParOldGen       total 68608K, used 0K [0x0000000080000000, 0x0000000084300000, 0x00000000d5580000)
  object space 68608K, 0% used [0x0000000080000000,0x0000000080000000,0x0000000084300000)
 Metaspace       used 4373K, committed 4608K, reserved 1114112K
  class space    used 474K, committed 576K, reserved 1048576K
}
Event: 5.338 GC heap after
{Heap after GC invocations=1 (full 0):
 PSYoungGen      total 29696K, used 3271K [0x00000000d5580000, 0x00000000d7680000, 0x0000000100000000)
  eden space 25600K, 0% used [0x00000000d5580000,0x00000000d5580000,0x00000000d6e80000)
  from space 4096K, 79% used [0x00000000d6e80000,0x00000000d71b1e98,0x00000000d7280000)
  to   space 4096K, 0% used [0x00000000d7280000,0x00000000d7280000,0x00000000d7680000)
 ParOldGen       total 68608K, used 0K [0x0000000080000000, 0x0000000084300000, 0x00000000d5580000)
  object space 68608K, 0% used [0x0000000080000000,0x0000000080000000,0x0000000084300000)
 Metaspace       used 4373K, committed 4608K, reserved 1114112K
  class space    used 474K, committed 576K, reserved 1048576K
}
Event: 8.702 GC heap before
{Heap before GC invocations=2 (full 0):
 PSYoungGen      total 29696K, used 28871K [0x00000000d5580000, 0x00000000d7680000, 0x0000000100000000)
  eden space 25600K, 100% used [0x00000000d5580000,0x00000000d6e80000,0x00000000d6e80000)
  from space 4096K, 79% used [0x00000000d6e80000,0x00000000d71b1e98,0x00000000d7280000)
  to   space 4096K, 0% used [0x00000000d7280000,0x00000000d7280000,0x00000000d7680000)
 ParOldGen       total 68608K, used 0K [0x0000000080000000, 0x0000000084300000, 0x00000000d5580000)
  object space 68608K, 0% used [0x0000000080000000,0x0000000080000000,0x0000000084300000)
 Metaspace       used 8126K, committed 8448K, reserved 1114112K
  class space    used 860K, committed 960K, reserved 1048576K
}
Event: 8.712 GC heap after
{Heap after GC invocations=2 (full 0):
 PSYoungGen      total 29696K, used 4086K [0x00000000d5580000, 0x00000000d7680000, 0x0000000100000000)
  eden space 25600K, 0% used [0x00000000d5580000,0x00000000d5580000,0x00000000d6e80000)
  from space 4096K, 99% used [0x00000000d7280000,0x00000000d767d810,0x00000000d7680000)
  to   space 4096K, 0% used [0x00000000d6e80000,0x00000000d6e80000,0x00000000d7280000)
 ParOldGen       total 68608K, used 1119K [0x0000000080000000, 0x0000000084300000, 0x00000000d5580000)
  object space 68608K, 1% used [0x0000000080000000,0x0000000080117eb8,0x0000000084300000)
 Metaspace       used 8126K, committed 8448K, reserved 1114112K
  class space    used 860K, committed 960K, reserved 1048576K
}
Event: 11.123 GC heap before
{Heap before GC invocations=3 (full 0):
 PSYoungGen      total 29696K, used 29686K [0x00000000d5580000, 0x00000000d7680000, 0x0000000100000000)
  eden space 25600K, 100% used [0x00000000d5580000,0x00000000d6e80000,0x00000000d6e80000)
  from space 4096K, 99% used [0x00000000d7280000,0x00000000d767d810,0x00000000d7680000)
  to   space 4096K, 0% used [0x00000000d6e80000,0x00000000d6e80000,0x00000000d7280000)
 ParOldGen       total 68608K, used 1119K [0x0000000080000000, 0x0000000084300000, 0x00000000d5580000)
  object space 68608K, 1% used [0x0000000080000000,0x0000000080117eb8,0x0000000084300000)
 Metaspace       used 12964K, committed 13440K, reserved 1114112K
  class space    used 1370K, committed 1600K, reserved 1048576K
}
Event: 11.131 GC heap after
{Heap after GC invocations=3 (full 0):
 PSYoungGen      total 29696K, used 4094K [0x00000000d5580000, 0x00000000d7680000, 0x0000000100000000)
  eden space 25600K, 0% used [0x00000000d5580000,0x00000000d5580000,0x00000000d6e80000)
  from space 4096K, 99% used [0x00000000d6e80000,0x00000000d727f930,0x00000000d7280000)
  to   space 4096K, 0% used [0x00000000d7280000,0x00000000d7280000,0x00000000d7680000)
 ParOldGen       total 68608K, used 2869K [0x0000000080000000, 0x0000000084300000, 0x00000000d5580000)
  object space 68608K, 4% used [0x0000000080000000,0x00000000802cd728,0x0000000084300000)
 Metaspace       used 12964K, committed 13440K, reserved 1114112K
  class space    used 1370K, committed 1600K, reserved 1048576K
}
Event: 12.817 GC heap before
{Heap before GC invocations=4 (full 0):
 PSYoungGen      total 29696K, used 29694K [0x00000000d5580000, 0x00000000d7680000, 0x0000000100000000)
  eden space 25600K, 100% used [0x00000000d5580000,0x00000000d6e80000,0x00000000d6e80000)
  from space 4096K, 99% used [0x00000000d6e80000,0x00000000d727f930,0x00000000d7280000)
  to   space 4096K, 0% used [0x00000000d7280000,0x00000000d7280000,0x00000000d7680000)
 ParOldGen       total 68608K, used 2869K [0x0000000080000000, 0x0000000084300000, 0x00000000d5580000)
  object space 68608K, 4% used [0x0000000080000000,0x00000000802cd728,0x0000000084300000)
 Metaspace       used 16081K, committed 16640K, reserved 1114112K
  class space    used 1674K, committed 1920K, reserved 1048576K
}
Event: 12.823 GC heap after
{Heap after GC invocations=4 (full 0):
 PSYoungGen      total 29696K, used 4090K [0x00000000d5580000, 0x00000000d7680000, 0x0000000100000000)
  eden space 25600K, 0% used [0x00000000d5580000,0x00000000d5580000,0x00000000d6e80000)
  from space 4096K, 99% used [0x00000000d7280000,0x00000000d767e838,0x00000000d7680000)
  to   space 4096K, 0% used [0x00000000d6e80000,0x00000000d6e80000,0x00000000d7280000)
 ParOldGen       total 68608K, used 4961K [0x0000000080000000, 0x0000000084300000, 0x00000000d5580000)
  object space 68608K, 7% used [0x0000000080000000,0x00000000804d8780,0x0000000084300000)
 Metaspace       used 16081K, committed 16640K, reserved 1114112K
  class space    used 1674K, committed 1920K, reserved 1048576K
}
Event: 13.942 GC heap before
{Heap before GC invocations=5 (full 0):
 PSYoungGen      total 29696K, used 29690K [0x00000000d5580000, 0x00000000d7680000, 0x0000000100000000)
  eden space 25600K, 100% used [0x00000000d5580000,0x00000000d6e80000,0x00000000d6e80000)
  from space 4096K, 99% used [0x00000000d7280000,0x00000000d767e838,0x00000000d7680000)
  to   space 4096K, 0% used [0x00000000d6e80000,0x00000000d6e80000,0x00000000d7280000)
 ParOldGen       total 68608K, used 4961K [0x0000000080000000, 0x0000000084300000, 0x00000000d5580000)
  object space 68608K, 7% used [0x0000000080000000,0x00000000804d8780,0x0000000084300000)
 Metaspace       used 20231K, committed 20864K, reserved 1114112K
  class space    used 1977K, committed 2240K, reserved 1048576K
}
Event: 13.951 GC heap after
{Heap after GC invocations=5 (full 0):
 PSYoungGen      total 29184K, used 4064K [0x00000000d5580000, 0x00000000d7900000, 0x0000000100000000)
  eden space 25088K, 0% used [0x00000000d5580000,0x00000000d5580000,0x00000000d6e00000)
  from space 4096K, 99% used [0x00000000d6e80000,0x00000000d72781a0,0x00000000d7280000)
  to   space 5632K, 0% used [0x00000000d7380000,0x00000000d7380000,0x00000000d7900000)
 ParOldGen       total 68608K, used 6088K [0x0000000080000000, 0x0000000084300000, 0x00000000d5580000)
  object space 68608K, 8% used [0x0000000080000000,0x00000000805f2288,0x0000000084300000)
 Metaspace       used 20231K, committed 20864K, reserved 1114112K
  class space    used 1977K, committed 2240K, reserved 1048576K
}

Dll operation events (11 events):
Event: 0.200 Loaded shared library c:\Users\Lenovo\.antigravity\extensions\redhat.java-1.54.0-win32-x64\jre\21.0.10-win32-x86_64\bin\java.dll
Event: 0.637 Loaded shared library c:\Users\Lenovo\.antigravity\extensions\redhat.java-1.54.0-win32-x64\jre\21.0.10-win32-x86_64\bin\zip.dll
Event: 0.732 Loaded shared library C:\Users\Lenovo\.antigravity\extensions\redhat.java-1.54.0-win32-x64\jre\21.0.10-win32-x86_64\bin\instrument.dll
Event: 0.768 Loaded shared library C:\Users\Lenovo\.antigravity\extensions\redhat.java-1.54.0-win32-x64\jre\21.0.10-win32-x86_64\bin\net.dll
Event: 0.840 Loaded shared library C:\Users\Lenovo\.antigravity\extensions\redhat.java-1.54.0-win32-x64\jre\21.0.10-win32-x86_64\bin\nio.dll
Event: 0.851 Loaded shared library C:\Users\Lenovo\.antigravity\extensions\redhat.java-1.54.0-win32-x64\jre\21.0.10-win32-x86_64\bin\zip.dll
Event: 0.919 Loaded shared library C:\Users\Lenovo\.antigravity\extensions\redhat.java-1.54.0-win32-x64\jre\21.0.10-win32-x86_64\bin\jimage.dll
Event: 1.901 Loaded shared library c:\Users\Lenovo\.antigravity\extensions\redhat.java-1.54.0-win32-x64\jre\21.0.10-win32-x86_64\bin\verify.dll
Event: 8.343 Loaded shared library C:\Users\Lenovo\AppData\Roaming\Antigravity\User\globalStorage\redhat.java\1.54.0\config_ss_win\org.eclipse.equinox.launcher\org.eclipse.equinox.launcher.win32.win32.x86_64_1.3.0.v20260203-2149\eclipse_11919.dll
Event: 11.425 Loaded shared library C:\Users\Lenovo\.antigravity\extensions\redhat.java-1.54.0-win32-x64\jre\21.0.10-win32-x86_64\bin\management.dll
Event: 11.437 Loaded shared library C:\Users\Lenovo\.antigravity\extensions\redhat.java-1.54.0-win32-x64\jre\21.0.10-win32-x86_64\bin\management_ext.dll

Deoptimization events (20 events):
Event: 12.467 Thread 0x000002540916b290 Uncommon trap: trap_request=0xffffffde fr.pc=0x00000253b5f0b214 relative=0x00000000000003b4
Event: 12.467 Thread 0x000002540916b290 Uncommon trap: reason=class_check action=maybe_recompile pc=0x00000253b5f0b214 method=java.util.regex.Pattern$BmpCharPropertyGreedy.match(Ljava/util/regex/Matcher;ILjava/lang/CharSequence;)Z @ 70 c2
Event: 12.467 Thread 0x000002540916b290 DEOPT PACKING pc=0x00000253b5f0b214 sp=0x000000e8faff3560
Event: 12.467 Thread 0x000002540916b290 DEOPT UNPACKING pc=0x00000253b58c3aa2 sp=0x000000e8faff3508 mode 2
Event: 12.467 Thread 0x000002540916b290 Uncommon trap: trap_request=0xffffffde fr.pc=0x00000253b5f0b214 relative=0x00000000000003b4
Event: 12.467 Thread 0x000002540916b290 Uncommon trap: reason=class_check action=maybe_recompile pc=0x00000253b5f0b214 method=java.util.regex.Pattern$BmpCharPropertyGreedy.match(Ljava/util/regex/Matcher;ILjava/lang/CharSequence;)Z @ 70 c2
Event: 12.468 Thread 0x000002540916b290 DEOPT PACKING pc=0x00000253b5f0b214 sp=0x000000e8faff33b0
Event: 12.468 Thread 0x000002540916b290 DEOPT UNPACKING pc=0x00000253b58c3aa2 sp=0x000000e8faff3358 mode 2
Event: 13.553 Thread 0x000002540916b290 Uncommon trap: trap_request=0xffffff45 fr.pc=0x00000253b5f26eec relative=0x000000000000014c
Event: 13.553 Thread 0x000002540916b290 Uncommon trap: reason=unstable_if action=reinterpret pc=0x00000253b5f26eec method=org.lombokweb.asm.ByteVector.putByteArray([BII)Lorg/lombokweb/asm/ByteVector; @ 20 c2
Event: 13.553 Thread 0x000002540916b290 DEOPT PACKING pc=0x00000253b5f26eec sp=0x000000e8faff2a70
Event: 13.553 Thread 0x000002540916b290 DEOPT UNPACKING pc=0x00000253b58c3aa2 sp=0x000000e8faff2a40 mode 2
Event: 13.553 Thread 0x000002540916b290 Uncommon trap: trap_request=0xffffff45 fr.pc=0x00000253b5f261a4 relative=0x0000000000000364
Event: 13.553 Thread 0x000002540916b290 Uncommon trap: reason=unstable_if action=reinterpret pc=0x00000253b5f261a4 method=org.lombokweb.asm.Label.resolve([BLorg/lombokweb/asm/ByteVector;I)Z @ 81 c2
Event: 13.553 Thread 0x000002540916b290 DEOPT PACKING pc=0x00000253b5f261a4 sp=0x000000e8faff2b00
Event: 13.553 Thread 0x000002540916b290 DEOPT UNPACKING pc=0x00000253b58c3aa2 sp=0x000000e8faff2a08 mode 2
Event: 13.554 Thread 0x000002540916b290 Uncommon trap: trap_request=0xffffff45 fr.pc=0x00000253b5f2694c relative=0x000000000000022c
Event: 13.554 Thread 0x000002540916b290 Uncommon trap: reason=unstable_if action=reinterpret pc=0x00000253b5f2694c method=org.lombokweb.asm.Label.resolve([BLorg/lombokweb/asm/ByteVector;I)Z @ 81 c2
Event: 13.554 Thread 0x000002540916b290 DEOPT PACKING pc=0x00000253b5f2694c sp=0x000000e8faff2a70
Event: 13.554 Thread 0x000002540916b290 DEOPT UNPACKING pc=0x00000253b58c3aa2 sp=0x000000e8faff2a00 mode 2

Classes loaded (20 events):
Event: 12.506 Loading class java/io/StringReader
Event: 12.506 Loading class java/io/StringReader done
Event: 12.525 Loading class java/util/zip/GZIPInputStream
Event: 12.526 Loading class java/util/zip/GZIPInputStream done
Event: 12.535 Loading class java/net/SocketTimeoutException
Event: 12.535 Loading class java/io/InterruptedIOException
Event: 12.535 Loading class java/io/InterruptedIOException done
Event: 12.535 Loading class java/net/SocketTimeoutException done
Event: 12.535 Loading class java/net/SocketException
Event: 12.535 Loading class java/net/SocketException done
Event: 12.535 Loading class java/net/UnknownHostException
Event: 12.536 Loading class java/net/UnknownHostException done
Event: 12.536 Loading class java/net/ProtocolException
Event: 12.536 Loading class java/net/ProtocolException done
Event: 12.588 Loading class java/lang/ThreadLocal$SuppliedThreadLocal
Event: 12.588 Loading class java/lang/ThreadLocal$SuppliedThreadLocal done
Event: 12.613 Loading class java/io/FileWriter
Event: 12.613 Loading class java/io/FileWriter done
Event: 12.861 Loading class java/lang/NegativeArraySizeException
Event: 12.861 Loading class java/lang/NegativeArraySizeException done

Classes unloaded (0 events):
No events

Classes redefined (0 events):
No events

Internal exceptions (20 events):
Event: 12.241 Thread 0x000002540916b290 Exception <a 'java/lang/NoSuchMethodError'{0x00000000d5f49518}: 'java.lang.Object java.lang.invoke.DirectMethodHandle$Holder.invokeSpecial(java.lang.Object, java.lang.Object, java.lang.Object, int, java.lang.Object, java.lang.Object)'> (0x00000000d5f49518) 
thrown [s\src\hotspot\share\interpreter\linkResolver.cpp, line 773]
Event: 12.243 Thread 0x000002540916b290 Exception <a 'java/lang/NoSuchMethodError'{0x00000000d5f50ff0}: 'java.lang.Object java.lang.invoke.DirectMethodHandle$Holder.newInvokeSpecial(java.lang.Object, java.lang.Object, java.lang.Object, int, java.lang.Object)'> (0x00000000d5f50ff0) 
thrown [s\src\hotspot\share\interpreter\linkResolver.cpp, line 773]
Event: 12.246 Thread 0x000002540916b290 Exception <a 'java/lang/NoSuchMethodError'{0x00000000d5f54f70}: 'java.lang.Object java.lang.invoke.DirectMethodHandle$Holder.invokeSpecial(java.lang.Object, java.lang.Object, java.lang.Object, java.lang.Object, int, java.lang.Object)'> (0x00000000d5f54f70) 
thrown [s\src\hotspot\share\interpreter\linkResolver.cpp, line 773]
Event: 12.247 Thread 0x000002540916b290 Exception <a 'java/lang/NoSuchMethodError'{0x00000000d5f58ab0}: 'java.lang.Object java.lang.invoke.Invokers$Holder.linkToTargetMethod(java.lang.Object, java.lang.Object, int, java.lang.Object, java.lang.Object)'> (0x00000000d5f58ab0) 
thrown [s\src\hotspot\share\interpreter\linkResolver.cpp, line 773]
Event: 12.249 Thread 0x00000254092fa100 Exception <a 'java/lang/NoSuchMethodError'{0x00000000d5e7bae8}: 'java.lang.Object java.lang.invoke.DirectMethodHandle$Holder.invokeSpecial(java.lang.Object, java.lang.Object, int, java.lang.Object, java.lang.Object)'> (0x00000000d5e7bae8) 
thrown [s\src\hotspot\share\interpreter\linkResolver.cpp, line 773]
Event: 12.251 Thread 0x00000254092fa100 Exception <a 'java/lang/NoSuchMethodError'{0x00000000d5e82820}: 'java.lang.Object java.lang.invoke.DirectMethodHandle$Holder.newInvokeSpecial(java.lang.Object, java.lang.Object, int, java.lang.Object)'> (0x00000000d5e82820) 
thrown [s\src\hotspot\share\interpreter\linkResolver.cpp, line 773]
Event: 12.252 Thread 0x00000254092fa100 Exception <a 'java/lang/NoSuchMethodError'{0x00000000d5e86100}: 'java.lang.Object java.lang.invoke.DirectMethodHandle$Holder.invokeSpecial(java.lang.Object, java.lang.Object, java.lang.Object, int, java.lang.Object)'> (0x00000000d5e86100) 
thrown [s\src\hotspot\share\interpreter\linkResolver.cpp, line 773]
Event: 12.333 Thread 0x000002540916b290 Exception <a 'java/lang/NoSuchMethodError'{0x00000000d60a3de0}: 'void java.lang.invoke.DirectMethodHandle$Holder.invokeSpecial(java.lang.Object, java.lang.Object, java.lang.Object, java.lang.Object, java.lang.Object)'> (0x00000000d60a3de0) 
thrown [s\src\hotspot\share\interpreter\linkResolver.cpp, line 773]
Event: 12.445 Thread 0x000002540916b290 Exception <a 'java/lang/NoSuchMethodError'{0x00000000d62b84e8}: 'double java.lang.invoke.DirectMethodHandle$Holder.invokeStatic(java.lang.Object, java.lang.Object)'> (0x00000000d62b84e8) 
thrown [s\src\hotspot\share\interpreter\linkResolver.cpp, line 773]
Event: 12.446 Thread 0x000002540916b290 Exception <a 'java/lang/NoSuchMethodError'{0x00000000d62bbba8}: 'double java.lang.invoke.DirectMethodHandle$Holder.invokeStaticInit(java.lang.Object, java.lang.Object)'> (0x00000000d62bbba8) 
thrown [s\src\hotspot\share\interpreter\linkResolver.cpp, line 773]
Event: 12.872 Thread 0x000002540916b290 Exception <a 'java/io/FileNotFoundException'{0x00000000d59b69a0}> (0x00000000d59b69a0) 
thrown [s\src\hotspot\share\prims\jni.cpp, line 520]
Event: 12.873 Thread 0x000002540916b290 Exception <a 'java/io/FileNotFoundException'{0x00000000d59b7808}> (0x00000000d59b7808) 
thrown [s\src\hotspot\share\prims\jni.cpp, line 520]
Event: 12.889 Thread 0x000002540916b290 Exception <a 'java/io/FileNotFoundException'{0x00000000d59b8770}> (0x00000000d59b8770) 
thrown [s\src\hotspot\share\prims\jni.cpp, line 520]
Event: 13.360 Thread 0x000002540916b290 Exception <a 'java/lang/NoSuchMethodError'{0x00000000d6301da8}: 'int java.lang.invoke.DirectMethodHandle$Holder.invokeStaticInit(java.lang.Object, java.lang.Object, java.lang.Object)'> (0x00000000d6301da8) 
thrown [s\src\hotspot\share\interpreter\linkResolver.cpp, line 773]
Event: 13.553 Thread 0x000002540916b290 Implicit null exception at 0x00000253b5f26df5 to 0x00000253b5f26ed0
Event: 13.961 Thread 0x000002540916b290 Exception <a 'java/io/FileNotFoundException'{0x00000000d55ac720}> (0x00000000d55ac720) 
thrown [s\src\hotspot\share\prims\jni.cpp, line 520]
Event: 13.965 Thread 0x000002540916b290 Exception <a 'java/lang/NoSuchMethodError'{0x00000000d55b3fb8}: 'java.lang.Object java.lang.invoke.DirectMethodHandle$Holder.newInvokeSpecial(java.lang.Object, int, java.lang.Object, java.lang.Object)'> (0x00000000d55b3fb8) 
thrown [s\src\hotspot\share\interpreter\linkResolver.cpp, line 773]
Event: 14.074 Thread 0x000002540916b290 Exception <a 'java/io/FileNotFoundException'{0x00000000d616a220}> (0x00000000d616a220) 
thrown [s\src\hotspot\share\prims\jni.cpp, line 520]
Event: 14.093 Thread 0x000002540916b290 Exception <a 'java/io/FileNotFoundException'{0x00000000d616b250}> (0x00000000d616b250) 
thrown [s\src\hotspot\share\prims\jni.cpp, line 520]
Event: 14.107 Thread 0x000002540916b290 Exception <a 'java/io/FileNotFoundException'{0x00000000d61792a0}> (0x00000000d61792a0) 
thrown [s\src\hotspot\share\prims\jni.cpp, line 520]

ZGC Phase Switch (0 events):
No events

VM Operations (20 events):
Event: 10.377 Executing safepoint VM operation: Cleanup
Event: 10.377 Executing safepoint VM operation: Cleanup done
Event: 10.433 Executing non-safepoint VM operation: HandshakeAllThreads (Deoptimize)
Event: 10.433 Executing non-safepoint VM operation: HandshakeAllThreads (Deoptimize) done
Event: 11.122 Executing safepoint VM operation: ParallelGCFailedAllocation (Allocation Failure)
Event: 11.131 Executing safepoint VM operation: ParallelGCFailedAllocation (Allocation Failure) done
Event: 11.679 Executing non-safepoint VM operation: HandshakeAllThreads (Deoptimize)
Event: 11.679 Executing non-safepoint VM operation: HandshakeAllThreads (Deoptimize) done
Event: 11.689 Executing non-safepoint VM operation: HandshakeAllThreads (Deoptimize)
Event: 11.689 Executing non-safepoint VM operation: HandshakeAllThreads (Deoptimize) done
Event: 11.718 Executing non-safepoint VM operation: HandshakeAllThreads (Deoptimize)
Event: 11.718 Executing non-safepoint VM operation: HandshakeAllThreads (Deoptimize) done
Event: 12.728 Executing safepoint VM operation: Cleanup
Event: 12.735 Executing safepoint VM operation: Cleanup done
Event: 12.817 Executing safepoint VM operation: ParallelGCFailedAllocation (Allocation Failure)
Event: 12.823 Executing safepoint VM operation: ParallelGCFailedAllocation (Allocation Failure) done
Event: 13.824 Executing safepoint VM operation: Cleanup
Event: 13.824 Executing safepoint VM operation: Cleanup done
Event: 13.942 Executing safepoint VM operation: ParallelGCFailedAllocation (Allocation Failure)
Event: 13.951 Executing safepoint VM operation: ParallelGCFailedAllocation (Allocation Failure) done

Memory protections (0 events):
No events

Nmethod flushes (0 events):
No events

Events (20 events):
Event: 3.563 Thread 0x00000254042d1fa0 Thread added: 0x00000254090a1970
Event: 3.733 Thread 0x00000254090a1970 Thread exited: 0x00000254090a1970
Event: 5.374 Thread 0x00000254042d1fa0 Thread exited: 0x00000254042d1fa0
Event: 6.174 Thread 0x00000253ab1fe870 Thread added: 0x0000025409131990
Event: 6.231 Thread 0x00000253ab1fe870 Thread added: 0x0000025409153440
Event: 6.865 Thread 0x00000253ab13d2b0 Thread added: 0x0000025409651900
Event: 7.143 Thread 0x0000025409153440 Thread exited: 0x0000025409153440
Event: 7.143 Thread 0x0000025409131990 Thread exited: 0x0000025409131990
Event: 8.301 Thread 0x00000253ab1eef60 Thread added: 0x0000025409715000
Event: 8.309 Thread 0x00000253ab13d2b0 Thread added: 0x00000254097156b0
Event: 8.323 Thread 0x00000253ab13d2b0 Thread added: 0x000002540916b290
Event: 8.407 Thread 0x0000025409715000 Thread exited: 0x0000025409715000
Event: 9.300 Thread 0x000002540916b290 Thread added: 0x00000254042230d0
Event: 9.713 Thread 0x00000253ab1fe870 Thread added: 0x0000025409046d70
Event: 9.714 Thread 0x00000253ab1fe870 Thread added: 0x00000254040df290
Event: 10.045 Thread 0x00000254040df290 Thread exited: 0x00000254040df290
Event: 10.074 Thread 0x0000025409046d70 Thread exited: 0x0000025409046d70
Event: 10.571 Thread 0x000002540916b290 Thread added: 0x00000254041cbf00
Event: 12.136 Thread 0x000002540916b290 Thread added: 0x00000254092fa100
Event: 12.251 Thread 0x000002540916b290 Thread added: 0x00000254096d64f0


Dynamic libraries:
0x00007ff694840000 - 0x00007ff69484e000 	c:\Users\Lenovo\.antigravity\extensions\redhat.java-1.54.0-win32-x64\jre\21.0.10-win32-x86_64\bin\java.exe
0x00007ffcf45a0000 - 0x00007ffcf4807000 	C:\WINDOWS\SYSTEM32\ntdll.dll
0x00007ffcf2d50000 - 0x00007ffcf2e19000 	C:\WINDOWS\System32\KERNEL32.DLL
0x00007ffcf1da0000 - 0x00007ffcf2197000 	C:\WINDOWS\System32\KERNELBASE.dll
0x00007ffcf1ae0000 - 0x00007ffcf1c2b000 	C:\WINDOWS\System32\ucrtbase.dll
0x00007ffcaace0000 - 0x00007ffcaacf8000 	c:\Users\Lenovo\.antigravity\extensions\redhat.java-1.54.0-win32-x64\jre\21.0.10-win32-x86_64\bin\jli.dll
0x00007ffcf3b50000 - 0x00007ffcf3d16000 	C:\WINDOWS\System32\USER32.dll
0x00007ffcf1060000 - 0x00007ffcf1087000 	C:\WINDOWS\System32\win32u.dll
0x00007ffcf3140000 - 0x00007ffcf316b000 	C:\WINDOWS\System32\GDI32.dll
0x00007ffcf1090000 - 0x00007ffcf11bc000 	C:\WINDOWS\System32\gdi32full.dll
0x00007ffcf1a30000 - 0x00007ffcf1ad3000 	C:\WINDOWS\System32\msvcp_win.dll
0x00007ffcacbe0000 - 0x00007ffcacbfe000 	c:\Users\Lenovo\.antigravity\extensions\redhat.java-1.54.0-win32-x64\jre\21.0.10-win32-x86_64\bin\VCRUNTIME140.dll
0x00007ffcdc930000 - 0x00007ffcdcbc2000 	C:\WINDOWS\WinSxS\amd64_microsoft.windows.common-controls_6595b64144ccf1df_6.0.26100.8457_none_3e0b2faee331e92d\COMCTL32.dll
0x00007ffcf2e20000 - 0x00007ffcf2ec9000 	C:\WINDOWS\System32\msvcrt.dll
0x00007ffcf3170000 - 0x00007ffcf31a2000 	C:\WINDOWS\System32\IMM32.DLL
0x00007ffce7f70000 - 0x00007ffce7f7c000 	c:\Users\Lenovo\.antigravity\extensions\redhat.java-1.54.0-win32-x64\jre\21.0.10-win32-x86_64\bin\vcruntime140_1.dll
0x00007ffc4a220000 - 0x00007ffc4a2ad000 	c:\Users\Lenovo\.antigravity\extensions\redhat.java-1.54.0-win32-x64\jre\21.0.10-win32-x86_64\bin\msvcp140.dll
0x00007ffc08230000 - 0x00007ffc08fd1000 	c:\Users\Lenovo\.antigravity\extensions\redhat.java-1.54.0-win32-x64\jre\21.0.10-win32-x86_64\bin\server\jvm.dll
0x00007ffcf2a30000 - 0x00007ffcf2ae6000 	C:\WINDOWS\System32\ADVAPI32.dll
0x00007ffcf3d30000 - 0x00007ffcf3dd7000 	C:\WINDOWS\System32\sechost.dll
0x00007ffcf3a30000 - 0x00007ffcf3b48000 	C:\WINDOWS\System32\RPCRT4.dll
0x00007ffcf2ed0000 - 0x00007ffcf2f50000 	C:\WINDOWS\System32\WS2_32.dll
0x00007ffcf0e30000 - 0x00007ffcf0e8e000 	C:\WINDOWS\SYSTEM32\POWRPROF.dll
0x00007ffce9280000 - 0x00007ffce92b6000 	C:\WINDOWS\SYSTEM32\WINMM.dll
0x00007ffce98d0000 - 0x00007ffce98db000 	C:\WINDOWS\SYSTEM32\VERSION.dll
0x00007ffcf0e10000 - 0x00007ffcf0e24000 	C:\WINDOWS\SYSTEM32\UMPDC.dll
0x00007ffcefd20000 - 0x00007ffcefd3b000 	C:\WINDOWS\SYSTEM32\kernel.appcore.dll
0x00007ffcddfe0000 - 0x00007ffcddfea000 	c:\Users\Lenovo\.antigravity\extensions\redhat.java-1.54.0-win32-x64\jre\21.0.10-win32-x86_64\bin\jimage.dll
0x00007ffcef000000 - 0x00007ffcef242000 	C:\WINDOWS\SYSTEM32\DBGHELP.DLL
0x00007ffcf23f0000 - 0x00007ffcf2773000 	C:\WINDOWS\System32\combase.dll
0x00007ffcf2810000 - 0x00007ffcf28e9000 	C:\WINDOWS\System32\OLEAUT32.dll
0x00007ffce1350000 - 0x00007ffce138b000 	C:\WINDOWS\SYSTEM32\dbgcore.DLL
0x00007ffcf1cf0000 - 0x00007ffcf1d98000 	C:\WINDOWS\System32\bcryptPrimitives.dll
0x00007ffcdd550000 - 0x00007ffcdd55f000 	c:\Users\Lenovo\.antigravity\extensions\redhat.java-1.54.0-win32-x64\jre\21.0.10-win32-x86_64\bin\instrument.dll
0x00007ffc8c240000 - 0x00007ffc8c260000 	c:\Users\Lenovo\.antigravity\extensions\redhat.java-1.54.0-win32-x64\jre\21.0.10-win32-x86_64\bin\java.dll
0x00007ffcf32b0000 - 0x00007ffcf3a1e000 	C:\WINDOWS\System32\SHELL32.dll
0x00007ffcf11c0000 - 0x00007ffcf1a2c000 	C:\WINDOWS\System32\windows.storage.dll
0x00007ffcf31b0000 - 0x00007ffcf32a6000 	C:\WINDOWS\System32\SHCORE.dll
0x00007ffcf2c90000 - 0x00007ffcf2cf6000 	C:\WINDOWS\System32\shlwapi.dll
0x00007ffcf0ef0000 - 0x00007ffcf0f19000 	C:\WINDOWS\SYSTEM32\profapi.dll
0x00007ffc7d1b0000 - 0x00007ffc7d1c8000 	c:\Users\Lenovo\.antigravity\extensions\redhat.java-1.54.0-win32-x64\jre\21.0.10-win32-x86_64\bin\zip.dll
0x00007ffcdb9e0000 - 0x00007ffcdb9f0000 	C:\Users\Lenovo\.antigravity\extensions\redhat.java-1.54.0-win32-x64\jre\21.0.10-win32-x86_64\bin\net.dll
0x00007ffce8990000 - 0x00007ffce8ab9000 	C:\WINDOWS\SYSTEM32\WINHTTP.dll
0x00007ffcf0270000 - 0x00007ffcf02dc000 	C:\WINDOWS\system32\mswsock.dll
0x00007ffc6f900000 - 0x00007ffc6f916000 	C:\Users\Lenovo\.antigravity\extensions\redhat.java-1.54.0-win32-x64\jre\21.0.10-win32-x86_64\bin\nio.dll
0x00007ffcdb570000 - 0x00007ffcdb580000 	c:\Users\Lenovo\.antigravity\extensions\redhat.java-1.54.0-win32-x64\jre\21.0.10-win32-x86_64\bin\verify.dll
0x00007ffc4aaf0000 - 0x00007ffc4ab35000 	C:\Users\Lenovo\AppData\Roaming\Antigravity\User\globalStorage\redhat.java\1.54.0\config_ss_win\org.eclipse.equinox.launcher\org.eclipse.equinox.launcher.win32.win32.x86_64_1.3.0.v20260203-2149\eclipse_11919.dll
0x00007ffcf2af0000 - 0x00007ffcf2c87000 	C:\WINDOWS\System32\ole32.dll
0x00007ffcd4d50000 - 0x00007ffcd4d5a000 	C:\Users\Lenovo\.antigravity\extensions\redhat.java-1.54.0-win32-x64\jre\21.0.10-win32-x86_64\bin\management.dll
0x00007ffcc4b70000 - 0x00007ffcc4b7c000 	C:\Users\Lenovo\.antigravity\extensions\redhat.java-1.54.0-win32-x64\jre\21.0.10-win32-x86_64\bin\management_ext.dll
0x00007ffcf2a20000 - 0x00007ffcf2a28000 	C:\WINDOWS\System32\PSAPI.DLL

JVMTI agents:
c:\Users\Lenovo\.antigravity\extensions\redhat.java-1.54.0-win32-x64\lombok\lombok-1.18.39-4050.jar path:c:\Users\Lenovo\.antigravity\extensions\redhat.java-1.54.0-win32-x64\jre\21.0.10-win32-x86_64\bin\instrument.dll, loaded, initialized, instrumentlib options:none

dbghelp: loaded successfully - version: 4.0.5 - missing functions: none
symbol engine: initialized successfully - sym options: 0x614 - pdb path: .;c:\Users\Lenovo\.antigravity\extensions\redhat.java-1.54.0-win32-x64\jre\21.0.10-win32-x86_64\bin;C:\WINDOWS\SYSTEM32;C:\WINDOWS\WinSxS\amd64_microsoft.windows.common-controls_6595b64144ccf1df_6.0.26100.8457_none_3e0b2faee331e92d;c:\Users\Lenovo\.antigravity\extensions\redhat.java-1.54.0-win32-x64\jre\21.0.10-win32-x86_64\bin\server;C:\Users\Lenovo\AppData\Roaming\Antigravity\User\globalStorage\redhat.java\1.54.0\config_ss_win\org.eclipse.equinox.launcher\org.eclipse.equinox.launcher.win32.win32.x86_64_1.3.0.v20260203-2149

VM Arguments:
jvm_args: --add-modules=ALL-SYSTEM --add-opens=java.base/java.util=ALL-UNNAMED --add-opens=java.base/java.lang=ALL-UNNAMED --add-opens=java.base/sun.nio.fs=ALL-UNNAMED -Declipse.application=org.eclipse.jdt.ls.core.id1 -Dosgi.bundles.defaultStartLevel=4 -Declipse.product=org.eclipse.jdt.ls.core.product -Djava.import.generatesMetadataFilesAtProjectRoot=false -DDetectVMInstallationsJob.disabled=true -Dfile.encoding=utf8 -XX:+UseParallelGC -XX:GCTimeRatio=4 -XX:AdaptiveSizePolicyWeight=90 -Dsun.zip.disableMemoryMapping=true -Xmx2G -Xms100m -Xlog:disable -javaagent:c:\Users\Lenovo\.antigravity\extensions\redhat.java-1.54.0-win32-x64\lombok\lombok-1.18.39-4050.jar 
java_command: c:\Users\Lenovo\.antigravity\extensions\redhat.java-1.54.0-win32-x64\server\plugins\org.eclipse.equinox.launcher_1.7.100.v20251111-0406.jar -configuration c:\Users\Lenovo\AppData\Roaming\Antigravity\User\globalStorage\redhat.java\1.54.0\config_ss_win -data c:\Users\Lenovo\AppData\Roaming\Antigravity\User\workspaceStorage\9a1e82f97720862a29f2ec23e4934ce5\redhat.java\ss_ws --pipe=\\.\pipe\lsp-4217592dbfa0e8f544891fa5c37905f3-sock
java_class_path (initial): c:\Users\Lenovo\.antigravity\extensions\redhat.java-1.54.0-win32-x64\server\plugins\org.eclipse.equinox.launcher_1.7.100.v20251111-0406.jar
Launcher Type: SUN_STANDARD

[Global flags]
    uintx AdaptiveSizePolicyWeight                 = 90                                        {product} {command line}
     intx CICompilerCount                          = 4                                         {product} {ergonomic}
    uintx GCTimeRatio                              = 4                                         {product} {command line}
   size_t InitialHeapSize                          = 104857600                                 {product} {command line}
   size_t MaxHeapSize                              = 2147483648                                {product} {command line}
   size_t MaxNewSize                               = 715653120                                 {product} {ergonomic}
   size_t MinHeapDeltaBytes                        = 524288                                    {product} {ergonomic}
   size_t MinHeapSize                              = 104857600                                 {product} {command line}
   size_t NewSize                                  = 34603008                                  {product} {ergonomic}
    uintx NonNMethodCodeHeapSize                   = 5839372                                {pd product} {ergonomic}
    uintx NonProfiledCodeHeapSize                  = 122909434                              {pd product} {ergonomic}
   size_t OldSize                                  = 70254592                                  {product} {ergonomic}
    uintx ProfiledCodeHeapSize                     = 122909434                              {pd product} {ergonomic}
    uintx ReservedCodeCacheSize                    = 251658240                              {pd product} {ergonomic}
     bool SegmentedCodeCache                       = true                                      {product} {ergonomic}
   size_t SoftMaxHeapSize                          = 2147483648                             {manageable} {ergonomic}
     bool UseCompressedOops                        = true                           {product lp64_product} {ergonomic}
     bool UseLargePagesIndividualAllocation        = false                                  {pd product} {ergonomic}
     bool UseParallelGC                            = true                                      {product} {command line}

Logging:
Log output configuration:
 #0: stdout all=off uptime,level,tags foldmultilines=false
 #1: stderr all=off uptime,level,tags foldmultilines=false

Release file:
JAVA_VERSION="21.0.10" 
MODULES="java.base java.compiler java.datatransfer java.xml java.prefs java.desktop java.instrument java.logging java.management java.security.sasl java.naming java.rmi java.management.rmi java.net.http java.scripting java.security.jgss java.transaction.xa java.sql java.sql.rowset java.xml.crypto java.se java.smartcardio jdk.accessibility jdk.internal.jvmstat jdk.attach jdk.charsets jdk.internal.opt jdk.zipfs jdk.compiler jdk.crypto.ec jdk.crypto.cryptoki jdk.crypto.mscapi jdk.dynalink jdk.internal.ed jdk.editpad jdk.hotspot.agent jdk.httpserver jdk.internal.le jdk.internal.vm.ci jdk.internal.vm.compiler jdk.internal.vm.compiler.management jdk.jartool jdk.javadoc jdk.jcmd jdk.management jdk.management.agent jdk.jconsole jdk.jdeps jdk.jdwp.agent jdk.jdi jdk.jfr jdk.jshell jdk.jsobject jdk.jstatd jdk.localedata jdk.management.jfr jdk.naming.dns jdk.naming.rmi jdk.net jdk.nio.mapmode jdk.random jdk.sctp jdk.security.auth jdk.security.jgss jdk.unsupported jdk.unsupported.desktop jdk.xml.dom" 

Environment Variables:
JAVA_HOME=C:\Program Files\Java\jdk-16.0.2\bin
PATH=C:\Program Files\Common Files\Oracle\Java\javapath;D:\Oracle\DevSuiteHome_1\jdk\jre\bin\classic;D:\Oracle\DevSuiteHome_1\jdk\jre\bin;D:\Oracle\DevSuiteHome_1\jdk\jre\bin\client;D:\Oracle\DevSuiteHome_1\jlib;D:\Oracle\DevSuiteHome_1\bin;D:\Oracle\DevSuiteHome_1\jre\1.4.2\bin\client;D:\Oracle\DevSuiteHome_1\jre\1.4.2\bin;C:\app\client\Lenovo\product\12.1.0\client_1;C:\app\client\Lenovo\product\12.1.0\client_1\bin;C:\WINDOWS\system32;C:\WINDOWS;C:\WINDOWS\System32\Wbem;C:\WINDOWS\System32\WindowsPowerShell\v1.0\;C:\WINDOWS\System32\OpenSSH\;C:\Program Files (x86)\Microsoft SQL Server\130\DTS\Binn\;C:\Program Files\Microsoft SQL Server\130\DTS\Binn\;C:\Program Files (x86)\Microsoft SQL Server\130\Tools\Binn\;C:\Program Files\Microsoft SQL Server\130\Tools\Binn\;C:\Program Files (x86)\Microsoft SQL Server\160\DTS\Binn\;C:\Program Files\dotnet\;C:\Program Files\Microsoft SQL Server\150\Tools\Binn\;C:\Program Files\Microsoft SQL Server\Client SDK\ODBC\170\Tools\Binn\;C:\Program Files\Microsoft SQL Server\Client SDK\ODBC\130\Tools\Binn\;C:\Program Files\Java\jdk-16.0.2\bin;C:\Program Files (x86)\Windows Kits\10\Windows Performance Toolkit\;C:\Program Files\Docker\Docker\resources\bin;C:\Program Files\Git\cmd;D:\Program Files\cursor\resources\app\bin;C:\Program Files\Microsoft SQL Server\170\Tools\Binn\;C:\Program Files\Pandoc\;D:\Program Files\nodejs\;C:\php;C:\ProgramData\ComposerSetup\bin;C:\Users\Lenovo\AppData\Local\Microsoft\WindowsApps;C:\Program Files\Azure Data Studio\bin;C:\Users\Lenovo\.dotnet\tools;C:\Users\Lenovo\go\bin;D:\Programs\Microsoft VS Code\bin;C:\Users\Lenovo\AppData\Local\Programs\Antigravity\bin;C:\Users\Lenovo\AppData\Local\Python\bin;D:\Users\Lenovo\AppData\Local\Programs\Windsurf\bin;D:\Users\Lenovo\AppData\Local\Programs\Kiro\bin;C:\Users\Lenovo\AppData\Roaming\npm;C:\Users\Lenovo\AppData\Local\GitHubDesktop\bin;C:\Users\Lenovo\AppData\Roaming\Composer\vendor\bin;D:\Users\Lenovo\AppData\Local\Programs\cursor\resources\app\bin
USERNAME=Lenovo
OS=Windows_NT
PROCESSOR_IDENTIFIER=AMD64 Family 23 Model 104 Stepping 1, AuthenticAMD
TMP=C:\Users\Lenovo\AppData\Local\Temp
TEMP=C:\Users\Lenovo\AppData\Local\Temp




Periodic native trim disabled

---------------  S Y S T E M  ---------------

OS:
 Windows 11 , 64 bit Build 26100 (10.0.26100.8328)
OS uptime: 8 days 21:49 hours
Hyper-V role detected

CPU: total 12 (initial active 12) (12 cores per cpu, 2 threads per core) family 23 model 104 stepping 1 microcode 0x8608103, cx8, cmov, fxsr, ht, mmx, 3dnowpref, sse, sse2, sse3, ssse3, sse4a, sse4.1, sse4.2, popcnt, lzcnt, tsc, tscinvbit, avx, avx2, aes, clmul, bmi1, bmi2, adx, sha, fma, vzeroupper, clflush, clflushopt, hv, rdtscp, rdpid, f16c
Processor Information for the first 12 processors :
  Max Mhz: 2100, Current Mhz: 1893, Mhz Limit: 2100

Memory: 4k page, system-wide physical 15178M (716M free)
TotalPageFile size 32321M (AvailPageFile size 5M)
current process WorkingSet (physical memory assigned to process): 131M, peak: 132M
current process commit charge ("private bytes"): 278M, peak: 279M

vm_info: OpenJDK 64-Bit Server VM (21.0.10+7-LTS) for windows-amd64 JRE (21.0.10+7-LTS), built on 2026-01-20T00:00:00Z by "admin" with MS VC++ 17.12 (VS2022)

END.
